******************************************************************************
                  TI ARM Linker PC v18.12.4                    
******************************************************************************
>> Linked Tue Apr  7 22:08:13 2020

OUTPUT FILE NAME:   <rfEasyLinkRx_CC1352P1_LAUNCHXL_tirtos_ccs.out>
ENTRY POINT SYMBOL: "ResetISR"  address: 000061d5


MEMORY CONFIGURATION

         name            origin    length      used     unused   attr    fill
----------------------  --------  ---------  --------  --------  ----  --------
  FLASH                 00000000   00058000  000092a4  0004ed5c  R  X
  GPRAM                 11000000   00002000  00000000  00002000  RW X
  SRAM                  20000000   00014000  000119a0  00002660  RW X


SEGMENT ALLOCATION MAP

run origin  load origin   length   init length attrs members
----------  ----------- ---------- ----------- ----- -------
00000000    00000000    00009250   00009250    r-x
  00000000    00000000    0000003c   0000003c    r-- .resetVecs
  0000003c    0000003c    0000802c   0000802c    r-x .text
  00008068    00008068    00000ed4   00000ed4    r-- .const
  00008f40    00008f40    00000310   00000310    r-- .cinit
00057fa8    00057fa8    00000058   00000058    r--
  00057fa8    00057fa8    00000058   00000058    r-- .ccfg
20000100    20000100    0000000c   00000000    rw-
  20000100    20000100    00000004   00000000    rw- .data:xdcRomConstPtr
  20000104    20000104    00000004   00000000    rw- .data:xdcRomExternFuncPtr
  20000108    20000108    00000004   00000000    rw- .data:xdcRomStatePtr
20000110    20000110    00010000   00000000    r--
  20000110    20000110    00010000   00000000    r-- .priheap
20010110    20010110    000014c2   00000000    rw-
  20010110    20010110    00000db2   00000000    rw- .bss
  20010ec8    20010ec8    0000070a   00000000    rw- .data
20013c00    20013c00    00000400   00000000    rw-
  20013c00    20013c00    00000400   00000000    rw- .stack


SECTION ALLOCATION MAP

 output                                  attributes/
section   page    origin      length       input sections
--------  ----  ----------  ----------   ----------------
.binit     0    00000000    00000000     

.cinit     0    00008f40    00000310     
                  00008f40    000002b9     (.cinit..data.load) [load image, compression = lzss]
                  000091f9    00000003     --HOLE-- [fill = 0]
                  000091fc    0000000c     (__TI_handler_table)
                  00009208    00000008     (.cinit..bss.load) [load image, compression = zero_init]
                  00009210    00000008     (.cinit..data:xdcRomConstPtr.load) [load image, compression = lzss]
                  00009218    00000008     (.cinit..data:xdcRomExternFuncPtr.load) [load image, compression = lzss]
                  00009220    00000008     (.cinit..data:xdcRomStatePtr.load) [load image, compression = lzss]
                  00009228    00000028     (__TI_cinit_table)

.init_array 
*          0    00000000    00000000     UNINITIALIZED

.ccfg      0    00057fa8    00000058     
                  00057fa8    00000058     ti_devices_config.obj (.ccfg:retain)

.bss       0    20010110    00000db2     UNINITIALIZED
                  20010110    00000470     rf_multiMode_cc13x2.aem4f : RFCC26X2_multiMode.c.cc13x2.ccs.o (.bss:$O1$$)
                  20010580    00000200     release_pem4f.oem4f (.bss:taskStackSection)
                  20010780    0000012c     (.common:uartCC26XXObjects)
                  200108ac    000000d8     (.common:ti_sysbios_family_arm_m3_Hwi_dispatchTable)
                  20010984    00000004     RFCombinded.obj (.bss)
                  20010988    000000a8     EasyLink.obj (.bss:rfObject)
                  20010a30    00000098     EasyLink.obj (.bss:rxBuffer)
                  20010ac8    00000098     EasyLink.obj (.bss:rxPacket$3)
                  20010b60    0000008c     EasyLink.obj (.bss:txBuffer)
                  20010bec    0000007c     (.common:pinHandleTable)
                  20010c68    00000034     drivers_cc13x2.aem4f : PINCC26XX.oem4f (.bss:pinSwi)
                  20010c9c    00000030     EasyLink.obj (.bss:EasyLink_cmdPropRadioSetup)
                  20010ccc    00000030     EasyLink.obj (.bss:EasyLink_cmdPropRxAdv)
                  20010cfc    00000020     EasyLink.obj (.bss:EasyLink_cmdPropTxAdv)
                  20010d1c    00000020     drivers_cc13x2.aem4f : PINCC26XX.oem4f (.bss:pinGpioConfigTable)
                  20010d3c    00000020     EasyLink.obj (.bss:rfParams)
                  20010d5c    00000020     ti_drivers_config.obj (.bss:uartCC26XXRingBuffer0)
                  20010d7c    0000001c     driverlib.lib : osc.obj (.bss:$O1$$)
                  20010d98    0000001c     EasyLink.obj (.bss:EasyLink_cmdPropCs)
                  20010db4    0000001c     drivers_cc13x2.aem4f : PINCC26XX.oem4f (.bss:pinHwi)
                  20010dd0    0000001c                          : PINCC26XX.oem4f (.bss:pinSemaphore)
                  20010dec    0000001c     EasyLink.obj (.bss:schParams_prop)
                  20010e08    00000018     EasyLink.obj (.bss)
                  20010e20    00000018     EasyLink.obj (.bss:EasyLink_cmdFs)
                  20010e38    00000014     rf_multiMode_cc13x2.aem4f : RFCC26X2_multiMode.c.cc13x2.ccs.o (.bss:RF_ratSyncCmd)
                  20010e4c    00000010     EasyLink.obj (.bss:EasyLink_RF_prop)
                  20010e5c    00000010     EasyLink.obj (.bss:EasyLink_params)
                  20010e6c    0000000c     ti_drivers_config.obj (.bss:frontendState)
                  20010e78    0000000c     EasyLink.obj (.bss:rxStatistics)
                  20010e84    0000000c     (.common:ledPinState)
                  20010e90    00000008     EasyLink.obj (.bss:dataQueue)
                  20010e98    00000004     drivers_cc13x2.aem4f : PINCC26XX.oem4f (.bss)
                  20010e9c    00000004     ti_drivers_config.obj (.bss)
                  20010ea0    00000004     (.common:ClockP_tickPeriod)
                  20010ea4    00000004     (.common:MQ_UartOUT_RfIN)
                  20010ea8    00000004     (.common:MQ_Uart_Sent)
                  20010eac    00000004     (.common:PowerCC26XX_swiKey)
                  20010eb0    00000004     (.common:PowerCC26XX_taskKey)
                  20010eb4    00000004     (.common:ledPinHandle)
                  20010eb8    00000004     (.common:pinHandle)
                  20010ebc    00000004     (.common:uart)
                  20010ec0    00000001     rf_multiMode_cc13x2.aem4f : RFCC26X2_multiMode.c.cc13x2.ccs.o (.bss)
                  20010ec1    00000001     (.common:driverlib_release_0_55938)

.data      0    20010ec8    0000070a     UNINITIALIZED
                  20010ec8    00000110     drivers_cc13x2.aem4f : PowerCC26X2.oem4f (.data:PowerCC26X2_module)
                  20010fd8    0000010c     release_pem4f.oem4f (.data:ROM_stateStruct)
                  200110e4    00000088     rom_sysbios.aem4f : rom_sysbios.obj (.data:$O1$$)
                  2001116c    00000082     ti_radio_config.obj (.data:txPowerTable)
                  200111ee    00000002     release_pem4f.oem4f (.data:ti_sysbios_family_arm_m3_Hwi_Module_State_0_excActive__A)
                  200111f0    00000054     release_pem4f.oem4f (.data:ti_sysbios_gates_GateMutex_Object__table__V)
                  20011244    0000004c     release_pem4f.oem4f (.data:ti_sysbios_knl_Task_Object__table__V)
                  20011290    00000048     release_pem4f.oem4f (.data:ti_sysbios_family_arm_cc26xx_Timer_Object__table__V)
                  200112d8    00000040     EasyLink.obj (.data:addrFilterTable)
                  20011318    00000030     ti_radio_config.obj (.data:RF_cmdPropRadioDivSetup)
                  20011348    00000030     ti_radio_config.obj (.data:RF_cmdPropRxAdv)
                  20011378    00000030     release_pem4f.oem4f (.data:ti_sysbios_knl_Swi_Module_State_0_readyQ__A)
                  200113a8    00000030     release_pem4f.oem4f (.data:ti_sysbios_knl_Swi_Object__table__V)
                  200113d8    00000030     release_pem4f.oem4f (.data:ti_sysbios_knl_Task_Module_State_0_readyQ__A)
                  20011408    00000024     ti_easylink_config.obj (.data:EasyLink_supportedPhys)
                  2001142c    00000020     release_pem4f.oem4f (.data:ti_sysbios_knl_Clock_Object__table__V)
                  2001144c    00000020     release_pem4f.oem4f (.data:xdc_runtime_Error_IgnoreBlock)
                  2001146c    0000001b     EasyLink.obj (.data)
                  20011487    00000001     drivers_cc13x2.aem4f : UART.oem4f (.data)
                  20011488    00000018     ti_radio_config.obj (.data:RF_cmdFs)
                  200114a0    00000018     ti_radio_config.obj (.data:RF_cmdPropTx)
                  200114b8    00000018     ti_radio_config.obj (.data:pOverrides)
                  200114d0    00000018     release_pem4f.oem4f (.data:ti_sysbios_family_arm_m3_Hwi_Object__table__V)
                  200114e8    00000018     release_pem4f.oem4f (.data:ti_sysbios_heaps_HeapMem_Object__table__V)
                  20011500    00000014     ti_radio_config.obj (.data:pOverridesTx20)
                  20011514    00000014     ti_radio_config.obj (.data:pOverridesTxStd)
                  20011528    00000010     ti_radio_config.obj (.data:RF_prop)
                  20011538    0000000c     main_tirtos.obj (.data:pinTable)
                  20011544    00000008     rtsv7M4_T_le_v4SPD16_eabi.lib : _lock.c.obj (.data:$O1$$)
                  2001154c    00000008     drivers_cc13x2.aem4f : PINCC26XX.oem4f (.data)
                  20011554    00000008     release_pem4f.oem4f (.data:ti_sysbios_family_arm_m3_Hwi_Module__root__V)
                  2001155c    00000008     release_pem4f.oem4f (.data:ti_sysbios_gates_GateHwi_Module__root__V)
                  20011564    00000008     release_pem4f.oem4f (.data:ti_sysbios_gates_GateMutex_Module__root__V)
                  2001156c    00000008     release_pem4f.oem4f (.data:ti_sysbios_hal_Hwi_Module__root__V)
                  20011574    00000008     release_pem4f.oem4f (.data:ti_sysbios_heaps_HeapMem_Module__root__V)
                  2001157c    00000008     release_pem4f.oem4f (.data:ti_sysbios_knl_Clock_Module__root__V)
                  20011584    00000008     release_pem4f.oem4f (.data:ti_sysbios_knl_Event_Module__root__V)
                  2001158c    00000008     release_pem4f.oem4f (.data:ti_sysbios_knl_Mailbox_Module__root__V)
                  20011594    00000008     release_pem4f.oem4f (.data:ti_sysbios_knl_Queue_Module__root__V)
                  2001159c    00000008     release_pem4f.oem4f (.data:ti_sysbios_knl_Semaphore_Module__root__V)
                  200115a4    00000008     release_pem4f.oem4f (.data:ti_sysbios_knl_Swi_Module__root__V)
                  200115ac    00000008     release_pem4f.oem4f (.data:ti_sysbios_knl_Task_Module__root__V)
                  200115b4    00000008     release_pem4f.oem4f (.data:xdc_runtime_System_Module_State_0_atexitHandlers__A)
                  200115bc    00000004     rtsv7M4_T_le_v4SPD16_eabi.lib : rand.c.obj (.data)
                  200115c0    00000004                                   : stkdepth_vars.c.obj (.data)
                  200115c4    00000004     release_pem4f.oem4f (.data:ti_sysbios_family_arm_m3_Hwi_Module_State_0_excContext__A)
                  200115c8    00000004     release_pem4f.oem4f (.data:ti_sysbios_family_arm_m3_Hwi_Module_State_0_excStack__A)
                  200115cc    00000004     release_pem4f.oem4f (.data:ti_sysbios_knl_Task_Module_State_0_idleTask__A)
                  200115d0    00000001     rf_multiMode_cc13x2.aem4f : rf_patch_cpe_multi_protocol.c.cc13x2.ccs.o (.data)
                  200115d1    00000001     ti_drivers_config.obj (.data)

.stack     0    20013c00    00000400     UNINITIALIZED
                  20013c00    00000400     --HOLE--

.priheap   0    20000110    00010000     UNINITIALIZED
                  20000110    00010000     --HOLE--

.data:xdcRomConstPtr 
*          0    20000100    00000004     UNINITIALIZED
                  20000100    00000004     release_pem4f.oem4f (.data:xdcRomConstPtr)

.data:xdcRomExternFuncPtr 
*          0    20000104    00000004     UNINITIALIZED
                  20000104    00000004     release_pem4f.oem4f (.data:xdcRomExternFuncPtr)

.data:xdcRomStatePtr 
*          0    20000108    00000004     UNINITIALIZED
                  20000108    00000004     release_pem4f.oem4f (.data:xdcRomStatePtr)

.bootVecs 
*          0    00000000    00000008     DSECT
                  00000000    00000008     boot.aem4f : boot.oem4f (.bootVecs)

.resetVecs 
*          0    00000000    0000003c     
                  00000000    0000003c     release_pem4f.oem4f (.resetVecs)

.vecs      0    20000000    000000d8     NOLOAD SECTION
                  20000000    000000d8     release_pem4f.oem4f (.vecs)

xdc.meta   0    00000000    00000130     COPY SECTION
                  00000000    00000130     release_pem4f.oem4f (xdc.meta)

xdc.noload 
*          0    00000000    00000000     COPY SECTION

.text      0    0000003c    0000802c     
                  0000003c    000006f0     EasyLink.obj (.text:EasyLink_init)
                  0000072c    0000049c     rf_multiMode_cc13x2.aem4f : RFCC26X2_multiMode.c.cc13x2.ccs.o (.text:RF_fsmActiveState)
                  00000bc8    000002b0     EasyLink.obj (.text:EasyLink_transmit)
                  00000e78    0000025c     rf_multiMode_cc13x2.aem4f : RFCC26X2_multiMode.c.cc13x2.ccs.o (.text:RF_open)
                  000010d4    00000240     EasyLink.obj (.text:EasyLink_receiveAsync)
                  00001314    00000204     rf_multiMode_cc13x2.aem4f : RFCC26X2_multiMode.c.cc13x2.ccs.o (.text:RF_scheduleCmd)
                  00001518    000001d0     EasyLink.obj (.text:rxDoneCallback)
                  000016e8    000001c4     drivers_cc13x2.aem4f : PINCC26XX.oem4f (.text:PIN_init)
                  000018ac    000001c0     RFCombinded.obj (.text:rfEasyLinkTxFnx)
                  00001a6c    000001b6     rtsv7M4_T_le_v4SPD16_eabi.lib : fd_add_t2.asm.obj (.text)
                  00001c22    00000002     rf_multiMode_cc13x2.aem4f : rfc.c.cc13x2.ccs.o (.text:NOROM_RFCCpePatchReset)
                  00001c24    000001a8     drivers_cc13x2.aem4f : PowerCC26X2.oem4f (.text:Power_sleep)
                  00001dcc    000001a4     rom_sysbios.aem4f : rom_sysbios.obj (.text:mq_open)
                  00001f70    00000190     rf_multiMode_cc13x2.aem4f : RFCC26X2_multiMode.c.cc13x2.ccs.o (.text:RF_dispatchNextCmd)
                  00002100    00000190     drivers_cc13x2.aem4f : PowerCC26X2_calibrateRCOSC.oem4f (.text:calibrateRcoscHf1)
                  00002290    00000190     ti_drivers_config.obj (.text:rfDriverCallback)
                  00002420    0000018c     drivers_cc13x2.aem4f : PowerCC26X2.oem4f (.text:Power_init)
                  000025ac    0000018c                          : PowerCC26X2_calibrateRCOSC.oem4f (.text:runCalibrateFsm)
                  00002738    00000188     release_pem4f.oem4f (.text:xdc_runtime_System_printfExtend__I)
                  000028c0    00000164     drivers_cc13x2.aem4f : UARTCC26XX.oem4f (.text:UARTCC26XX_open)
                  00002a24    00000154     rf_multiMode_cc13x2.aem4f : RFCC26X2_multiMode.c.cc13x2.ccs.o (.text:RF_initRadioSetup)
                  00002b78    00000154     drivers_cc13x2.aem4f : UARTCC26XX.oem4f (.text:UARTCC26XX_hwiIntFxn)
                  00002ccc    00000148     rf_multiMode_cc13x2.aem4f : RFCC26X2_multiMode.c.cc13x2.ccs.o (.text:RF_fsmSetupState)
                  00002e14    00000140                               : RFCC26X2_multiMode.c.cc13x2.ccs.o (.text:RF_close)
                  00002f54    0000013c     main_tirtos.obj (.text:main)
                  00003090    0000013a     drivers_cc13x2.aem4f : UARTCC26XX.oem4f (.text:UARTCC26XX_read)
                  000031ca    00000002     rf_multiMode_cc13x2.aem4f : RFCC26X2_multiMode.c.cc13x2.ccs.o (.text:RF_defaultCallback)
                  000031cc    00000134                               : RFCC26X2_multiMode.c.cc13x2.ccs.o (.text:RF_abortCmd)
                  00003300    00000120                               : RFCC26X2_multiMode.c.cc13x2.ccs.o (.text:RF_radioOpDoneCb)
                  00003420    00000112                               : RFCC26X2_multiMode.c.cc13x2.ccs.o (.text:RF_decodeOverridePointers)
                  00003532    00000002     rtsv7M4_T_le_v4SPD16_eabi.lib : _lock.c.obj (.text:_nop)
                  00003534    00000100     drivers_cc13x2.aem4f : PowerCC26X2.oem4f (.text:configureXOSCHF)
                  00003634    000000fc     driverlib.lib : sys_ctrl.obj (.text:NOROM_SysCtrlStandby)
                  00003730    000000fc     rf_multiMode_cc13x2.aem4f : RFCC26X2_multiMode.c.cc13x2.ccs.o (.text:RF_hwiCpe0Active)
                  0000382c    000000fc     rtsv7M4_T_le_v4SPD16_eabi.lib : fd_mul_t2.asm.obj (.text)
                  00003928    000000f8     drivers_cc13x2.aem4f : PINCC26XX.oem4f (.text:PINCC26XX_setIoCfg)
                  00003a20    000000f0     rf_multiMode_cc13x2.aem4f : RFCC26X2_multiMode.c.cc13x2.ccs.o (.text:RF_fsmPowerUpState)
                  00003b10    000000ec     rom_sysbios.aem4f : rom_sysbios.obj (.text:pthread_create)
                  00003bfc    000000e0     drivers_cc13x2.aem4f : UARTCC26XX.oem4f (.text:UARTCC26XX_write)
                  00003cdc    000000d8     rf_multiMode_cc13x2.aem4f : RFCC26X2_multiMode.c.cc13x2.ccs.o (.text:RF_postCmd)
                  00003db4    000000d8     uartThread.obj (.text:uartThread)
                  00003e8c    000000d4     rf_multiMode_cc13x2.aem4f : RFCC26X2_multiMode.c.cc13x2.ccs.o (.text:RF_pendCmd)
                  00003f60    000000d2                               : RFCC26X2_multiMode.c.cc13x2.ccs.o (.text:RF_updatePaConfiguration)
                  00004032    00000002     drivers_cc13x2.aem4f : PowerCC26X2.oem4f (.text:emptyClockFunc)
                  00004034    000000d0     rf_multiMode_cc13x2.aem4f : RFCC26X2_multiMode.c.cc13x2.ccs.o (.text:RF_swiHw)
                  00004104    000000d0     RFCombinded.obj (.text:rxDoneCb)
                  000041d4    000000c8     drivers_cc13x2.aem4f : PowerCC26X2.oem4f (.text:Power_releaseDependency)
                  0000429c    000000c8     rf_multiMode_cc13x2.aem4f : RFCC26X2_multiMode.c.cc13x2.ccs.o (.text:RF_hwiTempLimit)
                  00004364    000000c4     drivers_cc13x2.aem4f : PowerCC26X2.oem4f (.text:Power_setDependency)
                  00004428    000000c0                          : UARTCC26XX.oem4f (.text:UARTCC26XX_initIO)
                  000044e8    000000b8                          : UARTCC26XX.oem4f (.text:UARTCC26XX_initHw)
                  000045a0    000000b4     dpl_cc13x2.aem4f : PowerCC26X2_tirtos.oem4f (.text:PowerCC26XX_standbyPolicy)
                  00004654    000000ac     drivers_cc13x2.aem4f : PINCC26XX.oem4f (.text:PIN_open)
                  00004700    000000ac     driverlib.lib : setup.obj (.text:TrimAfterColdResetWakeupFromShutDown)
                  000047ac    000000a4     EasyLink.obj (.text:EasyLink_abort)
                  00004850    000000a4     rf_multiMode_cc13x2.aem4f : RFCC26X2_multiMode.c.cc13x2.ccs.o (.text:RF_ratRestartChannels)
                  000048f4    000000a0     auto_init.aem4f : auto_init.oem4f (.text)
                  00004994    000000a0     rom_sysbios.aem4f : rom_sysbios.obj (.text:ti_sysbios_knl_Task_setPri__E)
                  00004a34    0000009c     rf_multiMode_cc13x2.aem4f : RFCC26X2_multiMode.c.cc13x2.ccs.o (.text:RF_calculateDispatchTime)
                  00004ad0    0000009c     rtsv7M4_T_le_v4SPD16_eabi.lib : memcpy_t2.asm.obj (.text)
                  00004b6c    00000098     driverlib.lib : setup.obj (.text:NOROM_SetupTrimDevice)
                  00004c04    00000098     drivers_cc13x2.aem4f : UARTCC26XX.oem4f (.text:writeTxFifoFlush)
                  00004c9c    00000096     rtsv7M4_T_le_v4SPD16_eabi.lib : ull_div_t2.asm.obj (.text)
                  00004d32    00000092     drivers_cc13x2.aem4f : UARTCC26XX.oem4f (.text:UARTCC26XX_writeCancel)
                  00004dc4    00000090     rf_multiMode_cc13x2.aem4f : RFCC26X2_multiMode.c.cc13x2.ccs.o (.text:RF_discardPendCmd)
                  00004e54    0000008c                               : RFCC26X2_multiMode.c.cc13x2.ccs.o (.text:RF_cmdDispatchTime)
                  00004ee0    00000088     driverlib.lib : osc.obj (.text:NOROM_OSCHF_AttemptToSwitchToXosc)
                  00004f68    00000088     rf_multiMode_cc13x2.aem4f : RFCC26X2_multiMode.c.cc13x2.ccs.o (.text:RF_getTxPower)
                  00004ff0    00000088     rom_sysbios.aem4f : rom_sysbios.obj (.text:_pthread_removeThreadKeys)
                  00005078    00000088     drivers_cc13x2.aem4f : PowerCC26X2_calibrateRCOSC.oem4f (.text:calibrateRcoscHf2)
                  00005100    00000088                          : PowerCC26X2.oem4f (.text:disableLFClockQualifiers)
                  00005188    00000088                          : PowerCC26X2_calibrateRCOSC.oem4f (.text:updateSubSecInc)
                  00005210    00000086     rtsv7M4_T_le_v4SPD16_eabi.lib : fd_cmp_t2.asm.obj (.text:__aeabi_cdcmple)
                  00005296    00000086                                   : fd_cmp_t2.asm.obj (.text:__aeabi_cdrcmple)
                  0000531c    00000084     CC1352P1_LAUNCHXL_fxns.obj (.text:CC1352P1_LAUNCHXL_sendExtFlashByte)
                  000053a0    00000084     rf_multiMode_cc13x2.aem4f : RFCC26X2_multiMode.c.cc13x2.ccs.o (.text:RF_issueRadioFreeCb)
                  00005424    00000084                               : RFCC26X2_multiMode.c.cc13x2.ccs.o (.text:RF_verifyGap)
                  000054a8    00000084     drivers_cc13x2.aem4f : UARTCC26XX.oem4f (.text:UARTCC26XX_close)
                  0000552c    00000084     rom_sysbios.aem4f : rom_sysbios.obj (.text:ti_sysbios_family_arm_m3_Hwi_excHandlerMin__I)
                  000055b0    00000080                       : rom_sysbios.obj (.text:ti_sysbios_family_arm_cc26xx_Timer_start__E)
                  00005630    0000007c     rf_multiMode_cc13x2.aem4f : RFCC26X2_multiMode.c.cc13x2.ccs.o (.text:RF_ratFreeChannel)
                  000056ac    0000007a     rtsv7M4_T_le_v4SPD16_eabi.lib : memset_t2.asm.obj (.text)
                  00005726    00000002                                   : div0.asm.obj (.text)
                  00005728    00000074     drivers_cc13x2.aem4f : PowerCC26X2_calibrateRCOSC.oem4f (.text:PowerCC26X2_auxISR)
                  0000579c    00000072     rf_multiMode_cc13x2.aem4f : RFCC26X2_multiMode.c.cc13x2.ccs.o (.text:RF_detachOverrides)
                  0000580e    00000070                               : rfc.c.cc13x2.ccs.o (.text:NOROM_RFCAnaDivTxOverride)
                  0000587e    00000002     release_pem4f.oem4f (.text:ti_sysbios_BIOS_nullFunc__I)
                  00005880    00000070     rf_multiMode_cc13x2.aem4f : RFCC26X2_multiMode.c.cc13x2.ccs.o (.text:RF_hwiHw)
                  000058f0    0000006e                               : RFCC26X2_multiMode.c.cc13x2.ccs.o (.text:RF_attachOverrides)
                  0000595e    0000006e                               : RFCC26X2_multiMode.c.cc13x2.ccs.o (.text:RF_howToSchedule)
                  000059cc    0000006e     rtsv7M4_T_le_v4SPD16_eabi.lib : ll_div_t2.asm.obj (.text)
                  00005a3a    00000002     rom_sysbios.aem4f : rom_sysbios.obj (.text:xdc_runtime_SysCallback_defaultAbort)
                  00005a3c    0000006d                       : rom_sysbios.obj (.text:xdc_runtime_System_formatNum__I)
                  00005aa9    00000001     --HOLE-- [fill = 0]
                  00005aaa    00000002                       : rom_sysbios.obj (.text:xdc_runtime_SysCallback_defaultExit)
                  00005aac    0000006c     rf_multiMode_cc13x2.aem4f : RFCC26X2_multiMode.c.cc13x2.ccs.o (.text:RF_getCurrentTime)
                  00005b18    00000068     driverlib.lib : osc.obj (.text:NOROM_OSCHF_SwitchToRcOscTurnOffXosc)
                  00005b80    00000068                   : sys_ctrl.obj (.text:NOROM_SysCtrlSetRechargeBeforePowerDown)
                  00005be8    00000068     rtsv7M4_T_le_v4SPD16_eabi.lib : copy_decompress_lzss.c.obj (.text:decompress:lzss:__TI_decompress_lzss)
                  00005c50    00000064     driverlib.lib : osc.obj (.text:NOROM_OSC_HPOSCRtcCompensate)
                  00005cb4    00000064     rf_multiMode_cc13x2.aem4f : RFCC26X2_multiMode.c.cc13x2.ccs.o (.text:RF_dispatchNextEvent)
                  00005d18    00000064     drivers_cc13x2.aem4f : UARTCC26XX.oem4f (.text:UARTCC26XX_control)
                  00005d7c    00000062                          : UARTCC26XX.oem4f (.text:UARTCC26XX_swiIntFxn)
                  00005dde    00000002     rom_sysbios.aem4f : rom_sysbios.obj (.text:xdc_runtime_SysCallback_defaultFlush)
                  00005de0    00000060     rf_multiMode_cc13x2.aem4f : RFCC26X2_multiMode.c.cc13x2.ccs.o (.text:RF_applyRfCorePatch)
                  00005e40    00000060     EasyLink.obj (.text:calculateCmdTime)
                  00005ea0    00000060     rf_multiMode_cc13x2.aem4f : rf_patch_cpe_multi_protocol.c.cc13x2.ccs.o (.text:configureMultiProtocolPatch)
                  00005f00    0000005c     drivers_cc13x2.aem4f : PINCC26XX.oem4f (.text:PIN_remove)
                  00005f5c    0000005c     rf_multiMode_cc13x2.aem4f : RFCC26X2_multiMode.c.cc13x2.ccs.o (.text:RF_syncCb)
                  00005fb8    0000005c     rom_sysbios.aem4f : rom_sysbios.obj (.text:ti_sysbios_heaps_HeapMem_initPrimary__I)
                  00006014    0000005c     release_pem4f.oem4f (.text:xdc_runtime_Startup_getState__I)
                  00006070    0000005a     EasyLink.obj (.text:createTxAdvFromTx)
                  000060ca    00000002     rom_sysbios.aem4f : rom_sysbios.obj (.text:xdc_runtime_SysCallback_defaultPutch)
                  000060cc    00000058     drivers_cc13x2.aem4f : PowerCC26X2_calibrateRCOSC.oem4f (.text:PowerCC26X2_initiateCalibration)
                  00006124    00000058     rf_multiMode_cc13x2.aem4f : RFCC26X2_multiMode.c.cc13x2.ccs.o (.text:RF_fsmXOSCState)
                  0000617c    00000058                               : RFCC26X2_multiMode.c.cc13x2.ccs.o (.text:RF_hwiCpe0PowerFsm)
                  000061d4    00000058     boot.aem4f : boot.oem4f (.text)
                  0000622c    00000058     rom_sysbios.aem4f : rom_sysbios.obj (.text:pthread_exit)
                  00006284    00000056     rf_multiMode_cc13x2.aem4f : RFCC26X2_multiMode.c.cc13x2.ccs.o (.text:RF_defaultSubmitPolicy)
                  000062da    00000002     --HOLE-- [fill = 0]
                  000062dc    00000054     driverlib.lib : chipinfo.obj (.text:NOROM_ChipInfo_GetChipType)
                  00006330    00000050     dpl_cc13x2.aem4f : ClockP_tirtos.oem4f (.text:ClockP_construct)
                  00006380    00000050     rf_multiMode_cc13x2.aem4f : RFCC26X2_multiMode.c.cc13x2.ccs.o (.text:RF_wakeupNotification)
                  000063d0    00000050     rom_sysbios.aem4f : rom_sysbios.obj (.text:mq_send)
                  00006420    0000004c     CC1352P1_LAUNCHXL_fxns.obj (.text:CC1352P1_LAUNCHXL_wakeUpExtFlash)
                  0000646c    0000004c     drivers_cc13x2.aem4f : UARTCC26XX.oem4f (.text:UARTCC26XX_readCancel)
                  000064b8    0000004c     rtsv7M4_T_le_v4SPD16_eabi.lib : cpy_tbl.c.obj (.text:copy_in)
                  00006504    0000004c     drivers_cc13x2.aem4f : UARTCC26XX.oem4f (.text:startTxFifoEmptyClk)
                  00006550    0000004c                          : PowerCC26X2.oem4f (.text:switchXOSCHF)
                  0000659c    0000004c     uartThread.obj (.text:uartsendThread)
                  000065e8    00000048     rf_multiMode_cc13x2.aem4f : rfc.c.cc13x2.ccs.o (.text:NOROM_RFCSynthPowerDown)
                  00006630    00000048     drivers_cc13x2.aem4f : PINCC26XX.oem4f (.text:PIN_setOutputEnable)
                  00006678    00000048                          : PowerCC26X2_calibrateRCOSC.oem4f (.text:PowerCC26X2_RCOSC_clockFunc)
                  000066c0    00000048                          : PowerCC26X2.oem4f (.text:PowerCC26XX_switchXOSC_HF)
                  00006708    00000048     rtsv7M4_T_le_v4SPD16_eabi.lib : fd_toi_t2.asm.obj (.text)
                  00006750    00000048     drivers_cc13x2.aem4f : UARTCC26XX.oem4f (.text:writeFinishedDoCallback)
                  00006798    00000046                          : RingBuf.oem4f (.text:RingBuf_put)
                  000067de    00000002     --HOLE-- [fill = 0]
                  000067e0    00000044     driverlib.lib : chipinfo.obj (.text:NOROM_ChipInfo_GetHwRevision)
                  00006824    00000044     drivers_cc13x2.aem4f : PINCC26XX.oem4f (.text:PIN_swi)
                  00006868    00000044                          : UART.oem4f (.text:UART_init)
                  000068ac    00000044     rtsv7M4_T_le_v4SPD16_eabi.lib : fd_tou_t2.asm.obj (.text)
                  000068f0    00000040     CC1352P1_LAUNCHXL_fxns.obj (.text:CC1352P1_LAUNCHXL_shutDownExtFlash)
                  00006930    00000040     drivers_cc13x2.aem4f : PowerCC26X2.oem4f (.text:PowerCC26XX_isStableXOSC_HF)
                  00006970    00000040                          : RingBuf.oem4f (.text:RingBuf_get)
                  000069b0    00000040                          : UART.oem4f (.text:UART_open)
                  000069f0    00000040     rtsv7M4_T_le_v4SPD16_eabi.lib : u_divt2.asm.obj (.text)
                  00006a30    00000040     rom_sysbios.aem4f : rom_sysbios.obj (.text:ti_sysbios_family_arm_cc26xx_Timer_setThreshold__I)
                  00006a70    0000003e     dpl_cc13x2.aem4f : HwiP_tirtos.oem4f (.text:HwiP_construct)
                  00006aae    00000002     --HOLE-- [fill = 0]
                  00006ab0    0000003c     drivers_cc13x2.aem4f : PINCC26XX.oem4f (.text:PIN_setOutputValue)
                  00006aec    0000003c     rf_multiMode_cc13x2.aem4f : RFCC26X2_multiMode.c.cc13x2.ccs.o (.text:RF_cmdGet)
                  00006b28    0000003c                               : RFCC26X2_multiMode.c.cc13x2.ccs.o (.text:RF_cmdStoreEvents)
                  00006b64    0000003c     dpl_cc13x2.aem4f : SwiP_tirtos.oem4f (.text:SwiP_construct)
                  00006ba0    0000003c     ti_drivers_config.obj (.text:initRfFrontend)
                  00006bdc    0000003c     rom_sysbios.aem4f : rom_sysbios.obj (.text:ti_sysbios_family_arm_m3_Hwi_construct2__E)
                  00006c18    00000038     driverlib.lib : osc.obj (.text:NOROM_OSC_HPOSCRelativeFrequencyOffsetGet)
                  00006c50    00000038     drivers_cc13x2.aem4f : PINCC26XX.oem4f (.text:PIN_setConfig)
                  00006c88    00000038     rf_multiMode_cc13x2.aem4f : RFCC26X2_multiMode.c.cc13x2.ccs.o (.text:RF_checkCmdFsError)
                  00006cc0    00000038                               : RFCC26X2_multiMode.c.cc13x2.ccs.o (.text:RF_powerConstraintRelease)
                  00006cf8    00000038     rom_sysbios.aem4f : rom_sysbios.obj (.text:mq_receive)
                  00006d30    00000038     drivers_cc13x2.aem4f : PowerCC26X2.oem4f (.text:notify)
                  00006d68    00000038                          : UARTCC26XX.oem4f (.text:readData)
                  00006da0    00000038     rtsv7M4_T_le_v4SPD16_eabi.lib : fs_tod_t2.asm.obj (.text)
                  00006dd8    00000038     drivers_cc13x2.aem4f : UARTCC26XX.oem4f (.text:writeData)
                  00006e10    00000036     rom_sysbios.aem4f : rom_sysbios.obj (.text:ti_sysbios_family_arm_cc26xx_Timer_setNextTick__E)
                  00006e46    00000002     --HOLE-- [fill = 0]
                  00006e48    00000034     driverlib.lib : aux_sysif.obj (.text:NOROM_AUXSYSIFOpModeChange)
                  00006e7c    00000034                   : sys_ctrl.obj (.text:NOROM_SysCtrlIdle)
                  00006eb0    00000034     rf_multiMode_cc13x2.aem4f : RFCC26X2_multiMode.c.cc13x2.ccs.o (.text:RF_runDirectImmediateCmd)
                  00006ee4    00000034     rtsv7M4_T_le_v4SPD16_eabi.lib : rand.c.obj (.text:rand)
                  00006f18    00000034     drivers_cc13x2.aem4f : UARTCC26XX.oem4f (.text:readData2RingBuf)
                  00006f4c    00000030                          : PINCC26XX.oem4f (.text:PINCC26XX_setMux)
                  00006f7c    00000030                          : PowerCC26X2.oem4f (.text:Power_releaseConstraint)
                  00006fac    00000030                          : PowerCC26X2.oem4f (.text:Power_setConstraint)
                  00006fdc    00000030     rf_multiMode_cc13x2.aem4f : rf_patch_cpe_multi_protocol.c.cc13x2.ccs.o (.text:applyMultiProtocolPatch)
                  0000700c    00000030     release_pem4f.oem4f (.text:ti_sysbios_BIOS_atExitFunc__I)
                  0000703c    00000030     release_pem4f.oem4f (.text:ti_sysbios_BIOS_startFunc__I)
                  0000706c    00000030     rom_sysbios.aem4f : rom_sysbios.obj (.text:ti_sysbios_family_arm_cc26xx_Timer_getCurrentTick__E)
                  0000709c    00000030                       : rom_sysbios.obj (.text:ti_sysbios_family_arm_cc26xx_Timer_initDevice__I)
                  000070cc    0000002e     rf_multiMode_cc13x2.aem4f : RFCC26X2_multiMode.c.cc13x2.ccs.o (.text:RF_queueEnd)
                  000070fa    0000002e     rtsv7M4_T_le_v4SPD16_eabi.lib : i_tofd_t2.asm.obj (.text)
                  00007128    0000002c     rf_multiMode_cc13x2.aem4f : RFCC26X2_multiMode.c.cc13x2.ccs.o (.text:RF_executeDirectImmediateCmd)
                  00007154    0000002c     dpl_cc13x2.aem4f : SemaphoreP_tirtos.oem4f (.text:SemaphoreP_constructBinary)
                  00007180    0000002c     rom_sysbios.aem4f : rom_sysbios.obj (.text:_pthread_delete$45)
                  000071ac    0000002c                       : rom_sysbios.obj (.text:pthread_setcancelstate)
                  000071d8    0000002c                       : rom_sysbios.obj (.text:ti_sysbios_knl_Clock_getTicksUntilInterrupt__E)
                  00007204    0000002a     drivers_cc13x2.aem4f : List.oem4f (.text:List_insert)
                  0000722e    0000002a     rf_multiMode_cc13x2.aem4f : RFCC26X2_multiMode.c.cc13x2.ccs.o (.text:RF_searchAndReplacePAOverride)
                  00007258    0000002a     rom_sysbios.aem4f : rom_sysbios.obj (.text:ti_sysbios_knl_Clock_getTimeout__E)
                  00007282    00000002     --HOLE-- [fill = 0]
                  00007284    00000028     driverlib.lib : osc.obj (.text:NOROM_OSCHF_TurnOnXosc)
                  000072ac    00000028     rf_multiMode_cc13x2.aem4f : rfc.c.cc13x2.ccs.o (.text:NOROM_RFCOverrideSearch)
                  000072d4    00000028     drivers_cc13x2.aem4f : PowerCC26X2.oem4f (.text:Power_registerNotify)
                  000072fc    00000028     rf_multiMode_cc13x2.aem4f : RFCC26X2_multiMode.c.cc13x2.ccs.o (.text:RF_calculateDeltaTimeUs)
                  00007324    00000028                               : RFCC26X2_multiMode.c.cc13x2.ccs.o (.text:RF_runCmd)
                  0000734c    00000028     rom_sysbios.aem4f : rom_sysbios.obj (.text:findInList$44)
                  00007374    00000028     drivers_cc13x2.aem4f : PowerCC26X2.oem4f (.text:oscillatorISR)
                  0000739c    00000026                          : List.oem4f (.text:List_put)
                  000073c2    00000026                          : List.oem4f (.text:List_putHead)
                  000073e8    00000026                          : List.oem4f (.text:List_remove)
                  0000740e    00000002     --HOLE-- [fill = 0]
                  00007410    00000024     rf_multiMode_cc13x2.aem4f : rfc.c.cc13x2.ccs.o (.text:NOROM_RFCDoorbellSendTo)
                  00007434    00000024     ti_drivers_config.obj (.text:PINCC26XX_setOutputValue)
                  00007458    00000024     rf_multiMode_cc13x2.aem4f : RFCC26X2_multiMode.c.cc13x2.ccs.o (.text:RF_cmdAlloc)
                  0000747c    00000024                               : RFCC26X2_multiMode.c.cc13x2.ccs.o (.text:RF_invokeGlobalCallback)
                  000074a0    00000024     rom_sysbios.aem4f : rom_sysbios.obj (.text:_pthread_cleanupFxn)
                  000074c4    00000024     drivers_cc13x2.aem4f : PowerCC26X2_calibrateRCOSC.oem4f (.text:getTdcSemaphore)
                  000074e8    00000024     rom_sysbios.aem4f : rom_sysbios.obj (.text:pthread_attr_init)
                  0000750c    00000024     release_pem4f.oem4f (.text:ti_sysbios_BIOS_registerRTSLock__I)
                  00007530    00000024     release_pem4f.oem4f (.text:ti_sysbios_BIOS_removeRTSLock__I)
                  00007554    00000024     rom_sysbios.aem4f : rom_sysbios.obj (.text:ti_sysbios_family_arm_cc26xx_Timer_getMaxTicks__E)
                  00007578    00000022     drivers_cc13x2.aem4f : List.oem4f (.text:List_get)
                  0000759a    00000020     dpl_cc13x2.aem4f : HwiP_tirtos.oem4f (.text:HwiP_setFunc)
                  000075ba    00000002     --HOLE-- [fill = 0]
                  000075bc    00000020     drivers_cc13x2.aem4f : PINCC26XX.oem4f (.text:PINCC26XX_setIoCfgMux)
                  000075dc    00000020                          : PowerCC26X2.oem4f (.text:Power_unregisterNotify)
                  000075fc    00000020     rf_multiMode_cc13x2.aem4f : RFCC26X2_multiMode.c.cc13x2.ccs.o (.text:RF_clkPowerUp)
                  0000761c    00000020                               : RFCC26X2_multiMode.c.cc13x2.ccs.o (.text:RF_hwiCpe0ChangePhy)
                  0000763c    00000020                               : RFCC26X2_multiMode.c.cc13x2.ccs.o (.text:RF_isStateTransitionAllowed)
                  0000765c    00000020                               : RFCC26X2_multiMode.c.cc13x2.ccs.o (.text:RF_ratIsRunning)
                  0000767c    00000020     uartThread.obj (.text:SerialWrite)
                  0000769c    00000020     drivers_cc13x2.aem4f : UARTCC26XX.oem4f (.text:threadSafeStdbyDisRelease)
                  000076bc    00000020                          : UARTCC26XX.oem4f (.text:threadSafeStdbyDisSet)
                  000076dc    00000020     release_pem4f.oem4f (.text:ti_sysbios_BIOS_rtsLock__I)
                  000076fc    00000020     rom_sysbios.aem4f : rom_sysbios.obj (.text:ti_sysbios_family_arm_cc26xx_Timer_dynamicStub__E)
                  0000771c    00000020                       : rom_sysbios.obj (.text:xdc_runtime_Error_policyMin__E)
                  0000773c    0000001e     drivers_cc13x2.aem4f : PINCC26XX.oem4f (.text:PIN_close)
                  0000775a    0000001e                          : PowerCC26X2.oem4f (.text:Power_getTransitionLatency)
                  00007778    0000001c     ti_drivers_config.obj (.text:Board_init)
                  00007794    0000001c     driverlib.lib : chipinfo.obj (.text:NOROM_ChipInfo_GetChipFamily)
                  000077b0    0000001c     drivers_cc13x2.aem4f : PINCC26XX.oem4f (.text:PIN_hwi)
                  000077cc    0000001c     dpl_cc13x2.aem4f : PowerCC26X2_tirtos.oem4f (.text:PowerCC26XX_schedulerDisable)
                  000077e8    0000001c                      : PowerCC26X2_tirtos.oem4f (.text:PowerCC26XX_schedulerRestore)
                  00007804    0000001c     rf_multiMode_cc13x2.aem4f : RFCC26X2_multiMode.c.cc13x2.ccs.o (.text:RF_clkInactivityCallback)
                  00007820    0000001c                               : RFCC26X2_multiMode.c.cc13x2.ccs.o (.text:RF_getPAOverrideOffsetAndValue)
                  0000783c    0000001c                               : RFCC26X2_multiMode.c.cc13x2.ccs.o (.text:RF_powerConstraintSet)
                  00007858    0000001c     EasyLink.obj (.text:genActivityTableValue)
                  00007874    0000001c     rom_sysbios.aem4f : rom_sysbios.obj (.text:ti_sysbios_knl_Swi_construct2__E)
                  00007890    0000001c     release_pem4f.oem4f (.text:xdc_runtime_Startup_exec__I)
                  000078ac    0000001a     drivers_cc13x2.aem4f : PowerCC26X2.oem4f (.text:PowerCC26XX_calibrate)
                  000078c6    00000018     EasyLink.obj (.text:ChipInfo_ChipFamilyIs_CC13x2_CC26x2)
                  000078de    00000018     EasyLink.obj (.text:ChipInfo_ChipFamilyIs_CC26x0R2)
                  000078f6    00000002     --HOLE-- [fill = 0]
                  000078f8    00000018     driverlib.lib : chipinfo.obj (.text:NOROM_ChipInfo_GetPackageType)
                  00007910    00000018     drivers_cc13x2.aem4f : PowerCC26X2.oem4f (.text:Power_idleFunc)
                  00007928    00000018     rf_multiMode_cc13x2.aem4f : RFCC26X2_multiMode.c.cc13x2.ccs.o (.text:RF_ScheduleCmdParams_init)
                  00007940    00000018                               : RFCC26X2_multiMode.c.cc13x2.ccs.o (.text:RF_cancelCmd)
                  00007958    00000018                               : RFCC26X2_multiMode.c.cc13x2.ccs.o (.text:RF_swiFsm)
                  00007970    00000018     drivers_cc13x2.aem4f : UART.oem4f (.text:UART_Params_init)
                  00007988    00000018     rtsv7M4_T_le_v4SPD16_eabi.lib : args_main.c.obj (.text:_args_main)
                  000079a0    00000018                                   : ll_mul_t2.asm.obj (.text)
                  000079b8    00000018                                   : strcmp.c.obj (.text:strcmp)
                  000079d0    00000018     release_pem4f.oem4f (.text:ti_sysbios_BIOS_rtsUnlock__I)
                  000079e8    00000018     rom_sysbios.aem4f : rom_sysbios.obj (.text:ti_sysbios_knl_Swi_or__E)
                  00007a00    00000018                       : rom_sysbios.obj (.text:ti_sysbios_rts_ti_ReentSupport_getReent__F)
                  00007a18    00000018                       : rom_sysbios.obj (.text:xdc_runtime_Error_init__E)
                  00007a30    00000016     EasyLink.obj (.text:ChipInfo_ChipFamilyIs_CC26x0)
                  00007a46    00000016     driverlib.lib : chipinfo.obj (.text:NOROM_ThisLibraryIsFor_CC13x2_CC26x2_HwRev20AndLater_HaltIfViolated)
                  00007a5c    00000016     rf_multiMode_cc13x2.aem4f : RFCC26X2_multiMode.c.cc13x2.ccs.o (.text:RF_restartClockTimeout)
                  00007a72    00000016     rom_sysbios.aem4f : rom_sysbios.obj (.text:_pthread_cleanup_pop)
                  00007a88    00000016     release_pem4f.oem4f (.text:ti_sysbios_BIOS_exitFunc__I)
                  00007a9e    00000016     EasyLink.obj (.text:ti_sysbios_knl_Semaphore_Params_init)
                  00007ab4    00000016     RFCombinded.obj (.text:ti_sysbios_knl_Semaphore_Params_init)
                  00007aca    00000002     --HOLE-- [fill = 0]
                  00007acc    00000014     EasyLink.obj (.text:EasyLink_Params_init)
                  00007ae0    00000014     drivers_cc13x2.aem4f : List.oem4f (.text:List_clearList)
                  00007af4    00000014     rf_multiMode_cc13x2.aem4f : rfc.c.cc13x2.ccs.o (.text:NOROM_RFCCpeIntGetAndClear)
                  00007b08    00000014     drivers_cc13x2.aem4f : PINCC26XX.oem4f (.text:PINCC26XX_getOutputValue)
                  00007b1c    00000014                          : PowerCC26X2_calibrateRCOSC.oem4f (.text:PowerCC26X2_calibrate)
                  00007b30    00000014     rf_multiMode_cc13x2.aem4f : RFCC26X2_multiMode.c.cc13x2.ccs.o (.text:RF_Params_init)
                  00007b44    00000014                               : RFCC26X2_multiMode.c.cc13x2.ccs.o (.text:RF_dbellSyncOnAck)
                  00007b58    00000014                               : RFCC26X2_multiMode.c.cc13x2.ccs.o (.text:RF_ratGetChannel)
                  00007b6c    00000014                               : rf_patch_cpe_multi_protocol.c.cc13x2.ccs.o (.text:enterMultiProtocolCpeHdPatch)
                  00007b80    00000014     rom_sysbios.aem4f : rom_sysbios.obj (.text:pthread_attr_setschedparam)
                  00007b94    00000014     rtsv7M4_T_le_v4SPD16_eabi.lib : strcpy.c.obj (.text:strcpy)
                  00007ba8    00000014     drivers_cc13x2.aem4f : PowerCC26X2.oem4f (.text:switchToTCXO)
                  00007bbc    00000014     rom_sysbios.aem4f : rom_sysbios.obj (.text:ti_sysbios_family_arm_cc26xx_Timer_getCount64__E)
                  00007bd0    00000014     release_pem4f.oem4f (.text:ti_sysbios_knl_Clock_doTick__I)
                  00007be4    00000012     drivers_cc13x2.aem4f : RingBuf.oem4f (.text:RingBuf_construct)
                  00007bf6    00000012     dpl_cc13x2.aem4f : SemaphoreP_tirtos.oem4f (.text:SemaphoreP_pend)
                  00007c08    00000012     rom_sysbios.aem4f : rom_sysbios.obj (.text:_pthread_runStub$45)
                  00007c1a    00000010     dpl_cc13x2.aem4f : ClockP_tirtos.oem4f (.text:ClockP_isActive)
                  00007c2a    00000010                      : HwiP_tirtos.oem4f (.text:HwiP_Params_init)
                  00007c3a    00000002     --HOLE-- [fill = 0]
                  00007c3c    00000010     rf_multiMode_cc13x2.aem4f : rfc.c.cc13x2.ccs.o (.text:NOROM_RFCHwIntGetAndClear)
                  00007c4c    00000010     drivers_cc13x2.aem4f : PINCC26XX.oem4f (.text:PINCC26XX_getPinCount)
                  00007c5c    00000010     rf_multiMode_cc13x2.aem4f : RFCC26X2_multiMode.c.cc13x2.ccs.o (.text:RF_dbellSubmitCmdAsync)
                  00007c6c    00000010                               : RFCC26X2_multiMode.c.cc13x2.ccs.o (.text:RF_isClientOwner)
                  00007c7c    00000010     dpl_cc13x2.aem4f : SwiP_tirtos.oem4f (.text:SwiP_Params_init)
                  00007c8c    00000010     rom_sysbios.aem4f : rom_sysbios.obj (.text:ti_sysbios_family_arm_m3_Hwi_post__E)
                  00007c9c    00000010     drivers_cc13x2.aem4f : UARTCC26XX.oem4f (.text:uartPostNotify)
                  00007cac    0000000e     rf_multiMode_cc13x2.aem4f : RFCC26X2_multiMode.c.cc13x2.ccs.o (.text:RF_getSwitchingTimeInUs)
                  00007cba    0000000e     rtsv7M4_T_le_v4SPD16_eabi.lib : copy_decompress_none.c.obj (.text:decompress:none:__TI_decompress_none)
                  00007cc8    0000000e     rom_sysbios.aem4f : rom_sysbios.obj (.text:pthread_attr_setdetachstate)
                  00007cd6    0000000e                       : rom_sysbios.obj (.text:ti_sysbios_family_arm_cc26xx_TimestampProvider_get32__E)
                  00007ce4    0000000c     driverlib.lib : cpu.obj (.text:NOROM_CPUcpsid)
                  00007cf0    0000000c                   : cpu.obj (.text:NOROM_CPUcpsie)
                  00007cfc    0000000c     drivers_cc13x2.aem4f : PowerCC26X2.oem4f (.text:Power_getConstraintMask)
                  00007d08    0000000c                          : PowerCC26X2.oem4f (.text:Power_getDependencyCount)
                  00007d14    0000000c     rf_multiMode_cc13x2.aem4f : RFCC26X2_multiMode.c.cc13x2.ccs.o (.text:RF_powerConstraintGet)
                  00007d20    0000000c     rtsv7M4_T_le_v4SPD16_eabi.lib : _lock.c.obj (.text:_register_lock)
                  00007d2c    0000000c                                   : _lock.c.obj (.text:_register_unlock)
                  00007d38    0000000c                                   : copy_zero_init.c.obj (.text:decompress:ZI:__TI_zero_init)
                  00007d44    0000000c     rom_sysbios.aem4f : rom_sysbios.obj (.text:pthread_self)
                  00007d50    0000000c                       : rom_sysbios.obj (.text:ti_sysbios_knl_Queue_insert__E)
                  00007d5c    0000000c                       : rom_sysbios.obj (.text:ti_sysbios_knl_Swi_getTrigger__E)
                  00007d68    0000000a     dpl_cc13x2.aem4f : ClockP_tirtos.oem4f (.text:ClockP_Params_init)
                  00007d72    0000000a     drivers_cc13x2.aem4f : UART.oem4f (.text:UART_read)
                  00007d7c    0000000a                          : UART.oem4f (.text:UART_write)
                  00007d86    0000000a     release_pem4f.oem4f (.text:ti_sysbios_rts_ti_ReentSupport_getTlsAddr__I)
                  00007d90    00000008     CC1352P1_LAUNCHXL_fxns.obj (.text:Board_initHook)
                  00007d98    00000008     drivers_cc13x2.aem4f : UARTCC26XX.oem4f (.text:UARTCC26XX_init)
                  00007da0    00000008                          : UARTCC26XX.oem4f (.text:readSemCallback)
                  00007da8    00000008                          : UARTCC26XX.oem4f (.text:writeSemCallback)
                  00007db0    00000008     release_pem4f.oem4f (.text:xdc_runtime_Text_visitRope__I)
                  00007db8    00000006     driverlib.lib : cpu.obj (.text:NOROM_CPUdelay)
                  00007dbe    00000006     rf_multiMode_cc13x2.aem4f : RFCC26X2_multiMode.c.cc13x2.ccs.o (.text:RF_clkReqAccess)
                  00007dc4    00000006     drivers_cc13x2.aem4f : UARTCC26XX.oem4f (.text:UARTCC26XX_readPolling)
                  00007dca    00000006                          : UARTCC26XX.oem4f (.text:UARTCC26XX_writePolling)
                  00007dd0    00000006     rom_sysbios.aem4f : rom_sysbios.obj (.text:pthread_attr_setstacksize)
                  00007dd6    00000006                       : rom_sysbios.obj (.text:ti_sysbios_family_arm_m3_Hwi_setFunc__E)
                  00007ddc    00000004     dpl_cc13x2.aem4f : PowerCC26X2_tirtos.oem4f (.text:CPUwfi)
                  00007de0    00000004                      : ClockP_tirtos.oem4f (.text:ClockP_destruct)
                  00007de4    00000004                      : ClockP_tirtos.oem4f (.text:ClockP_getCpuFreq)
                  00007de8    00000004                      : ClockP_tirtos.oem4f (.text:ClockP_getTimeout)
                  00007dec    00000004                      : ClockP_tirtos.oem4f (.text:ClockP_setTimeout)
                  00007df0    00000004                      : ClockP_tirtos.oem4f (.text:ClockP_start)
                  00007df4    00000004                      : ClockP_tirtos.oem4f (.text:ClockP_stop)
                  00007df8    00000004                      : HwiP_tirtos.oem4f (.text:HwiP_destruct)
                  00007dfc    00000004                      : HwiP_tirtos.oem4f (.text:HwiP_disable)
                  00007e00    00000004                      : HwiP_tirtos.oem4f (.text:HwiP_enableInterrupt)
                  00007e04    00000004                      : HwiP_tirtos.oem4f (.text:HwiP_post)
                  00007e08    00000004     rf_multiMode_cc13x2.aem4f : rfc.c.cc13x2.ccs.o (.text:NOROM_RFCOverrideUpdate)
                  00007e0c    00000004                               : RFCC26X2_multiMode.c.cc13x2.ccs.o (.text:RF_defaultConflictPolicy)
                  00007e10    00000004     dpl_cc13x2.aem4f : SemaphoreP_tirtos.oem4f (.text:SemaphoreP_destruct)
                  00007e14    00000004                      : SemaphoreP_tirtos.oem4f (.text:SemaphoreP_post)
                  00007e18    00000004                      : SwiP_tirtos.oem4f (.text:SwiP_destruct)
                  00007e1c    00000004                      : SwiP_tirtos.oem4f (.text:SwiP_disable)
                  00007e20    00000004                      : SwiP_tirtos.oem4f (.text:SwiP_getTrigger)
                  00007e24    00000004                      : SwiP_tirtos.oem4f (.text:SwiP_or)
                  00007e28    00000004     rom_sysbios.aem4f : rom_sysbios.obj (.text:__aeabi_errno_addr)
                  00007e2c    00000004     drivers_cc13x2.aem4f : PowerCC26X2.oem4f (.text:configureRFCoreClocks)
                  00007e30    00000004                          : PowerCC26X2.oem4f (.text:nopResourceHandler)
                  00007e34    00000004     rom_sysbios.aem4f : rom_sysbios.obj (.text:ti_sysbios_knl_Clock_isActive__E)
                  00007e38    00000004                       : rom_sysbios.obj (.text:ti_sysbios_knl_Task_getArg1__E)
                  00007e3c    00000004                       : rom_sysbios.obj (.text:ti_sysbios_knl_Task_getEnv__E)
                  00007e40    00000004     release_pem4f.oem4f (.text:xdc_runtime_Startup_reset__I)
                  00007e44    00000004     rom_sysbios.aem4f : rom_sysbios.obj (.text:xdc_runtime_SysCallback_defaultReady)
                  00007e48    00000008     (.tramp.ti_sysbios_knl_Swi_destruct.1)
                  00007e50    00000008     (.tramp.ti_sysbios_family_arm_m3_Hwi_enableInterrupt__E.1)
                  00007e58    00000008     (.tramp.ti_sysbios_family_arm_m3_Hwi_destruct.1)
                  00007e60    00000008     (.tramp.ti_sysbios_BIOS_getCpuFreq__E.1)
                  00007e68    00000008     (.tramp.ti_sysbios_knl_Clock_destruct.1)
                  00007e70    00000008     (.tramp.ti_sysbios_knl_Task_self__E.1)
                  00007e78    00000008     (.tramp.ti_sysbios_knl_Clock_logTick__E.1)
                  00007e80    00000008     (.tramp.ti_sysbios_knl_Swi_post__E.1)
                  00007e88    00000008     (.tramp.ti_sysbios_BIOS_RtsGateProxy_leave__E.1)
                  00007e90    00000008     (.tramp.ti_sysbios_knl_Swi_construct.1)
                  00007e98    00000008     (.tramp.ti_sysbios_BIOS_RtsGateProxy_enter__E.1)
                  00007ea0    00000008     (.tramp.ti_sysbios_family_arm_m3_Hwi_disableFxn__E.1)
                  00007ea8    00000008     (.tramp.ti_sysbios_knl_Clock_getTicks__E.1)
                  00007eb0    00000008     (.tramp.ti_sysbios_knl_Clock_TimerProxy_getCurrentTick__E.1)
                  00007eb8    00000008     (.tramp.ti_sysbios_knl_Task_delete.1)
                  00007ec0    00000008     (.tramp.ti_sysbios_knl_Semaphore_destruct.1)
                  00007ec8    00000008     (.tramp.ti_sysbios_knl_Task_startup__E.1)
                  00007ed0    00000008     (.tramp.ti_sysbios_knl_Swi_startup__E.1)
                  00007ed8    00000008     (.tramp.ti_sysbios_hal_Hwi_startup__E.1)
                  00007ee0    00000008     (.tramp.ti_sysbios_family_arm_cc26xx_Timer_startup__E.1)
                  00007ee8    00000008     (.tramp.xdc_runtime_System_atexit__E.1)
                  00007ef0    00000008     (.tramp.ti_sysbios_BIOS_linkedWithIncorrectBootLibrary__E.1)
                  00007ef8    00000008     (.tramp.xdc_runtime_Startup_rtsDone__E.1)
                  00007f00    00000008     (.tramp.ti_sysbios_knl_Swi_disable__E.1)
                  00007f08    00000008     (.tramp.ti_sysbios_knl_Mailbox_pend__E.1)
                  00007f10    00000008     (.tramp.ti_sysbios_family_arm_m3_Hwi_construct.1)
                  00007f18    00000008     (.tramp.ti_sysbios_knl_Swi_Params__init__S.1)
                  00007f20    00000008     (.tramp.ti_sysbios_family_arm_m3_Hwi_Params__init__S.1)
                  00007f28    00000008     (.tramp.ti_sysbios_knl_Mailbox_post__E.1)
                  00007f30    00000008     (.tramp.ti_sysbios_knl_Clock_construct.1)
                  00007f38    00000008     (.tramp.ti_sysbios_knl_Clock_Params__init__S.1)
                  00007f40    00000008     (.tramp.xdc_runtime_System_exit__E.1)
                  00007f48    00000008     (.tramp.ti_sysbios_heaps_HeapMem_restore__E.1)
                  00007f50    00000008     (.tramp.ti_sysbios_heaps_HeapMem_Object__get__S.1)
                  00007f58    00000008     (.tramp.xdc_runtime_Error_raiseX__E.1)
                  00007f60    00000008     (.tramp.ti_sysbios_BIOS_setThreadType__E.1)
                  00007f68    00000008     (.tramp.ti_sysbios_family_arm_m3_Hwi_excFillContext__I.1)
                  00007f70    00000008     (.tramp.ti_sysbios_knl_Queue_next__E.1)
                  00007f78    00000008     (.tramp.ti_sysbios_knl_Queue_head__E.1)
                  00007f80    00000008     (.tramp.ti_sysbios_knl_Task_restore__E.1)
                  00007f88    00000008     (.tramp.ti_sysbios_knl_Queue_enqueue__E.1)
                  00007f90    00000008     (.tramp.ti_sysbios_knl_Queue_empty__E.1)
                  00007f98    00000008     (.tramp.ti_sysbios_knl_Queue_remove__E.1)
                  00007fa0    00000008     (.tramp.ti_sysbios_knl_Task_disable__E.1)
                  00007fa8    00000008     (.tramp.ti_sysbios_knl_Clock_stop__E.1)
                  00007fb0    00000008     (.tramp.ti_sysbios_knl_Clock_start__E.1)
                  00007fb8    00000008     (.tramp.ti_sysbios_knl_Clock_setTimeout__E.1)
                  00007fc0    00000008     (.tramp.ti_sysbios_knl_Task_create.1)
                  00007fc8    00000008     (.tramp.ti_sysbios_knl_Semaphore_construct.1)
                  00007fd0    00000008     (.tramp.ti_sysbios_knl_Semaphore_Params__init__S.1)
                  00007fd8    00000008     (.tramp.ti_sysbios_knl_Queue_construct.1)
                  00007fe0    00000008     (.tramp.ti_sysbios_knl_Task_Params__init__S.1)
                  00007fe8    00000008     (.tramp.ti_sysbios_BIOS_start__E.1)
                  00007ff0    00000008     (.tramp.xdc_runtime_System_doPrint__I.1)
                  00007ff8    00000008     (.tramp.ti_sysbios_gates_GateMutex_leave__E.1)
                  00008000    00000008     (.tramp.xdc_runtime_Memory_free__E.1)
                  00008008    00000008     (.tramp.ti_sysbios_knl_Mailbox_create.1)
                  00008010    00000008     (.tramp.xdc_runtime_Memory_alloc__E.1)
                  00008018    00000008     (.tramp.ti_sysbios_gates_GateMutex_enter__E.1)
                  00008020    00000008     (.tramp.strlen.1)
                  00008028    00000008     (.tramp.ti_sysbios_BIOS_getThreadType__E.1)
                  00008030    00000008     (.tramp.ti_sysbios_knl_Swi_restore__E.1)
                  00008038    00000008     (.tramp.ti_sysbios_knl_Task_sleep__E.1)
                  00008040    00000008     (.tramp.xdc_runtime_System_abort__E.1)
                  00008048    00000008     (.tramp.ti_sysbios_family_arm_m3_Hwi_restoreFxn__E.1)
                  00008050    00000008     (.tramp.ti_sysbios_knl_Semaphore_create.1)
                  00008058    00000008     (.tramp.ti_sysbios_knl_Semaphore_post__E.1)
                  00008060    00000008     (.tramp.ti_sysbios_knl_Semaphore_pend__E.1)

.const     0    00008068    00000ed4     
                  00008068    00000504     rf_multiMode_cc13x2.aem4f : rf_patch_cpe_multi_protocol.c.cc13x2.ccs.o (.const:$O1$$)
                  0000856c    000003b8     release_pem4f.oem4f (.const:ROM_constStruct)
                  00008924    00000214     release_pem4f.oem4f (.const)
                  00008b38    00000098     RFCombinded.obj (.const:$P$T0$1)
                  00008bd0    00000090     RFCombinded.obj (.const:$P$T1$2)
                  00008c60    00000054     drivers_cc13x2.aem4f : PowerCC26X2.oem4f (.const:resourceDB)
                  00008cb4    00000048     release_pem4f.oem4f (.const:.string)
                  00008cfc    00000048     release_pem4f.oem4f (.const:ROM_externFuncPtrs)
                  00008d44    00000028     drivers_cc13x2.aem4f : UARTCC26XX.oem4f (.const:UARTCC26XX_fxnTable)
                  00008d6c    00000028     ti_drivers_config.obj (.const:uartCC26XXHWAttrs)
                  00008d94    00000024     drivers_cc13x2.aem4f : UART.oem4f (.const:UART_defaultParams)
                  00008db8    00000024     release_pem4f.oem4f (.const:xdc_runtime_Startup_sfxnTab__A)
                  00008ddc    00000020     ti_drivers_config.obj (.const:BoardGpioInitTable)
                  00008dfc    00000020     rf_multiMode_cc13x2.aem4f : RFCC26X2_multiMode.c.cc13x2.ccs.o (.const:RF_defaultParams)
                  00008e1c    00000016     uartThread.obj (.const:.string:$P$T0$1)
                  00008e32    00000002     ti_drivers_config.obj (.const)
                  00008e34    00000014     CC1352P1_LAUNCHXL_fxns.obj (.const:$P$T1$2)
                  00008e48    00000014     ti_drivers_config.obj (.const:PowerCC26X2_config)
                  00008e5c    00000014     drivers_cc13x2.aem4f : UARTCC26XX.oem4f (.const:parityType)
                  00008e70    00000012     release_pem4f.oem4f (.const:xdc_runtime_Startup_sfxnRts__A)
                  00008e82    00000001     ti_easylink_config.obj (.const)
                  00008e83    00000001     release_pem4f.oem4f (.const:xdc_runtime_Text_charTab__A)
                  00008e84    00000010     ti_drivers_config.obj (.const:$P$T0$2)
                  00008e94    00000010     EasyLink.obj (.const:EasyLink_defaultParams)
                  00008ea4    00000010     drivers_cc13x2.aem4f : UARTCC26XX.oem4f (.const:dataLength)
                  00008eb4    0000000c     ti_drivers_config.obj (.const:RFCC26XX_hwAttrs)
                  00008ec0    0000000c     ti_drivers_config.obj (.const:UART_config)
                  00008ecc    0000000c     release_pem4f.oem4f (.const:xdc_runtime_Startup_firstFxns__A)
                  00008ed8    00000008     driverlib.lib : aux_sysif.obj (.const:$O1$$)
                  00008ee0    00000008     CC1352P1_LAUNCHXL_fxns.obj (.const:$P$T0$1)
                  00008ee8    00000008     ti_drivers_config.obj (.const:PINCC26XX_hwAttrs)
                  00008ef0    00000008     rf_multiMode_cc13x2.aem4f : RFCC26X2_multiMode.c.cc13x2.ccs.o (.const:RFCC26XX_schedulerPolicy)
                  00008ef8    00000008     drivers_cc13x2.aem4f : UARTCC26XX.oem4f (.const:stopBits)
                  00008f00    00000008     release_pem4f.oem4f (.const:ti_sysbios_family_arm_m3_Hwi_excHookFuncs__A)
                  00008f08    00000008     release_pem4f.oem4f (.const:ti_sysbios_knl_Idle_funcList__A)
                  00008f10    00000006     drivers_cc13x2.aem4f : UARTCC26XX.oem4f (.const:.string:rxFifoBytes)
                  00008f16    00000006                          : UARTCC26XX.oem4f (.const:.string:rxFifoThreshold)
                  00008f1c    00000006                          : UARTCC26XX.oem4f (.const:.string:txFifoBytes)
                  00008f22    00000006                          : UARTCC26XX.oem4f (.const:.string:txFifoThreshold)
                  00008f28    00000004     release_pem4f.oem4f (.const:ti_sysbios_family_arm_m3_Hwi_E_exception__C)
                  00008f2c    00000004     release_pem4f.oem4f (.const:ti_sysbios_heaps_HeapMem_primaryHeapBaseAddr__C)
                  00008f30    00000004     release_pem4f.oem4f (.const:ti_sysbios_heaps_HeapMem_primaryHeapEndAddr__C)
                  00008f34    00000004     release_pem4f.oem4f (.const:ti_sysbios_knl_Clock_tickPeriod__C)
                  00008f38    00000004     release_pem4f.oem4f (.const:ti_sysbios_knl_Task_Object__heap__C)

MODULE SUMMARY

       Module                                       code    ro data   rw data
       ------                                       ----    -------   -------
    .\
       RFCombinded.obj                              678     296       8      
       main_tirtos.obj                              316     0         36     
       uartThread.obj                               324     22        4      
       CC1352P1_LAUNCHXL_fxns.obj                   280     28        0      
    +--+--------------------------------------------+-------+---------+---------+
       Total:                                       1598    346       48     
                                                                             
    .\easylink\
       EasyLink.obj                                 3994    16        1019   
    +--+--------------------------------------------+-------+---------+---------+
       Total:                                       3994    16        1019   
                                                                             
    .\syscfg\
       ti_drivers_config.obj                        524     142       349    
       ti_radio_config.obj                          0       0         354    
       ti_devices_config.obj                        0       88        0      
       ti_easylink_config.obj                       0       1         36     
    +--+--------------------------------------------+-------+---------+---------+
       Total:                                       524     231       739    
                                                                             
    C:\Users\Baker\OneDrive\Uni\Motorsports\Production_Workspace\Telemetry20\tirtos_builds_CC1352P1_LAUNCHXL_release_ccs\Debug\configPkg\package\cfg\
       release_pem4f.oem4f                          802     1791      1830   
    +--+--------------------------------------------+-------+---------+---------+
       Total:                                       802     1791      1830   
                                                                             
    C:/ti/simplelink_cc13x2_26x2_sdk_3_40_00_02/kernel/tirtos/packages/ti/dpl/lib/dpl_cc13x2.aem4f
       PowerCC26X2_tirtos.oem4f                     240     0         8      
       ClockP_tirtos.oem4f                          130     0         4      
       HwiP_tirtos.oem4f                            126     0         0      
       SwiP_tirtos.oem4f                            92      0         0      
       SemaphoreP_tirtos.oem4f                      70      0         0      
    +--+--------------------------------------------+-------+---------+---------+
       Total:                                       658     0         12     
                                                                             
    C:/ti/simplelink_cc13x2_26x2_sdk_3_40_00_02/source/ti/devices/cc13x2_cc26x2/driverlib/bin/ccs/driverlib.lib
       osc.obj                                      436     0         28     
       sys_ctrl.obj                                 408     0         0      
       setup.obj                                    324     0         0      
       chipinfo.obj                                 226     0         0      
       aux_sysif.obj                                52      8         0      
       cpu.obj                                      30      0         0      
       driverlib_release.obj                        0       0         1      
    +--+--------------------------------------------+-------+---------+---------+
       Total:                                       1476    8         29     
                                                                             
    C:/ti/simplelink_cc13x2_26x2_sdk_3_40_00_02/source/ti/drivers/lib/drivers_cc13x2.aem4f
       UARTCC26XX.oem4f                             2742    108       0      
       PowerCC26X2.oem4f                            2218    84        272    
       PINCC26XX.oem4f                              1394    0         276    
       PowerCC26X2_calibrateRCOSC.oem4f             1400    0         0      
       UART.oem4f                                   176     36        1      
       List.oem4f                                   210     0         0      
       RingBuf.oem4f                                152     0         0      
    +--+--------------------------------------------+-------+---------+---------+
       Total:                                       8292    228       549    
                                                                             
    C:/ti/simplelink_cc13x2_26x2_sdk_3_40_00_02/source/ti/drivers/rf/lib/rf_multiMode_cc13x2.aem4f
       RFCC26X2_multiMode.c.cc13x2.ccs.o            9412    40        1157   
       rf_patch_cpe_multi_protocol.c.cc13x2.ccs.o   164     1284      1      
       rfc.c.cc13x2.ccs.o                           302     0         0      
    +--+--------------------------------------------+-------+---------+---------+
       Total:                                       9878    1324      1158   
                                                                             
    C:\Users\Baker\OneDrive\Uni\Motorsports\Production_Workspace\Telemetry20\tirtos_builds_CC1352P1_LAUNCHXL_release_ccs\src\sysbios\rom_sysbios.aem4f
       rom_sysbios.obj                              2597    0         136    
    +--+--------------------------------------------+-------+---------+---------+
       Total:                                       2597    0         136    
                                                                             
    C:\ti\ccs930\ccs\tools\compiler\ti-cgt-arm_18.12.4.LTS\lib\rtsv7M4_T_le_v4SPD16_eabi.lib
       fd_add_t2.asm.obj                            438     0         0      
       fd_cmp_t2.asm.obj                            268     0         0      
       fd_mul_t2.asm.obj                            252     0         0      
       memcpy_t2.asm.obj                            156     0         0      
       ull_div_t2.asm.obj                           150     0         0      
       memset_t2.asm.obj                            122     0         0      
       ll_div_t2.asm.obj                            110     0         0      
       copy_decompress_lzss.c.obj                   104     0         0      
       cpy_tbl.c.obj                                76      0         0      
       fd_toi_t2.asm.obj                            72      0         0      
       fd_tou_t2.asm.obj                            68      0         0      
       u_divt2.asm.obj                              64      0         0      
       fs_tod_t2.asm.obj                            56      0         0      
       rand.c.obj                                   52      0         4      
       i_tofd_t2.asm.obj                            46      0         0      
       _lock.c.obj                                  26      0         8      
       args_main.c.obj                              24      0         0      
       ll_mul_t2.asm.obj                            24      0         0      
       strcmp.c.obj                                 24      0         0      
       strcpy.c.obj                                 20      0         0      
       copy_decompress_none.c.obj                   14      0         0      
       copy_zero_init.c.obj                         12      0         0      
       stkdepth_vars.c.obj                          0       0         4      
       div0.asm.obj                                 2       0         0      
    +--+--------------------------------------------+-------+---------+---------+
       Total:                                       2180    0         16     
                                                                             
    C:\ti\simplelink_cc13x2_26x2_sdk_3_40_00_02\kernel\tirtos\packages\ti\targets\arm\rtsarm\lib\auto_init.aem4f
       auto_init.oem4f                              160     0         0      
    +--+--------------------------------------------+-------+---------+---------+
       Total:                                       160     0         0      
                                                                             
    C:\ti\simplelink_cc13x2_26x2_sdk_3_40_00_02\kernel\tirtos\packages\ti\targets\arm\rtsarm\lib\boot.aem4f
       boot.oem4f                                   88      0         0      
    +--+--------------------------------------------+-------+---------+---------+
       Total:                                       88      0         0      
                                                                             
       Stack:                                       0       0         1024   
       Linker Generated:                            544     781       0      
    +--+--------------------------------------------+-------+---------+---------+
       Grand Total:                                 32791   4725      6560   


LINKER GENERATED COPY TABLES

__TI_cinit_table @ 00009228 records: 5, size/record: 8, table size: 40
	.data: load addr=00008f40, load size=000002b9 bytes, run addr=20010ec8, run size=0000070a bytes, compression=lzss
	.bss: load addr=00009208, load size=00000008 bytes, run addr=20010110, run size=00000db2 bytes, compression=zero_init
	.data:xdcRomConstPtr: load addr=00009210, load size=00000008 bytes, run addr=20000100, run size=00000004 bytes, compression=lzss
	.data:xdcRomExternFuncPtr: load addr=00009218, load size=00000008 bytes, run addr=20000104, run size=00000004 bytes, compression=lzss
	.data:xdcRomStatePtr: load addr=00009220, load size=00000008 bytes, run addr=20000108, run size=00000004 bytes, compression=lzss


LINKER GENERATED HANDLER TABLE

__TI_handler_table @ 000091fc records: 3, size/record: 4, table size: 12
	index: 0, handler: __TI_decompress_lzss
	index: 1, handler: __TI_decompress_none
	index: 2, handler: __TI_zero_init


FAR CALL TRAMPOLINES

callee name               trampoline name
   callee addr  tramp addr   call addr  call info
--------------  -----------  ---------  ----------------
ti_sysbios_knl_Swi_destruct  $Tramp$TT$L$PI$$ti_sysbios_knl_Swi_destruct
   1002e8bd     00007e48     00007e18   dpl_cc13x2.aem4f : SwiP_tirtos.oem4f (.text:SwiP_destruct)
ti_sysbios_family_arm_m3_Hwi_enableInterrupt__E  $Tramp$TT$L$PI$$ti_sysbios_family_arm_m3_Hwi_enableInterrupt__E
   1002d91d     00007e50     00007e00   dpl_cc13x2.aem4f : HwiP_tirtos.oem4f (.text:HwiP_enableInterrupt)
ti_sysbios_family_arm_m3_Hwi_destruct  $Tramp$TT$L$PI$$ti_sysbios_family_arm_m3_Hwi_destruct
   1002e475     00007e58     00007df8   dpl_cc13x2.aem4f : HwiP_tirtos.oem4f (.text:HwiP_destruct)
ti_sysbios_BIOS_getCpuFreq__E  $Tramp$TT$L$PI$$ti_sysbios_BIOS_getCpuFreq__E
   1002e9fd     00007e60     00007de4   dpl_cc13x2.aem4f : ClockP_tirtos.oem4f (.text:ClockP_getCpuFreq)
ti_sysbios_knl_Clock_destruct  $Tramp$TT$L$PI$$ti_sysbios_knl_Clock_destruct
   1002e649     00007e68     00007de0   dpl_cc13x2.aem4f : ClockP_tirtos.oem4f (.text:ClockP_destruct)
ti_sysbios_knl_Task_self__E  $Tramp$TT$L$PI$$ti_sysbios_knl_Task_self__E
   1002eaf5     00007e70     00007d46   rom_sysbios.aem4f : rom_sysbios.obj (.text:pthread_self)
                             00007d88   release_pem4f.oem4f (.text:ti_sysbios_rts_ti_ReentSupport_getTlsAddr__I)
ti_sysbios_knl_Clock_logTick__E  $Tramp$TT$L$PI$$ti_sysbios_knl_Clock_logTick__E
   1002dbd7     00007e78     00007bd2   release_pem4f.oem4f (.text:ti_sysbios_knl_Clock_doTick__I)
ti_sysbios_knl_Swi_post__E  $Tramp$TT$L$PI$$ti_sysbios_knl_Swi_post__E
   1002d891     00007e80     000079fc   rom_sysbios.aem4f : rom_sysbios.obj (.text:ti_sysbios_knl_Swi_or__E)
                             00007bda   release_pem4f.oem4f (.text:ti_sysbios_knl_Clock_doTick__I)
ti_sysbios_BIOS_RtsGateProxy_leave__E  $Tramp$TT$L$PI$$ti_sysbios_BIOS_RtsGateProxy_leave__E
   1002ec7b     00007e88     000079de   release_pem4f.oem4f (.text:ti_sysbios_BIOS_rtsUnlock__I)
ti_sysbios_knl_Swi_construct  $Tramp$TT$L$PI$$ti_sysbios_knl_Swi_construct
   1002d719     00007e90     0000787a   rom_sysbios.aem4f : rom_sysbios.obj (.text:ti_sysbios_knl_Swi_construct2__E)
ti_sysbios_BIOS_RtsGateProxy_enter__E  $Tramp$TT$L$PI$$ti_sysbios_BIOS_RtsGateProxy_enter__E
   1002ec77     00007e98     000076e2   release_pem4f.oem4f (.text:ti_sysbios_BIOS_rtsLock__I)
ti_sysbios_family_arm_m3_Hwi_disableFxn__E  $Tramp$TT$L$PI$$ti_sysbios_family_arm_m3_Hwi_disableFxn__E
   1002eb55     00007ea0     000075a2   dpl_cc13x2.aem4f : HwiP_tirtos.oem4f (.text:HwiP_setFunc)
                             00007dfc                    : HwiP_tirtos.oem4f (.text:HwiP_disable)
ti_sysbios_knl_Clock_getTicks__E  $Tramp$TT$L$PI$$ti_sysbios_knl_Clock_getTicks__E
   1002dc11     00007ea8     0000726c   rom_sysbios.aem4f : rom_sysbios.obj (.text:ti_sysbios_knl_Clock_getTimeout__E)
ti_sysbios_knl_Clock_TimerProxy_getCurrentTick__E  $Tramp$TT$L$PI$$ti_sysbios_knl_Clock_TimerProxy_getCurrentTick__E
   1002eac5     00007eb0     000071ea   rom_sysbios.aem4f : rom_sysbios.obj (.text:ti_sysbios_knl_Clock_getTicksUntilInterrupt__E)
ti_sysbios_knl_Task_delete  $Tramp$TT$L$PI$$ti_sysbios_knl_Task_delete
   1002ece7     00007eb8     00007194   rom_sysbios.aem4f : rom_sysbios.obj (.text:_pthread_delete$45)
ti_sysbios_knl_Semaphore_destruct  $Tramp$TT$L$PI$$ti_sysbios_knl_Semaphore_destruct
   1002e6fd     00007ec0     00007188   rom_sysbios.aem4f : rom_sysbios.obj (.text:_pthread_delete$45)
                             00007e10   dpl_cc13x2.aem4f : SemaphoreP_tirtos.oem4f (.text:SemaphoreP_destruct)
ti_sysbios_knl_Task_startup__E  $Tramp$TT$L$PI$$ti_sysbios_knl_Task_startup__E
   1002eceb     00007ec8     00007060   release_pem4f.oem4f (.text:ti_sysbios_BIOS_startFunc__I)
ti_sysbios_knl_Swi_startup__E  $Tramp$TT$L$PI$$ti_sysbios_knl_Swi_startup__E
   1002ec6b     00007ed0     0000705c   release_pem4f.oem4f (.text:ti_sysbios_BIOS_startFunc__I)
ti_sysbios_hal_Hwi_startup__E  $Tramp$TT$L$PI$$ti_sysbios_hal_Hwi_startup__E
   1002ec31     00007ed8     00007058   release_pem4f.oem4f (.text:ti_sysbios_BIOS_startFunc__I)
ti_sysbios_family_arm_cc26xx_Timer_startup__E  $Tramp$TT$L$PI$$ti_sysbios_family_arm_cc26xx_Timer_startup__E
   1002dcf1     00007ee0     00007054   release_pem4f.oem4f (.text:ti_sysbios_BIOS_startFunc__I)
xdc_runtime_System_atexit__E  $Tramp$TT$L$PI$$xdc_runtime_System_atexit__E
   1002f559     00007ee8     0000704c   release_pem4f.oem4f (.text:ti_sysbios_BIOS_startFunc__I)
ti_sysbios_BIOS_linkedWithIncorrectBootLibrary__E  $Tramp$TT$L$PI$$ti_sysbios_BIOS_linkedWithIncorrectBootLibrary__E
   1002d01b     00007ef0     00007046   release_pem4f.oem4f (.text:ti_sysbios_BIOS_startFunc__I)
xdc_runtime_Startup_rtsDone__E  $Tramp$TT$L$PI$$xdc_runtime_Startup_rtsDone__E
   1002f8e5     00007ef8     0000703e   release_pem4f.oem4f (.text:ti_sysbios_BIOS_startFunc__I)
ti_sysbios_knl_Swi_disable__E  $Tramp$TT$L$PI$$ti_sysbios_knl_Swi_disable__E
   1002ea25     00007f00     0000700e   release_pem4f.oem4f (.text:ti_sysbios_BIOS_atExitFunc__I)
                             000077d6   dpl_cc13x2.aem4f : PowerCC26X2_tirtos.oem4f (.text:PowerCC26XX_schedulerDisable)
                             00007e1c                    : SwiP_tirtos.oem4f (.text:SwiP_disable)
ti_sysbios_knl_Mailbox_pend__E  $Tramp$TT$L$PI$$ti_sysbios_knl_Mailbox_pend__E
   1002d581     00007f08     00006d18   rom_sysbios.aem4f : rom_sysbios.obj (.text:mq_receive)
ti_sysbios_family_arm_m3_Hwi_construct  $Tramp$TT$L$PI$$ti_sysbios_family_arm_m3_Hwi_construct
   1002d421     00007f10     00006bf6   rom_sysbios.aem4f : rom_sysbios.obj (.text:ti_sysbios_family_arm_m3_Hwi_construct2__E)
ti_sysbios_knl_Swi_Params__init__S  $Tramp$TT$L$PI$$ti_sysbios_knl_Swi_Params__init__S
   1002ebf1     00007f18     00006b7e   dpl_cc13x2.aem4f : SwiP_tirtos.oem4f (.text:SwiP_construct)
ti_sysbios_family_arm_m3_Hwi_Params__init__S  $Tramp$TT$L$PI$$ti_sysbios_family_arm_m3_Hwi_Params__init__S
   1002eb49     00007f20     00006a8c   dpl_cc13x2.aem4f : HwiP_tirtos.oem4f (.text:HwiP_construct)
ti_sysbios_knl_Mailbox_post__E  $Tramp$TT$L$PI$$ti_sysbios_knl_Mailbox_post__E
   1002cf49     00007f28     000063f2   rom_sysbios.aem4f : rom_sysbios.obj (.text:mq_send)
ti_sysbios_knl_Clock_construct  $Tramp$TT$L$PI$$ti_sysbios_knl_Clock_construct
   1002dd8d     00007f30     00006366   dpl_cc13x2.aem4f : ClockP_tirtos.oem4f (.text:ClockP_construct)
[...]
1002ebe5  ti_sysbios_knl_Semaphore_Params__init__S                              
1002ebf1  ti_sysbios_knl_Swi_Params__init__S                                    
1002ebfd  ti_sysbios_knl_Swi_self__E                                            
1002ec09  ti_sysbios_knl_Task_Params__init__S                                   
1002ec15  ti_sysbios_hal_Hwi_Instance_finalize__E                               
1002ec1f  ti_sysbios_knl_Event_Instance_init__E                                 
1002ec29  ti_sysbios_family_arm_m3_Hwi_doSwiRestore__I                          
1002ec31  ti_sysbios_family_arm_m3_Hwi_startup__E                               
1002ec31  ti_sysbios_hal_Hwi_HwiProxy_startup__E                                
1002ec31  ti_sysbios_hal_Hwi_HwiProxy_startup__E                                
1002ec31  ti_sysbios_hal_Hwi_startup__E                                         
1002ec31  ti_sysbios_hal_Hwi_startup__E                                         
1002ec39  ti_sysbios_knl_Idle_loop__E                                           
1002ec41  ti_sysbios_family_arm_m3_Hwi_doTaskRestore__I                         
1002ec47  HwiP_restore                                                          
1002ec47  ti_sysbios_family_arm_m3_Hwi_restoreFxn__E                            
1002ec4d  ti_sysbios_gates_GateHwi_leave__E                                     
1002ec53  ti_sysbios_gates_GateMutex_Instance_finalize__E                       
1002ec59  ti_sysbios_heaps_HeapMem_isBlocking__E                                
1002ec5f  ti_sysbios_knl_Queue_Instance_init__E                                 
1002ec65  ti_sysbios_knl_Queue_elemClear__E                                     
1002ec6b  ti_sysbios_knl_Swi_startup__E                                         
1002ec71  ti_sysbios_knl_Task_enable__E                                         
1002ec77  ti_sysbios_BIOS_RtsGateProxy_enter__E                                 
1002ec7b  ti_sysbios_BIOS_RtsGateProxy_leave__E                                 
1002ec7f  ti_sysbios_family_arm_cc26xx_Timer_getExpiredTicks__E                 
1002ec83  ti_sysbios_family_arm_cc26xx_Timer_getPeriod__E                       
1002ec87  ti_sysbios_family_arm_cc26xx_Timer_setPeriod__E                       
1002ec8b  ti_sysbios_family_arm_m3_Hwi_delete                                   
1002ec8f  ti_sysbios_family_arm_m3_TaskSupport_Module__startupDone__S           
1002ec8f  ti_sysbios_knl_Task_SupportProxy_Module__startupDone__S               
1002ec93  ti_sysbios_gates_GateHwi_query__E                                     
1002ec93  xdc_runtime_Main_Module_GateProxy_query__E                            
1002ec93  xdc_runtime_System_Module_GateProxy_query__E                          
1002ec93  xdc_runtime_System_Module_GateProxy_query__E                          
1002ec97  ti_sysbios_gates_GateMutex_delete                                     
1002ec9b  ti_sysbios_BIOS_RtsGateProxy_query__E                                 
1002ec9b  ti_sysbios_BIOS_RtsGateProxy_query__E                                 
1002ec9b  ti_sysbios_gates_GateMutex_query__E                                   
1002ec9b  ti_sysbios_heaps_HeapMem_Module_GateProxy_query__E                    
1002ec9b  ti_sysbios_heaps_HeapMem_Module_GateProxy_query__E                    
1002ec9f  ti_sysbios_hal_Hwi_HwiProxy_create                                    
1002eca3  ti_sysbios_hal_Hwi_HwiProxy_delete                                    
1002eca7  ti_sysbios_hal_Hwi_delete                                             
1002ecab  ti_sysbios_heaps_HeapMem_Module_GateProxy_enter__E                    
1002ecaf  ti_sysbios_heaps_HeapMem_Module_GateProxy_leave__E                    
1002ecb3  ti_sysbios_knl_Clock_TimerProxy_getExpiredTicks__E                    
1002ecb7  ti_sysbios_knl_Clock_TimerProxy_getPeriod__E                          
1002ecbb  ti_sysbios_knl_Clock_delete                                           
1002ecbf  ti_sysbios_knl_Clock_removeI__E                                       
1002ecc3  ti_sysbios_knl_Clock_setTimeout__E                                    
1002ecc7  ti_sysbios_knl_Event_delete                                           
1002eccb  ti_sysbios_knl_Mailbox_delete                                         
1002eccf  ti_sysbios_knl_Queue_delete                                           
1002ecd3  ti_sysbios_knl_Queue_head__E                                          
1002ecd7  ti_sysbios_knl_Queue_next__E                                          
1002ecdb  ti_sysbios_knl_Semaphore_delete                                       
1002ecdf  ti_sysbios_knl_Swi_delete                                             
1002ece3  ti_sysbios_knl_Swi_postInit__I                                        
1002ece7  ti_sysbios_knl_Task_delete                                            
1002eceb  ti_sysbios_knl_Task_startup__E                                        
1002ecf1  xdc_runtime_System_doPrint__I                                         
1002f055  xdc_runtime_Startup_startMods__I                                      
1002f15d  xdc_runtime_Text_putSite__E                                           
1002f1f7  xdc_runtime_Error_policySpin__E                                       
1002f1f9  xdc_runtime_Text_putMod__E                                            
1002f289  xdc_runtime_Memory_alloc__E                                           
1002f2f9  xdc_runtime_Core_createObject__I                                      
1002f367  xdc_runtime_Core_deleteObject__I                                      
1002f3c5  xdc_runtime_Text_putLab__E                                            
1002f421  xdc_runtime_Assert_raise__I                                           
1002f475  xdc_runtime_Startup_exec__E                                           
1002f4c9  xdc_runtime_Core_assignParams__I                                      
1002f511  xdc_runtime_Core_constructObject__I                                   
1002f559  xdc_runtime_System_atexit__E                                          
1002f5a1  xdc_runtime_Text_xprintf__I                                           
1002f5e5  xdc_runtime_System_processAtExit__E                                   
1002f625  xdc_runtime_System_putchar__I                                         
1002f659  xdc_runtime_Core_assignLabel__I                                       
1002f689  xdc_runtime_Text_printVisFxn__I                                       
1002f6b9  xdc_runtime_System_vprintf__E                                         
1002f6e5  xdc_runtime_Text_cordText__E                                          
1002f711  xdc_runtime_System_abort__E                                           
1002f739  xdc_runtime_Error_raiseX__E                                           
1002f759  xdc_runtime_Registry_findById__E                                      
1002f779  xdc_runtime_Error_check__E                                            
1002f795  xdc_runtime_Memory_valloc__E                                          
1002f7b1  xdc_runtime_System_exit__E                                            
1002f7cd  xdc_runtime_Text_ropeText__E                                          
1002f7e9  xdc_runtime_System_printf__E                                          
1002f803  xdc_runtime_Core_destructObject__I                                    
1002f81b  xdc_runtime_System_abortSpin__E                                       
1002f81d  xdc_runtime_Memory_free__E                                            
1002f831  xdc_runtime_Memory_getStats__E                                        
1002f845  xdc_runtime_SysCallback_abort__E                                      
1002f845  xdc_runtime_System_SupportProxy_abort__E                              
1002f859  xdc_runtime_SysCallback_exit__E                                       
1002f859  xdc_runtime_System_SupportProxy_exit__E                               
1002f86d  xdc_runtime_SysCallback_flush__E                                      
1002f86d  xdc_runtime_System_SupportProxy_flush__E                              
1002f86d  xdc_runtime_System_flush__E                                           
1002f881  xdc_runtime_SysCallback_putch__E                                      
1002f881  xdc_runtime_System_SupportProxy_putch__E                              
1002f895  xdc_runtime_SysCallback_ready__E                                      
1002f895  xdc_runtime_System_SupportProxy_ready__E                              
1002f8a9  xdc_runtime_Memory_getMaxDefaultTypeAlign__E                          
1002f8b9  xdc_runtime_System_vsnprintf__E                                       
1002f8c9  xdc_runtime_Timestamp_SupportProxy_get32__E                           
1002f8c9  xdc_runtime_Timestamp_SupportProxy_get32__E                           
1002f8c9  xdc_runtime_Timestamp_get32__E                                        
1002f8c9  xdc_runtime_Timestamp_get32__E                                        
1002f8d9  xdc_runtime_Memory_calloc__E                                          
1002f8e5  xdc_runtime_Startup_rtsDone__E                                        
1002f8f1  xdc_runtime_Memory_HeapProxy_alloc__E                                 
1002f8fb  xdc_runtime_Memory_HeapProxy_free__E                                  
1002f905  xdc_runtime_Memory_HeapProxy_getStats__E                              
1002f90f  xdc_runtime_Gate_leaveSystem__E                                       
1002f915  xdc_runtime_System_Module_startup__E                                  
1002f91b  xdc_runtime_Gate_enterSystem__E                                       
1002f91f  xdc_runtime_SysCallback_Module__startupDone__S                        
1002f91f  xdc_runtime_System_SupportProxy_Module__startupDone__S                
1002f923  xdc_runtime_System_Module_GateProxy_enter__E                          
1002f927  xdc_runtime_System_Module_GateProxy_leave__E                          
1002f92b  xdc_runtime_System_printf_va__F                                       
1002f92f  xdc_runtime_System_exitSpin__E                                        
1002f931  ti_sysbios_family_arm_m3_Hwi_dispatch__I                              
1002fa11  ti_sysbios_family_arm_m3_Hwi_interruptsAreDisabledButShouldNotBe      
1002fa2d  ti_sysbios_family_arm_m3_TaskSupport_buildTaskStack                   
1002fab9  ti_sysbios_family_arm_m3_Hwi_initStacks__E                            
1002fb11  ti_sysbios_family_arm_m3_Hwi_pendSV__I                                
1002fb35  ti_sysbios_family_arm_m3_Hwi_return                                   
1002fb39  ti_sysbios_family_arm_m3_Hwi_excHandlerAsm__I                         
1002fb59  ti_sysbios_family_xxx_Hwi_switchAndRunFunc                            
1002fb77  ti_sysbios_family_arm_m3_TaskSupport_swap__E                          
1002fb77  ti_sysbios_knl_Task_SupportProxy_swap__E                              
1002fb77  ti_sysbios_knl_Task_SupportProxy_swap__E                              
1002fb83  ti_sysbios_knl_Task_swapReturn                                        
1002fb8f  ti_sysbios_family_arm_m3_TaskSupport_glue                             
1002fba0  ti_sysbios_knl_Task_Object__PARAMS__C                                 
1002fbdc  ti_sysbios_knl_Mailbox_Object__PARAMS__C                              
1002fc10  ti_sysbios_family_arm_m3_Hwi_Object__PARAMS__C                        
1002fc40  ti_sysbios_hal_Hwi_Object__PARAMS__C                                  
1002fc6c  ti_sysbios_knl_Swi_Object__PARAMS__C                                  
1002fc94  ti_sysbios_heaps_HeapMem_Object__PARAMS__C                            
1002fcb8  ti_sysbios_knl_Clock_Object__PARAMS__C                                
1002fcdc  ti_sysbios_knl_Semaphore_Object__PARAMS__C                            
1002fd00  ti_sysbios_gates_GateHwi_Object__PARAMS__C                            
1002fd18  ti_sysbios_gates_GateMutex_Object__PARAMS__C                          
1002fd30  ti_sysbios_knl_Event_Object__PARAMS__C                                
1002fd48  ti_sysbios_knl_Queue_Object__PARAMS__C                                
1002fd80  ti_sysbios_heaps_HeapTrack_Object__PARAMS__C                          
1002fd9c  ti_sysbios_heaps_HeapTrack_Instance_State_trackQueue__O               
1002fda0  ti_sysbios_heaps_HeapTrack_Module__diagsEnabled__C                    
1002fda4  ti_sysbios_heaps_HeapTrack_Module__diagsIncluded__C                   
1002fda8  ti_sysbios_heaps_HeapTrack_Module__diagsMask__C                       
1002fddb  strlen                                                                
20000000  ti_sysbios_family_arm_m3_Hwi_ramVectors                               
20000100  xdcRomConstPtr                                                        
20000104  xdcRomExternFuncPtr                                                   
20000108  xdcRomStatePtr                                                        
20000110  __primary_heap_start__                                                
20010110  __primary_heap_end__                                                  
20010580  ti_sysbios_knl_Task_Instance_State_0_stack__A                         
20010780  uartCC26XXObjects                                                     
200108ac  ti_sysbios_family_arm_m3_Hwi_dispatchTable                            
20010bec  pinHandleTable                                                        
20010e84  ledPinState                                                           
20010ea0  ClockP_tickPeriod                                                     
20010ea4  MQ_UartOUT_RfIN                                                       
20010ea8  MQ_Uart_Sent                                                          
20010eac  PowerCC26XX_swiKey                                                    
20010eb0  PowerCC26XX_taskKey                                                   
20010eb4  ledPinHandle                                                          
20010eb8  pinHandle                                                             
20010ebc  uart                                                                  
20010ec1  driverlib_release_0_55938                                             
20010ec8  PowerCC26X2_module                                                    
20010fd8  ROM_stateStruct                                                       
20010fd8  ti_sysbios_knl_Clock_Module__state__V                                 
20011004  ti_sysbios_family_arm_cc26xx_TimestampProvider_Module__state__V       
20011008  xdc_runtime_Startup_Module__state__V                                  
20011010  xdc_runtime_Registry_Module__state__V                                 
20011018  ti_sysbios_BIOS_Module__state__V                                      
2001103c  ti_sysbios_knl_Swi_Module__state__V                                   
20011058  ti_sysbios_knl_Task_Module__state__V                                  
2001109c  xdc_runtime_Memory_Module__state__V                                   
200110a0  xdc_runtime_System_Module__state__V                                   
200110a8  ti_sysbios_family_arm_m3_Hwi_Module__state__V                         
200110dc  ti_sysbios_family_arm_cc26xx_Timer_Module__state__V                   
2001116c  txPowerTable                                                          
200111ee  ti_sysbios_family_arm_m3_Hwi_Module_State_0_excActive__A              
200111f0  ti_sysbios_gates_GateMutex_Object__table__V                           
20011244  ti_sysbios_knl_Task_Object__table__V                                  
20011290  ti_sysbios_family_arm_cc26xx_Timer_Object__table__V                   
20011318  RF_cmdPropRadioDivSetup                                               
20011348  RF_cmdPropRxAdv                                                       
20011378  ti_sysbios_knl_Swi_Module_State_0_readyQ__A                           
200113a8  ti_sysbios_knl_Swi_Object__table__V                                   
200113d8  ti_sysbios_knl_Task_Module_State_0_readyQ__A                          
20011408  EasyLink_supportedPhys                                                
2001142c  ti_sysbios_knl_Clock_Object__table__V                                 
2001144c  xdc_runtime_Error_IgnoreBlock                                         
20011488  RF_cmdFs                                                              
200114a0  RF_cmdPropTx                                                          
200114b8  pOverrides                                                            
200114d0  ti_sysbios_family_arm_m3_Hwi_Object__table__V                         
200114e8  ti_sysbios_heaps_HeapMem_Object__table__V                             
20011500  pOverridesTx20                                                        
20011514  pOverridesTxStd                                                       
20011528  RF_prop                                                               
20011538  pinTable                                                              
20011544  _lock                                                                 
20011548  _unlock                                                               
2001154c  pinUpperBound                                                         
20011550  pinLowerBound                                                         
20011554  ti_sysbios_family_arm_m3_Hwi_Module__root__V                          
2001155c  ti_sysbios_gates_GateHwi_Module__root__V                              
20011564  ti_sysbios_gates_GateMutex_Module__root__V                            
2001156c  ti_sysbios_hal_Hwi_Module__root__V                                    
20011574  ti_sysbios_heaps_HeapMem_Module__root__V                              
2001157c  ti_sysbios_knl_Clock_Module__root__V                                  
20011584  ti_sysbios_knl_Event_Module__root__V                                  
2001158c  ti_sysbios_knl_Mailbox_Module__root__V                                
20011594  ti_sysbios_knl_Queue_Module__root__V                                  
2001159c  ti_sysbios_knl_Semaphore_Module__root__V                              
200115a4  ti_sysbios_knl_Swi_Module__root__V                                    
200115ac  ti_sysbios_knl_Task_Module__root__V                                   
200115b4  xdc_runtime_System_Module_State_0_atexitHandlers__A                   
200115c0  main_func_sp                                                          
200115c4  ti_sysbios_family_arm_m3_Hwi_Module_State_0_excContext__A             
200115c8  ti_sysbios_family_arm_m3_Hwi_Module_State_0_excStack__A               
200115cc  ti_sysbios_knl_Task_Module_State_0_idleTask__A                        
20013c00  __stack                                                               
20014000  __STACK_END                                                           
e000e000  ti_sysbios_family_arm_m3_Hwi_nvic                                     
ffffffff  __TI_pprof_out_hndl                                                   
ffffffff  __TI_prof_data_size                                                   
ffffffff  __TI_prof_data_start                                                  
ffffffff  __binit__                                                             
ffffffff  __c_args__                                                            
ffffffff  binit                                                                 
UNDEFED   SHT$$INIT_ARRAY$$Base                                                 
UNDEFED   SHT$$INIT_ARRAY$$Limit                                                

[1041 symbols]
