******************************************************************************
                  TI ARM Linker PC v18.12.4                    
******************************************************************************
>> Linked Fri Apr  3 12:58:32 2020

OUTPUT FILE NAME:   <rfEasyLinkRx_CC1352P1_LAUNCHXL_tirtos_ccs.out>
ENTRY POINT SYMBOL: "ResetISR"  address: 00005c55


MEMORY CONFIGURATION

         name            origin    length      used     unused   attr    fill
----------------------  --------  ---------  --------  --------  ----  --------
  FLASH                 00000000   00058000  00008d6d  0004f293  R  X
  GPRAM                 11000000   00002000  00000000  00002000  RW X
  SRAM                  20000000   00014000  00002dc8  00011238  RW X


SEGMENT ALLOCATION MAP

run origin  load origin   length   init length attrs members
----------  ----------- ---------- ----------- ----- -------
00000000    00000000    00008d18   00008d18    r-x
  00000000    00000000    0000003c   0000003c    r-- .resetVecs
  0000003c    0000003c    00007b18   00007b18    r-x .text
  00007b54    00007b54    00000eb9   00000eb9    r-- .const
  00008a10    00008a10    00000308   00000308    r-- .cinit
00057fa8    00057fa8    00000058   00000058    r--
  00057fa8    00057fa8    00000058   00000058    r-- .ccfg
20000100    20000100    000011ea   00000000    rw-
  20000100    20000100    00000004   00000000    rw- .data:xdcRomConstPtr
  20000104    20000104    00000004   00000000    rw- .data:xdcRomExternFuncPtr
  20000108    20000108    00000004   00000000    rw- .data:xdcRomStatePtr
  20000110    20000110    000011da   00000000    rw- .bss
200012f0    200012f0    00001000   00000000    r--
  200012f0    200012f0    00001000   00000000    r-- .priheap
200022f0    200022f0    0000070a   00000000    rw-
  200022f0    200022f0    0000070a   00000000    rw- .data
20013c00    20013c00    00000400   00000000    rw-
  20013c00    20013c00    00000400   00000000    rw- .stack


SECTION ALLOCATION MAP

 output                                  attributes/
section   page    origin      length       input sections
--------  ----  ----------  ----------   ----------------
.binit     0    00000000    00000000     

.cinit     0    00008a10    00000308     
                  00008a10    000002b3     (.cinit..data.load) [load image, compression = lzss]
                  00008cc3    00000001     --HOLE-- [fill = 0]
                  00008cc4    0000000c     (__TI_handler_table)
                  00008cd0    00000008     (.cinit..bss.load) [load image, compression = zero_init]
                  00008cd8    00000008     (.cinit..data:xdcRomConstPtr.load) [load image, compression = lzss]
                  00008ce0    00000008     (.cinit..data:xdcRomExternFuncPtr.load) [load image, compression = lzss]
                  00008ce8    00000008     (.cinit..data:xdcRomStatePtr.load) [load image, compression = lzss]
                  00008cf0    00000028     (__TI_cinit_table)

.init_array 
*          0    00000000    00000000     UNINITIALIZED

.ccfg      0    00057fa8    00000058     
                  00057fa8    00000058     ti_devices_config.obj (.ccfg:retain)

.bss       0    20000110    000011da     UNINITIALIZED
                  20000110    00000470     rf_multiMode_cc13x2.aem4f : RFCC26X2_multiMode.c.cc13x2.ccs.o (.bss:$O1$$)
                  20000580    00000400     ti_drivers_config.obj (.bss:displayUARTBuffer)
                  20000980    00000258     (.common:uartCC26XXObjects)
                  20000bd8    00000200     release_pem4f.oem4f (.bss:taskStackSection)
                  20000dd8    000000d8     (.common:ti_sysbios_family_arm_m3_Hwi_dispatchTable)
                  20000eb0    000000a8     EasyLink.obj (.bss:rfObject)
                  20000f58    00000098     EasyLink.obj (.bss:rxBuffer)
                  20000ff0    0000007c     (.common:pinHandleTable)
                  2000106c    00000034     drivers_cc13x2.aem4f : PINCC26XX.oem4f (.bss:pinSwi)
                  200010a0    00000030     EasyLink.obj (.bss:EasyLink_cmdPropRadioSetup)
                  200010d0    00000030     EasyLink.obj (.bss:EasyLink_cmdPropRxAdv)
                  20001100    00000020     EasyLink.obj (.bss:EasyLink_cmdPropTxAdv)
                  20001120    00000020     drivers_cc13x2.aem4f : PINCC26XX.oem4f (.bss:pinGpioConfigTable)
                  20001140    00000020     EasyLink.obj (.bss:rfParams)
                  20001160    00000020     ti_drivers_config.obj (.bss:uartCC26XXRingBuffer0)
                  20001180    00000020     ti_drivers_config.obj (.bss:uartCC26XXRingBuffer1)
                  200011a0    0000001c     driverlib.lib : osc.obj (.bss:$O1$$)
                  200011bc    0000001c     EasyLink.obj (.bss:EasyLink_cmdPropCs)
                  200011d8    0000001c     drivers_cc13x2.aem4f : PINCC26XX.oem4f (.bss:pinHwi)
                  200011f4    0000001c                          : PINCC26XX.oem4f (.bss:pinSemaphore)
                  20001210    0000001c     EasyLink.obj (.bss:schParams_prop)
                  2000122c    00000018     EasyLink.obj (.bss)
                  20001244    00000018     EasyLink.obj (.bss:EasyLink_cmdFs)
                  2000125c    00000014     rf_multiMode_cc13x2.aem4f : RFCC26X2_multiMode.c.cc13x2.ccs.o (.bss:RF_ratSyncCmd)
                  20001270    00000010     EasyLink.obj (.bss:EasyLink_RF_prop)
                  20001280    00000010     EasyLink.obj (.bss:EasyLink_params)
                  20001290    0000000c     ti_drivers_config.obj (.bss:frontendState)
                  2000129c    0000000c     main_tirtos.obj (.bss:ledPinState)
                  200012a8    0000000c     EasyLink.obj (.bss:rxStatistics)
                  200012b4    0000000c     (.common:displayUartObject)
                  200012c0    00000008     EasyLink.obj (.bss:dataQueue)
                  200012c8    00000004     drivers_cc13x2.aem4f : PINCC26XX.oem4f (.bss)
                  200012cc    00000004     main_tirtos.obj (.bss)
                  200012d0    00000004     ti_drivers_config.obj (.bss)
                  200012d4    00000004     (.common:ClockP_tickPeriod)
                  200012d8    00000004     (.common:MQ_UartOUT_RfIN)
                  200012dc    00000004     (.common:PowerCC26XX_swiKey)
                  200012e0    00000004     (.common:PowerCC26XX_taskKey)
                  200012e4    00000004     (.common:pinHandle)
                  200012e8    00000001     rf_multiMode_cc13x2.aem4f : RFCC26X2_multiMode.c.cc13x2.ccs.o (.bss)
                  200012e9    00000001     (.common:driverlib_release_0_55938)

.data      0    200022f0    0000070a     UNINITIALIZED
                  200022f0    00000110     drivers_cc13x2.aem4f : PowerCC26X2.oem4f (.data:PowerCC26X2_module)
                  20002400    0000010c     release_pem4f.oem4f (.data:ROM_stateStruct)
                  2000250c    00000088     rom_sysbios.aem4f : rom_sysbios.obj (.data:$O1$$)
                  20002594    00000082     ti_radio_config.obj (.data:txPowerTable)
                  20002616    00000002     release_pem4f.oem4f (.data:ti_sysbios_family_arm_m3_Hwi_Module_State_0_excActive__A)
                  20002618    00000054     release_pem4f.oem4f (.data:ti_sysbios_gates_GateMutex_Object__table__V)
                  2000266c    0000004c     release_pem4f.oem4f (.data:ti_sysbios_knl_Task_Object__table__V)
                  200026b8    00000048     release_pem4f.oem4f (.data:ti_sysbios_family_arm_cc26xx_Timer_Object__table__V)
                  20002700    00000040     EasyLink.obj (.data:addrFilterTable)
                  20002740    00000030     ti_radio_config.obj (.data:RF_cmdPropRadioDivSetup)
                  20002770    00000030     ti_radio_config.obj (.data:RF_cmdPropRxAdv)
                  200027a0    00000030     release_pem4f.oem4f (.data:ti_sysbios_knl_Swi_Module_State_0_readyQ__A)
                  200027d0    00000030     release_pem4f.oem4f (.data:ti_sysbios_knl_Swi_Object__table__V)
                  20002800    00000030     release_pem4f.oem4f (.data:ti_sysbios_knl_Task_Module_State_0_readyQ__A)
                  20002830    00000024     ti_easylink_config.obj (.data:EasyLink_supportedPhys)
                  20002854    00000020     release_pem4f.oem4f (.data:ti_sysbios_knl_Clock_Object__table__V)
                  20002874    00000020     release_pem4f.oem4f (.data:xdc_runtime_Error_IgnoreBlock)
                  20002894    0000001b     EasyLink.obj (.data)
                  200028af    00000001     drivers_cc13x2.aem4f : UART.oem4f (.data)
                  200028b0    00000018     ti_radio_config.obj (.data:RF_cmdFs)
                  200028c8    00000018     ti_radio_config.obj (.data:RF_cmdPropTx)
                  200028e0    00000018     ti_radio_config.obj (.data:pOverrides)
                  200028f8    00000018     release_pem4f.oem4f (.data:ti_sysbios_family_arm_m3_Hwi_Object__table__V)
                  20002910    00000018     release_pem4f.oem4f (.data:ti_sysbios_heaps_HeapMem_Object__table__V)
                  20002928    00000014     ti_radio_config.obj (.data:pOverridesTx20)
                  2000293c    00000014     ti_radio_config.obj (.data:pOverridesTxStd)
                  20002950    00000010     ti_radio_config.obj (.data:RF_prop)
                  20002960    0000000c     main_tirtos.obj (.data:pinTable)
                  2000296c    00000008     rtsv7M4_T_le_v4SPD16_eabi.lib : _lock.c.obj (.data:$O1$$)
                  20002974    00000008     drivers_cc13x2.aem4f : PINCC26XX.oem4f (.data)
                  2000297c    00000008     release_pem4f.oem4f (.data:ti_sysbios_family_arm_m3_Hwi_Module__root__V)
                  20002984    00000008     release_pem4f.oem4f (.data:ti_sysbios_gates_GateHwi_Module__root__V)
                  2000298c    00000008     release_pem4f.oem4f (.data:ti_sysbios_gates_GateMutex_Module__root__V)
                  20002994    00000008     release_pem4f.oem4f (.data:ti_sysbios_hal_Hwi_Module__root__V)
                  2000299c    00000008     release_pem4f.oem4f (.data:ti_sysbios_heaps_HeapMem_Module__root__V)
                  200029a4    00000008     release_pem4f.oem4f (.data:ti_sysbios_knl_Clock_Module__root__V)
                  200029ac    00000008     release_pem4f.oem4f (.data:ti_sysbios_knl_Event_Module__root__V)
                  200029b4    00000008     release_pem4f.oem4f (.data:ti_sysbios_knl_Mailbox_Module__root__V)
                  200029bc    00000008     release_pem4f.oem4f (.data:ti_sysbios_knl_Queue_Module__root__V)
                  200029c4    00000008     release_pem4f.oem4f (.data:ti_sysbios_knl_Semaphore_Module__root__V)
                  200029cc    00000008     release_pem4f.oem4f (.data:ti_sysbios_knl_Swi_Module__root__V)
                  200029d4    00000008     release_pem4f.oem4f (.data:ti_sysbios_knl_Task_Module__root__V)
                  200029dc    00000008     release_pem4f.oem4f (.data:xdc_runtime_System_Module_State_0_atexitHandlers__A)
                  200029e4    00000004     rtsv7M4_T_le_v4SPD16_eabi.lib : rand.c.obj (.data)
                  200029e8    00000004                                   : stkdepth_vars.c.obj (.data)
                  200029ec    00000004     release_pem4f.oem4f (.data:ti_sysbios_family_arm_m3_Hwi_Module_State_0_excContext__A)
                  200029f0    00000004     release_pem4f.oem4f (.data:ti_sysbios_family_arm_m3_Hwi_Module_State_0_excStack__A)
                  200029f4    00000004     release_pem4f.oem4f (.data:ti_sysbios_knl_Task_Module_State_0_idleTask__A)
                  200029f8    00000001     rf_multiMode_cc13x2.aem4f : rf_patch_cpe_multi_protocol.c.cc13x2.ccs.o (.data)
                  200029f9    00000001     ti_drivers_config.obj (.data)

.stack     0    20013c00    00000400     UNINITIALIZED
                  20013c00    00000400     --HOLE--

.priheap   0    200012f0    00001000     UNINITIALIZED
                  200012f0    00001000     --HOLE--

.data:xdcRomConstPtr 
*          0    20000100    00000004     UNINITIALIZED
                  20000100    00000004     release_pem4f.oem4f (.data:xdcRomConstPtr)

.data:xdcRomExternFuncPtr 
*          0    20000104    00000004     UNINITIALIZED
                  20000104    00000004     release_pem4f.oem4f (.data:xdcRomExternFuncPtr)

.data:xdcRomStatePtr 
*          0    20000108    00000004     UNINITIALIZED
                  20000108    00000004     release_pem4f.oem4f (.data:xdcRomStatePtr)

.bootVecs 
*          0    00000000    00000008     DSECT
                  00000000    00000008     boot.aem4f : boot.oem4f (.bootVecs)

.resetVecs 
*          0    00000000    0000003c     
                  00000000    0000003c     release_pem4f.oem4f (.resetVecs)

.vecs      0    20000000    000000d8     NOLOAD SECTION
                  20000000    000000d8     release_pem4f.oem4f (.vecs)

xdc.meta   0    00000000    0000011c     COPY SECTION
                  00000000    0000011c     release_pem4f.oem4f (xdc.meta)

xdc.noload 
*          0    00000000    00000000     COPY SECTION

.text      0    0000003c    00007b18     
                  0000003c    000006f0     EasyLink.obj (.text:EasyLink_init)
                  0000072c    0000049c     rf_multiMode_cc13x2.aem4f : RFCC26X2_multiMode.c.cc13x2.ccs.o (.text:RF_fsmActiveState)
                  00000bc8    0000035c     EasyLink.obj (.text:EasyLink_receive)
                  00000f24    0000025c     rf_multiMode_cc13x2.aem4f : RFCC26X2_multiMode.c.cc13x2.ccs.o (.text:RF_open)
                  00001180    00000204                               : RFCC26X2_multiMode.c.cc13x2.ccs.o (.text:RF_scheduleCmd)
                  00001384    000001c4     drivers_cc13x2.aem4f : PINCC26XX.oem4f (.text:PIN_init)
                  00001548    000001b6     rtsv7M4_T_le_v4SPD16_eabi.lib : fd_add_t2.asm.obj (.text)
                  000016fe    00000002     display.aem4f : DisplayUart.oem4f (.text:DisplayUartMin_clear)
                  00001700    000001a8     drivers_cc13x2.aem4f : PowerCC26X2.oem4f (.text:Power_sleep)
                  000018a8    000001a4     rom_sysbios.aem4f : rom_sysbios.obj (.text:mq_open)
                  00001a4c    00000194     rfEasyLinkRx.obj (.text:rfEasyLinkRxFnx)
                  00001be0    00000190     rf_multiMode_cc13x2.aem4f : RFCC26X2_multiMode.c.cc13x2.ccs.o (.text:RF_dispatchNextCmd)
                  00001d70    00000190     drivers_cc13x2.aem4f : PowerCC26X2_calibrateRCOSC.oem4f (.text:calibrateRcoscHf1)
                  00001f00    00000190     ti_drivers_config.obj (.text:rfDriverCallback)
                  00002090    0000018c     drivers_cc13x2.aem4f : PowerCC26X2.oem4f (.text:Power_init)
                  0000221c    0000018c                          : PowerCC26X2_calibrateRCOSC.oem4f (.text:runCalibrateFsm)
                  000023a8    00000188     release_pem4f.oem4f (.text:xdc_runtime_System_printfExtend__I)
                  00002530    00000164     drivers_cc13x2.aem4f : UARTCC26XX.oem4f (.text:UARTCC26XX_open)
                  00002694    00000154     rf_multiMode_cc13x2.aem4f : RFCC26X2_multiMode.c.cc13x2.ccs.o (.text:RF_initRadioSetup)
                  000027e8    00000154     drivers_cc13x2.aem4f : UARTCC26XX.oem4f (.text:UARTCC26XX_hwiIntFxn)
                  0000293c    00000148     rf_multiMode_cc13x2.aem4f : RFCC26X2_multiMode.c.cc13x2.ccs.o (.text:RF_fsmSetupState)
                  00002a84    00000140                               : RFCC26X2_multiMode.c.cc13x2.ccs.o (.text:RF_close)
                  00002bc4    0000013a     drivers_cc13x2.aem4f : UARTCC26XX.oem4f (.text:UARTCC26XX_read)
                  00002cfe    00000002     display.aem4f : DisplayUart.oem4f (.text:DisplayUartMin_clearLines)
                  00002d00    00000134     rf_multiMode_cc13x2.aem4f : RFCC26X2_multiMode.c.cc13x2.ccs.o (.text:RF_abortCmd)
                  00002e34    00000120                               : RFCC26X2_multiMode.c.cc13x2.ccs.o (.text:RF_radioOpDoneCb)
                  00002f54    00000112                               : RFCC26X2_multiMode.c.cc13x2.ccs.o (.text:RF_decodeOverridePointers)
                  00003066    00000002     display.aem4f : DisplayUart.oem4f (.text:DisplayUartMin_init)
                  00003068    00000100     drivers_cc13x2.aem4f : PowerCC26X2.oem4f (.text:configureXOSCHF)
                  00003168    000000fc     driverlib.lib : sys_ctrl.obj (.text:NOROM_SysCtrlStandby)
                  00003264    000000fc     rf_multiMode_cc13x2.aem4f : RFCC26X2_multiMode.c.cc13x2.ccs.o (.text:RF_hwiCpe0Active)
                  00003360    000000fc     rtsv7M4_T_le_v4SPD16_eabi.lib : fd_mul_t2.asm.obj (.text)
                  0000345c    000000f8     drivers_cc13x2.aem4f : PINCC26XX.oem4f (.text:PINCC26XX_setIoCfg)
                  00003554    000000f0     rf_multiMode_cc13x2.aem4f : RFCC26X2_multiMode.c.cc13x2.ccs.o (.text:RF_fsmPowerUpState)
                  00003644    000000ec     rom_sysbios.aem4f : rom_sysbios.obj (.text:pthread_create)
                  00003730    000000e8     main_tirtos.obj (.text:main)
                  00003818    000000e0     drivers_cc13x2.aem4f : UARTCC26XX.oem4f (.text:UARTCC26XX_write)
                  000038f8    000000d8     rf_multiMode_cc13x2.aem4f : RFCC26X2_multiMode.c.cc13x2.ccs.o (.text:RF_postCmd)
                  000039d0    000000d4                               : RFCC26X2_multiMode.c.cc13x2.ccs.o (.text:RF_pendCmd)
                  00003aa4    000000d2                               : RFCC26X2_multiMode.c.cc13x2.ccs.o (.text:RF_updatePaConfiguration)
                  00003b76    00000002                               : rfc.c.cc13x2.ccs.o (.text:NOROM_RFCCpePatchReset)
                  00003b78    000000d0                               : RFCC26X2_multiMode.c.cc13x2.ccs.o (.text:RF_swiHw)
                  00003c48    000000c8     drivers_cc13x2.aem4f : PowerCC26X2.oem4f (.text:Power_releaseDependency)
                  00003d10    000000c8     rf_multiMode_cc13x2.aem4f : RFCC26X2_multiMode.c.cc13x2.ccs.o (.text:RF_hwiTempLimit)
                  00003dd8    000000c4     drivers_cc13x2.aem4f : PowerCC26X2.oem4f (.text:Power_setDependency)
                  00003e9c    000000c0                          : UARTCC26XX.oem4f (.text:UARTCC26XX_initIO)
                  00003f5c    000000b8                          : UARTCC26XX.oem4f (.text:UARTCC26XX_initHw)
                  00004014    000000b4     dpl_cc13x2.aem4f : PowerCC26X2_tirtos.oem4f (.text:PowerCC26XX_standbyPolicy)
                  000040c8    000000b4     uartThread.obj (.text:uartThread)
                  0000417c    000000ac     drivers_cc13x2.aem4f : PINCC26XX.oem4f (.text:PIN_open)
                  00004228    000000ac     driverlib.lib : setup.obj (.text:TrimAfterColdResetWakeupFromShutDown)
                  000042d4    000000a4     rf_multiMode_cc13x2.aem4f : RFCC26X2_multiMode.c.cc13x2.ccs.o (.text:RF_ratRestartChannels)
                  00004378    000000a0     auto_init.aem4f : auto_init.oem4f (.text)
                  00004418    000000a0     rom_sysbios.aem4f : rom_sysbios.obj (.text:ti_sysbios_knl_Task_setPri__E)
                  000044b8    0000009c     rf_multiMode_cc13x2.aem4f : RFCC26X2_multiMode.c.cc13x2.ccs.o (.text:RF_calculateDispatchTime)
                  00004554    0000009c     rtsv7M4_T_le_v4SPD16_eabi.lib : memcpy_t2.asm.obj (.text)
                  000045f0    00000098     driverlib.lib : setup.obj (.text:NOROM_SetupTrimDevice)
                  00004688    00000098     drivers_cc13x2.aem4f : UARTCC26XX.oem4f (.text:writeTxFifoFlush)
                  00004720    00000096     rtsv7M4_T_le_v4SPD16_eabi.lib : ull_div_t2.asm.obj (.text)
                  000047b6    00000092     drivers_cc13x2.aem4f : UARTCC26XX.oem4f (.text:UARTCC26XX_writeCancel)
                  00004848    00000090     rf_multiMode_cc13x2.aem4f : RFCC26X2_multiMode.c.cc13x2.ccs.o (.text:RF_discardPendCmd)
                  000048d8    0000008c                               : RFCC26X2_multiMode.c.cc13x2.ccs.o (.text:RF_cmdDispatchTime)
                  00004964    00000088     driverlib.lib : osc.obj (.text:NOROM_OSCHF_AttemptToSwitchToXosc)
                  000049ec    00000088     rf_multiMode_cc13x2.aem4f : RFCC26X2_multiMode.c.cc13x2.ccs.o (.text:RF_getTxPower)
                  00004a74    00000088     rom_sysbios.aem4f : rom_sysbios.obj (.text:_pthread_removeThreadKeys)
                  00004afc    00000088     drivers_cc13x2.aem4f : PowerCC26X2_calibrateRCOSC.oem4f (.text:calibrateRcoscHf2)
                  00004b84    00000088                          : PowerCC26X2.oem4f (.text:disableLFClockQualifiers)
                  00004c0c    00000088                          : PowerCC26X2_calibrateRCOSC.oem4f (.text:updateSubSecInc)
                  00004c94    00000086     rtsv7M4_T_le_v4SPD16_eabi.lib : fd_cmp_t2.asm.obj (.text:__aeabi_cdcmple)
                  00004d1a    00000086                                   : fd_cmp_t2.asm.obj (.text:__aeabi_cdrcmple)
                  00004da0    00000084     CC1352P1_LAUNCHXL_fxns.obj (.text:CC1352P1_LAUNCHXL_sendExtFlashByte)
                  00004e24    00000084     rf_multiMode_cc13x2.aem4f : RFCC26X2_multiMode.c.cc13x2.ccs.o (.text:RF_issueRadioFreeCb)
                  00004ea8    00000084                               : RFCC26X2_multiMode.c.cc13x2.ccs.o (.text:RF_verifyGap)
                  00004f2c    00000084     drivers_cc13x2.aem4f : UARTCC26XX.oem4f (.text:UARTCC26XX_close)
                  00004fb0    00000084     rom_sysbios.aem4f : rom_sysbios.obj (.text:ti_sysbios_family_arm_m3_Hwi_excHandlerMin__I)
                  00005034    00000080                       : rom_sysbios.obj (.text:ti_sysbios_family_arm_cc26xx_Timer_start__E)
                  000050b4    0000007c     rf_multiMode_cc13x2.aem4f : RFCC26X2_multiMode.c.cc13x2.ccs.o (.text:RF_ratFreeChannel)
                  00005130    0000007a     rtsv7M4_T_le_v4SPD16_eabi.lib : memset_t2.asm.obj (.text)
                  000051aa    00000002     rf_multiMode_cc13x2.aem4f : RFCC26X2_multiMode.c.cc13x2.ccs.o (.text:RF_defaultCallback)
                  000051ac    00000074     drivers_cc13x2.aem4f : PowerCC26X2_calibrateRCOSC.oem4f (.text:PowerCC26X2_auxISR)
                  00005220    00000072     rf_multiMode_cc13x2.aem4f : RFCC26X2_multiMode.c.cc13x2.ccs.o (.text:RF_detachOverrides)
                  00005292    00000070                               : rfc.c.cc13x2.ccs.o (.text:NOROM_RFCAnaDivTxOverride)
                  00005302    00000002     rtsv7M4_T_le_v4SPD16_eabi.lib : _lock.c.obj (.text:_nop)
                  00005304    00000070     rf_multiMode_cc13x2.aem4f : RFCC26X2_multiMode.c.cc13x2.ccs.o (.text:RF_hwiHw)
                  00005374    0000006e                               : RFCC26X2_multiMode.c.cc13x2.ccs.o (.text:RF_attachOverrides)
                  000053e2    0000006e                               : RFCC26X2_multiMode.c.cc13x2.ccs.o (.text:RF_howToSchedule)
                  00005450    0000006e     rtsv7M4_T_le_v4SPD16_eabi.lib : ll_div_t2.asm.obj (.text)
                  000054be    00000002     drivers_cc13x2.aem4f : PowerCC26X2.oem4f (.text:emptyClockFunc)
                  000054c0    0000006d     rom_sysbios.aem4f : rom_sysbios.obj (.text:xdc_runtime_System_formatNum__I)
                  0000552d    00000001     --HOLE-- [fill = 0]
                  0000552e    00000002     rtsv7M4_T_le_v4SPD16_eabi.lib : div0.asm.obj (.text)
                  00005530    0000006c     rf_multiMode_cc13x2.aem4f : RFCC26X2_multiMode.c.cc13x2.ccs.o (.text:RF_getCurrentTime)
                  0000559c    00000068     driverlib.lib : osc.obj (.text:NOROM_OSCHF_SwitchToRcOscTurnOffXosc)
                  00005604    00000068                   : sys_ctrl.obj (.text:NOROM_SysCtrlSetRechargeBeforePowerDown)
                  0000566c    00000068     rtsv7M4_T_le_v4SPD16_eabi.lib : copy_decompress_lzss.c.obj (.text:decompress:lzss:__TI_decompress_lzss)
                  000056d4    00000064     driverlib.lib : osc.obj (.text:NOROM_OSC_HPOSCRtcCompensate)
                  00005738    00000064     rf_multiMode_cc13x2.aem4f : RFCC26X2_multiMode.c.cc13x2.ccs.o (.text:RF_dispatchNextEvent)
                  0000579c    00000064     drivers_cc13x2.aem4f : UARTCC26XX.oem4f (.text:UARTCC26XX_control)
                  00005800    00000062                          : UARTCC26XX.oem4f (.text:UARTCC26XX_swiIntFxn)
                  00005862    00000002     release_pem4f.oem4f (.text:ti_sysbios_BIOS_nullFunc__I)
                  00005864    00000060     rf_multiMode_cc13x2.aem4f : RFCC26X2_multiMode.c.cc13x2.ccs.o (.text:RF_applyRfCorePatch)
                  000058c4    00000060                               : rf_patch_cpe_multi_protocol.c.cc13x2.ccs.o (.text:configureMultiProtocolPatch)
                  00005924    0000005c     display.aem4f : Display.oem4f (.text:Display_doOpen)
                  00005980    0000005c     drivers_cc13x2.aem4f : PINCC26XX.oem4f (.text:PIN_remove)
                  000059dc    0000005c     rf_multiMode_cc13x2.aem4f : RFCC26X2_multiMode.c.cc13x2.ccs.o (.text:RF_syncCb)
                  00005a38    0000005c     rom_sysbios.aem4f : rom_sysbios.obj (.text:ti_sysbios_heaps_HeapMem_initPrimary__I)
                  00005a94    0000005c     release_pem4f.oem4f (.text:xdc_runtime_Startup_getState__I)
                  00005af0    0000005a     EasyLink.obj (.text:createTxAdvFromTx)
                  00005b4a    00000002     rom_sysbios.aem4f : rom_sysbios.obj (.text:xdc_runtime_SysCallback_defaultAbort)
                  00005b4c    00000058     drivers_cc13x2.aem4f : PowerCC26X2_calibrateRCOSC.oem4f (.text:PowerCC26X2_initiateCalibration)
                  00005ba4    00000058     rf_multiMode_cc13x2.aem4f : RFCC26X2_multiMode.c.cc13x2.ccs.o (.text:RF_fsmXOSCState)
                  00005bfc    00000058                               : RFCC26X2_multiMode.c.cc13x2.ccs.o (.text:RF_hwiCpe0PowerFsm)
                  00005c54    00000058     boot.aem4f : boot.oem4f (.text)
                  00005cac    00000058     rom_sysbios.aem4f : rom_sysbios.obj (.text:pthread_exit)
                  00005d04    00000056     rf_multiMode_cc13x2.aem4f : RFCC26X2_multiMode.c.cc13x2.ccs.o (.text:RF_defaultSubmitPolicy)
                  00005d5a    00000002     rom_sysbios.aem4f : rom_sysbios.obj (.text:xdc_runtime_SysCallback_defaultExit)
                  00005d5c    00000054     driverlib.lib : chipinfo.obj (.text:NOROM_ChipInfo_GetChipType)
                  00005db0    00000050     dpl_cc13x2.aem4f : ClockP_tirtos.oem4f (.text:ClockP_construct)
                  00005e00    00000050     rf_multiMode_cc13x2.aem4f : RFCC26X2_multiMode.c.cc13x2.ccs.o (.text:RF_wakeupNotification)
                  00005e50    00000050     rom_sysbios.aem4f : rom_sysbios.obj (.text:mq_send)
                  00005ea0    0000004c     CC1352P1_LAUNCHXL_fxns.obj (.text:CC1352P1_LAUNCHXL_wakeUpExtFlash)
                  00005eec    0000004c     drivers_cc13x2.aem4f : UARTCC26XX.oem4f (.text:UARTCC26XX_readCancel)
                  00005f38    0000004c     rtsv7M4_T_le_v4SPD16_eabi.lib : cpy_tbl.c.obj (.text:copy_in)
                  00005f84    0000004c     drivers_cc13x2.aem4f : UARTCC26XX.oem4f (.text:startTxFifoEmptyClk)
                  00005fd0    0000004c                          : PowerCC26X2.oem4f (.text:switchXOSCHF)
                  0000601c    0000004a     display.aem4f : DisplayUart.oem4f (.text:DisplayUartMin_open)
                  00006066    00000002     rom_sysbios.aem4f : rom_sysbios.obj (.text:xdc_runtime_SysCallback_defaultFlush)
                  00006068    00000048     rf_multiMode_cc13x2.aem4f : rfc.c.cc13x2.ccs.o (.text:NOROM_RFCSynthPowerDown)
                  000060b0    00000048     drivers_cc13x2.aem4f : PINCC26XX.oem4f (.text:PIN_setOutputEnable)
                  000060f8    00000048                          : PowerCC26X2_calibrateRCOSC.oem4f (.text:PowerCC26X2_RCOSC_clockFunc)
                  00006140    00000048                          : PowerCC26X2.oem4f (.text:PowerCC26XX_switchXOSC_HF)
                  00006188    00000048     rtsv7M4_T_le_v4SPD16_eabi.lib : fd_toi_t2.asm.obj (.text)
                  000061d0    00000048     drivers_cc13x2.aem4f : UARTCC26XX.oem4f (.text:writeFinishedDoCallback)
                  00006218    00000046     display.aem4f : DisplayUart.oem4f (.text:DisplayUartMin_vprintf)
                  0000625e    00000046     drivers_cc13x2.aem4f : RingBuf.oem4f (.text:RingBuf_put)
                  000062a4    00000044     driverlib.lib : chipinfo.obj (.text:NOROM_ChipInfo_GetHwRevision)
                  000062e8    00000044     drivers_cc13x2.aem4f : PINCC26XX.oem4f (.text:PIN_swi)
                  0000632c    00000044                          : UART.oem4f (.text:UART_init)
                  00006370    00000044     rtsv7M4_T_le_v4SPD16_eabi.lib : fd_tou_t2.asm.obj (.text)
                  000063b4    00000040     CC1352P1_LAUNCHXL_fxns.obj (.text:CC1352P1_LAUNCHXL_shutDownExtFlash)
                  000063f4    00000040     drivers_cc13x2.aem4f : PowerCC26X2.oem4f (.text:PowerCC26XX_isStableXOSC_HF)
                  00006434    00000040                          : RingBuf.oem4f (.text:RingBuf_get)
                  00006474    00000040                          : UART.oem4f (.text:UART_open)
                  000064b4    00000040     rtsv7M4_T_le_v4SPD16_eabi.lib : u_divt2.asm.obj (.text)
                  000064f4    00000040     rom_sysbios.aem4f : rom_sysbios.obj (.text:ti_sysbios_family_arm_cc26xx_Timer_setThreshold__I)
                  00006534    0000003e     dpl_cc13x2.aem4f : HwiP_tirtos.oem4f (.text:HwiP_construct)
                  00006572    00000002     rom_sysbios.aem4f : rom_sysbios.obj (.text:xdc_runtime_SysCallback_defaultPutch)
                  00006574    0000003c     drivers_cc13x2.aem4f : PINCC26XX.oem4f (.text:PIN_setOutputValue)
                  000065b0    0000003c     rf_multiMode_cc13x2.aem4f : RFCC26X2_multiMode.c.cc13x2.ccs.o (.text:RF_cmdGet)
                  000065ec    0000003c                               : RFCC26X2_multiMode.c.cc13x2.ccs.o (.text:RF_cmdStoreEvents)
                  00006628    0000003c     dpl_cc13x2.aem4f : SwiP_tirtos.oem4f (.text:SwiP_construct)
                  00006664    0000003c     ti_drivers_config.obj (.text:initRfFrontend)
                  000066a0    0000003c     rom_sysbios.aem4f : rom_sysbios.obj (.text:ti_sysbios_family_arm_m3_Hwi_construct2__E)
                  000066dc    00000038     driverlib.lib : osc.obj (.text:NOROM_OSC_HPOSCRelativeFrequencyOffsetGet)
                  00006714    00000038     drivers_cc13x2.aem4f : PINCC26XX.oem4f (.text:PIN_setConfig)
                  0000674c    00000038     rf_multiMode_cc13x2.aem4f : RFCC26X2_multiMode.c.cc13x2.ccs.o (.text:RF_checkCmdFsError)
                  00006784    00000038                               : RFCC26X2_multiMode.c.cc13x2.ccs.o (.text:RF_powerConstraintRelease)
                  000067bc    00000038     drivers_cc13x2.aem4f : PowerCC26X2.oem4f (.text:notify)
                  000067f4    00000038                          : UARTCC26XX.oem4f (.text:readData)
                  0000682c    00000038     rtsv7M4_T_le_v4SPD16_eabi.lib : fs_tod_t2.asm.obj (.text)
                  00006864    00000038     drivers_cc13x2.aem4f : UARTCC26XX.oem4f (.text:writeData)
                  0000689c    00000036     rom_sysbios.aem4f : rom_sysbios.obj (.text:ti_sysbios_family_arm_cc26xx_Timer_setNextTick__E)
                  000068d2    00000002     --HOLE-- [fill = 0]
                  000068d4    00000034     driverlib.lib : aux_sysif.obj (.text:NOROM_AUXSYSIFOpModeChange)
                  00006908    00000034                   : sys_ctrl.obj (.text:NOROM_SysCtrlIdle)
                  0000693c    00000034     rf_multiMode_cc13x2.aem4f : RFCC26X2_multiMode.c.cc13x2.ccs.o (.text:RF_runDirectImmediateCmd)
                  00006970    00000034     rtsv7M4_T_le_v4SPD16_eabi.lib : rand.c.obj (.text:rand)
                  000069a4    00000034     drivers_cc13x2.aem4f : UARTCC26XX.oem4f (.text:readData2RingBuf)
                  000069d8    00000030                          : PINCC26XX.oem4f (.text:PINCC26XX_setMux)
                  00006a08    00000030                          : PowerCC26X2.oem4f (.text:Power_releaseConstraint)
                  00006a38    00000030                          : PowerCC26X2.oem4f (.text:Power_setConstraint)
                  00006a68    00000030     rf_multiMode_cc13x2.aem4f : rf_patch_cpe_multi_protocol.c.cc13x2.ccs.o (.text:applyMultiProtocolPatch)
                  00006a98    00000030     release_pem4f.oem4f (.text:ti_sysbios_BIOS_atExitFunc__I)
                  00006ac8    00000030     release_pem4f.oem4f (.text:ti_sysbios_BIOS_startFunc__I)
                  00006af8    00000030     rom_sysbios.aem4f : rom_sysbios.obj (.text:ti_sysbios_family_arm_cc26xx_Timer_getCurrentTick__E)
                  00006b28    00000030                       : rom_sysbios.obj (.text:ti_sysbios_family_arm_cc26xx_Timer_initDevice__I)
                  00006b58    0000002e     rf_multiMode_cc13x2.aem4f : RFCC26X2_multiMode.c.cc13x2.ccs.o (.text:RF_queueEnd)
                  00006b86    0000002e     rtsv7M4_T_le_v4SPD16_eabi.lib : i_tofd_t2.asm.obj (.text)
                  00006bb4    0000002c     rf_multiMode_cc13x2.aem4f : RFCC26X2_multiMode.c.cc13x2.ccs.o (.text:RF_executeDirectImmediateCmd)
                  00006be0    0000002c     dpl_cc13x2.aem4f : SemaphoreP_tirtos.oem4f (.text:SemaphoreP_constructBinary)
                  00006c0c    0000002c                      : SemaphoreP_tirtos.oem4f (.text:SemaphoreP_createBinary)
                  00006c38    0000002c     rom_sysbios.aem4f : rom_sysbios.obj (.text:_pthread_delete$45)
                  00006c64    0000002c                       : rom_sysbios.obj (.text:pthread_setcancelstate)
                  00006c90    0000002c                       : rom_sysbios.obj (.text:ti_sysbios_knl_Clock_getTicksUntilInterrupt__E)
                  00006cbc    0000002a     display.aem4f : Display.oem4f (.text:Display_doPrintf)
                  00006ce6    0000002a     drivers_cc13x2.aem4f : List.oem4f (.text:List_insert)
                  00006d10    0000002a     rf_multiMode_cc13x2.aem4f : RFCC26X2_multiMode.c.cc13x2.ccs.o (.text:RF_searchAndReplacePAOverride)
                  00006d3a    0000002a     rom_sysbios.aem4f : rom_sysbios.obj (.text:ti_sysbios_knl_Clock_getTimeout__E)
                  00006d64    00000028     driverlib.lib : osc.obj (.text:NOROM_OSCHF_TurnOnXosc)
                  00006d8c    00000028     rf_multiMode_cc13x2.aem4f : rfc.c.cc13x2.ccs.o (.text:NOROM_RFCOverrideSearch)
                  00006db4    00000028     drivers_cc13x2.aem4f : PowerCC26X2.oem4f (.text:Power_registerNotify)
                  00006ddc    00000028     rf_multiMode_cc13x2.aem4f : RFCC26X2_multiMode.c.cc13x2.ccs.o (.text:RF_calculateDeltaTimeUs)
                  00006e04    00000028                               : RFCC26X2_multiMode.c.cc13x2.ccs.o (.text:RF_runCmd)
                  00006e2c    00000028     rom_sysbios.aem4f : rom_sysbios.obj (.text:findInList$44)
                  00006e54    00000028     drivers_cc13x2.aem4f : PowerCC26X2.oem4f (.text:oscillatorISR)
                  00006e7c    00000026                          : List.oem4f (.text:List_put)
                  00006ea2    00000026                          : List.oem4f (.text:List_putHead)
                  00006ec8    00000026                          : List.oem4f (.text:List_remove)
                  00006eee    00000002     --HOLE-- [fill = 0]
                  00006ef0    00000024     rf_multiMode_cc13x2.aem4f : rfc.c.cc13x2.ccs.o (.text:NOROM_RFCDoorbellSendTo)
                  00006f14    00000024     ti_drivers_config.obj (.text:PINCC26XX_setOutputValue)
                  00006f38    00000024     rf_multiMode_cc13x2.aem4f : RFCC26X2_multiMode.c.cc13x2.ccs.o (.text:RF_cmdAlloc)
                  00006f5c    00000024                               : RFCC26X2_multiMode.c.cc13x2.ccs.o (.text:RF_invokeGlobalCallback)
                  00006f80    00000024     rom_sysbios.aem4f : rom_sysbios.obj (.text:_pthread_cleanupFxn)
                  00006fa4    00000024     drivers_cc13x2.aem4f : PowerCC26X2_calibrateRCOSC.oem4f (.text:getTdcSemaphore)
                  00006fc8    00000024     rom_sysbios.aem4f : rom_sysbios.obj (.text:pthread_attr_init)
                  00006fec    00000024     release_pem4f.oem4f (.text:ti_sysbios_BIOS_registerRTSLock__I)
                  00007010    00000024     release_pem4f.oem4f (.text:ti_sysbios_BIOS_removeRTSLock__I)
                  00007034    00000024     rom_sysbios.aem4f : rom_sysbios.obj (.text:ti_sysbios_family_arm_cc26xx_Timer_getMaxTicks__E)
                  00007058    00000022     drivers_cc13x2.aem4f : List.oem4f (.text:List_get)
                  0000707a    00000020     dpl_cc13x2.aem4f : HwiP_tirtos.oem4f (.text:HwiP_setFunc)
                  0000709a    00000002     --HOLE-- [fill = 0]
                  0000709c    00000020     drivers_cc13x2.aem4f : PINCC26XX.oem4f (.text:PINCC26XX_setIoCfgMux)
                  000070bc    00000020                          : PowerCC26X2.oem4f (.text:Power_unregisterNotify)
                  000070dc    00000020     rf_multiMode_cc13x2.aem4f : RFCC26X2_multiMode.c.cc13x2.ccs.o (.text:RF_clkPowerUp)
                  000070fc    00000020                               : RFCC26X2_multiMode.c.cc13x2.ccs.o (.text:RF_hwiCpe0ChangePhy)
                  0000711c    00000020                               : RFCC26X2_multiMode.c.cc13x2.ccs.o (.text:RF_isStateTransitionAllowed)
                  0000713c    00000020                               : RFCC26X2_multiMode.c.cc13x2.ccs.o (.text:RF_ratIsRunning)
                  0000715c    00000020     drivers_cc13x2.aem4f : UARTCC26XX.oem4f (.text:threadSafeStdbyDisRelease)
                  0000717c    00000020                          : UARTCC26XX.oem4f (.text:threadSafeStdbyDisSet)
                  0000719c    00000020     release_pem4f.oem4f (.text:ti_sysbios_BIOS_rtsLock__I)
                  000071bc    00000020     rom_sysbios.aem4f : rom_sysbios.obj (.text:ti_sysbios_family_arm_cc26xx_Timer_dynamicStub__E)
                  000071dc    00000020                       : rom_sysbios.obj (.text:xdc_runtime_Error_policyMin__E)
                  000071fc    0000001e     drivers_cc13x2.aem4f : PINCC26XX.oem4f (.text:PIN_close)
                  0000721a    0000001e                          : PowerCC26X2.oem4f (.text:Power_getTransitionLatency)
                  00007238    0000001c     ti_drivers_config.obj (.text:Board_init)
                  00007254    0000001c     driverlib.lib : chipinfo.obj (.text:NOROM_ChipInfo_GetChipFamily)
                  00007270    0000001c     drivers_cc13x2.aem4f : PINCC26XX.oem4f (.text:PIN_hwi)
                  0000728c    0000001c     dpl_cc13x2.aem4f : PowerCC26X2_tirtos.oem4f (.text:PowerCC26XX_schedulerDisable)
                  000072a8    0000001c                      : PowerCC26X2_tirtos.oem4f (.text:PowerCC26XX_schedulerRestore)
                  000072c4    0000001c     rf_multiMode_cc13x2.aem4f : RFCC26X2_multiMode.c.cc13x2.ccs.o (.text:RF_clkInactivityCallback)
                  000072e0    0000001c                               : RFCC26X2_multiMode.c.cc13x2.ccs.o (.text:RF_getPAOverrideOffsetAndValue)
                  000072fc    0000001c                               : RFCC26X2_multiMode.c.cc13x2.ccs.o (.text:RF_powerConstraintSet)
                  00007318    0000001c     EasyLink.obj (.text:genActivityTableValue)
                  00007334    0000001c     rom_sysbios.aem4f : rom_sysbios.obj (.text:ti_sysbios_knl_Swi_construct2__E)
                  00007350    0000001c     release_pem4f.oem4f (.text:xdc_runtime_Startup_exec__I)
                  0000736c    0000001a     drivers_cc13x2.aem4f : PowerCC26X2.oem4f (.text:PowerCC26XX_calibrate)
                  00007386    00000018     EasyLink.obj (.text:ChipInfo_ChipFamilyIs_CC13x2_CC26x2)
                  0000739e    00000018     EasyLink.obj (.text:ChipInfo_ChipFamilyIs_CC26x0R2)
                  000073b6    00000002     --HOLE-- [fill = 0]
                  000073b8    00000018     driverlib.lib : chipinfo.obj (.text:NOROM_ChipInfo_GetPackageType)
                  000073d0    00000018     drivers_cc13x2.aem4f : PowerCC26X2.oem4f (.text:Power_idleFunc)
                  000073e8    00000018     rf_multiMode_cc13x2.aem4f : RFCC26X2_multiMode.c.cc13x2.ccs.o (.text:RF_ScheduleCmdParams_init)
                  00007400    00000018                               : RFCC26X2_multiMode.c.cc13x2.ccs.o (.text:RF_swiFsm)
                  00007418    00000018     drivers_cc13x2.aem4f : UART.oem4f (.text:UART_Params_init)
                  00007430    00000018     rtsv7M4_T_le_v4SPD16_eabi.lib : args_main.c.obj (.text:_args_main)
                  00007448    00000018                                   : ll_mul_t2.asm.obj (.text)
                  00007460    00000018                                   : strcmp.c.obj (.text:strcmp)
                  00007478    00000018     release_pem4f.oem4f (.text:ti_sysbios_BIOS_rtsUnlock__I)
                  00007490    00000018     rom_sysbios.aem4f : rom_sysbios.obj (.text:ti_sysbios_knl_Swi_or__E)
                  000074a8    00000018                       : rom_sysbios.obj (.text:ti_sysbios_rts_ti_ReentSupport_getReent__F)
                  000074c0    00000018                       : rom_sysbios.obj (.text:xdc_runtime_Error_init__E)
                  000074d8    00000016     EasyLink.obj (.text:ChipInfo_ChipFamilyIs_CC26x0)
                  000074ee    00000016     display.aem4f : DisplayUart.oem4f (.text:DisplayUartMin_close)
                  00007504    00000016     driverlib.lib : chipinfo.obj (.text:NOROM_ThisLibraryIsFor_CC13x2_CC26x2_HwRev20AndLater_HaltIfViolated)
                  0000751a    00000016     rf_multiMode_cc13x2.aem4f : RFCC26X2_multiMode.c.cc13x2.ccs.o (.text:RF_restartClockTimeout)
                  00007530    00000016     rom_sysbios.aem4f : rom_sysbios.obj (.text:_pthread_cleanup_pop)
                  00007546    00000016     release_pem4f.oem4f (.text:ti_sysbios_BIOS_exitFunc__I)
                  0000755c    00000016     EasyLink.obj (.text:ti_sysbios_knl_Semaphore_Params_init)
                  00007572    00000002     --HOLE-- [fill = 0]
                  00007574    00000014     EasyLink.obj (.text:EasyLink_Params_init)
                  00007588    00000014     drivers_cc13x2.aem4f : List.oem4f (.text:List_clearList)
                  0000759c    00000014     rf_multiMode_cc13x2.aem4f : rfc.c.cc13x2.ccs.o (.text:NOROM_RFCCpeIntGetAndClear)
                  000075b0    00000014     drivers_cc13x2.aem4f : PINCC26XX.oem4f (.text:PINCC26XX_getOutputValue)
                  000075c4    00000014                          : PowerCC26X2_calibrateRCOSC.oem4f (.text:PowerCC26X2_calibrate)
                  000075d8    00000014     rf_multiMode_cc13x2.aem4f : RFCC26X2_multiMode.c.cc13x2.ccs.o (.text:RF_Params_init)
                  000075ec    00000014                               : RFCC26X2_multiMode.c.cc13x2.ccs.o (.text:RF_dbellSyncOnAck)
                  00007600    00000014                               : RFCC26X2_multiMode.c.cc13x2.ccs.o (.text:RF_ratGetChannel)
                  00007614    00000014                               : rf_patch_cpe_multi_protocol.c.cc13x2.ccs.o (.text:enterMultiProtocolCpeHdPatch)
                  00007628    00000014     rom_sysbios.aem4f : rom_sysbios.obj (.text:pthread_attr_setschedparam)
                  0000763c    00000014     rtsv7M4_T_le_v4SPD16_eabi.lib : strcpy.c.obj (.text:strcpy)
                  00007650    00000014     drivers_cc13x2.aem4f : PowerCC26X2.oem4f (.text:switchToTCXO)
                  00007664    00000014     rom_sysbios.aem4f : rom_sysbios.obj (.text:ti_sysbios_family_arm_cc26xx_Timer_getCount64__E)
                  00007678    00000014     release_pem4f.oem4f (.text:ti_sysbios_knl_Clock_doTick__I)
                  0000768c    00000012     drivers_cc13x2.aem4f : RingBuf.oem4f (.text:RingBuf_construct)
                  0000769e    00000012     dpl_cc13x2.aem4f : SemaphoreP_tirtos.oem4f (.text:SemaphoreP_pend)
                  000076b0    00000012     rom_sysbios.aem4f : rom_sysbios.obj (.text:_pthread_runStub$45)
                  000076c2    00000010     dpl_cc13x2.aem4f : ClockP_tirtos.oem4f (.text:ClockP_isActive)
                  000076d2    00000010                      : HwiP_tirtos.oem4f (.text:HwiP_Params_init)
                  000076e2    00000002     --HOLE-- [fill = 0]
                  000076e4    00000010     rf_multiMode_cc13x2.aem4f : rfc.c.cc13x2.ccs.o (.text:NOROM_RFCHwIntGetAndClear)
                  000076f4    00000010     drivers_cc13x2.aem4f : PINCC26XX.oem4f (.text:PINCC26XX_getPinCount)
                  00007704    00000010     rf_multiMode_cc13x2.aem4f : RFCC26X2_multiMode.c.cc13x2.ccs.o (.text:RF_dbellSubmitCmdAsync)
                  00007714    00000010                               : RFCC26X2_multiMode.c.cc13x2.ccs.o (.text:RF_isClientOwner)
                  00007724    00000010     dpl_cc13x2.aem4f : SwiP_tirtos.oem4f (.text:SwiP_Params_init)
                  00007734    00000010     rom_sysbios.aem4f : rom_sysbios.obj (.text:ti_sysbios_family_arm_m3_Hwi_post__E)
                  00007744    00000010     drivers_cc13x2.aem4f : UARTCC26XX.oem4f (.text:uartPostNotify)
                  00007754    0000000e     rf_multiMode_cc13x2.aem4f : RFCC26X2_multiMode.c.cc13x2.ccs.o (.text:RF_getSwitchingTimeInUs)
                  00007762    0000000e     rtsv7M4_T_le_v4SPD16_eabi.lib : copy_decompress_none.c.obj (.text:decompress:none:__TI_decompress_none)
                  00007770    0000000e     rom_sysbios.aem4f : rom_sysbios.obj (.text:pthread_attr_setdetachstate)
                  0000777e    0000000e                       : rom_sysbios.obj (.text:ti_sysbios_family_arm_cc26xx_TimestampProvider_get32__E)
                  0000778c    0000000c     display.aem4f : Display.oem4f (.text:Display_doClose)
                  00007798    0000000c     driverlib.lib : cpu.obj (.text:NOROM_CPUcpsid)
                  000077a4    0000000c                   : cpu.obj (.text:NOROM_CPUcpsie)
                  000077b0    0000000c     drivers_cc13x2.aem4f : PowerCC26X2.oem4f (.text:Power_getConstraintMask)
                  000077bc    0000000c                          : PowerCC26X2.oem4f (.text:Power_getDependencyCount)
                  000077c8    0000000c     rf_multiMode_cc13x2.aem4f : RFCC26X2_multiMode.c.cc13x2.ccs.o (.text:RF_powerConstraintGet)
                  000077d4    0000000c     dpl_cc13x2.aem4f : SemaphoreP_tirtos.oem4f (.text:SemaphoreP_delete)
                  000077e0    0000000c     rtsv7M4_T_le_v4SPD16_eabi.lib : _lock.c.obj (.text:_register_lock)
                  000077ec    0000000c                                   : _lock.c.obj (.text:_register_unlock)
                  000077f8    0000000c                                   : copy_zero_init.c.obj (.text:decompress:ZI:__TI_zero_init)
                  00007804    0000000c     rom_sysbios.aem4f : rom_sysbios.obj (.text:pthread_self)
                  00007810    0000000c                       : rom_sysbios.obj (.text:ti_sysbios_knl_Queue_insert__E)
                  0000781c    0000000c                       : rom_sysbios.obj (.text:ti_sysbios_knl_Swi_getTrigger__E)
                  00007828    0000000a     dpl_cc13x2.aem4f : ClockP_tirtos.oem4f (.text:ClockP_Params_init)
                  00007832    0000000a     drivers_cc13x2.aem4f : UART.oem4f (.text:UART_close)
                  0000783c    0000000a                          : UART.oem4f (.text:UART_control)
                  00007846    0000000a                          : UART.oem4f (.text:UART_read)
                  00007850    0000000a                          : UART.oem4f (.text:UART_write)
                  0000785a    0000000a     release_pem4f.oem4f (.text:ti_sysbios_rts_ti_ReentSupport_getTlsAddr__I)
                  00007864    00000008     CC1352P1_LAUNCHXL_fxns.obj (.text:Board_initHook)
                  0000786c    00000008     drivers_cc13x2.aem4f : UARTCC26XX.oem4f (.text:UARTCC26XX_init)
                  00007874    00000008                          : UARTCC26XX.oem4f (.text:readSemCallback)
                  0000787c    00000008                          : UARTCC26XX.oem4f (.text:writeSemCallback)
                  00007884    00000008     release_pem4f.oem4f (.text:xdc_runtime_Text_visitRope__I)
                  0000788c    00000006     display.aem4f : DisplayUart.oem4f (.text:DisplayUartMin_control)
                  00007892    00000006                   : DisplayUart.oem4f (.text:DisplayUartMin_getType)
                  00007898    00000006                   : Display.oem4f (.text:Display_doParamsInit)
                  0000789e    00000006     driverlib.lib : cpu.obj (.text:NOROM_CPUdelay)
                  000078a4    00000006     rf_multiMode_cc13x2.aem4f : RFCC26X2_multiMode.c.cc13x2.ccs.o (.text:RF_clkReqAccess)
                  000078aa    00000006     drivers_cc13x2.aem4f : UARTCC26XX.oem4f (.text:UARTCC26XX_readPolling)
                  000078b0    00000006                          : UARTCC26XX.oem4f (.text:UARTCC26XX_writePolling)
                  000078b6    00000006     rom_sysbios.aem4f : rom_sysbios.obj (.text:pthread_attr_setstacksize)
                  000078bc    00000006                       : rom_sysbios.obj (.text:ti_sysbios_family_arm_m3_Hwi_setFunc__E)
                  000078c2    00000004     dpl_cc13x2.aem4f : PowerCC26X2_tirtos.oem4f (.text:CPUwfi)
                  000078c6    00000004                      : ClockP_tirtos.oem4f (.text:ClockP_destruct)
                  000078ca    00000004                      : ClockP_tirtos.oem4f (.text:ClockP_getCpuFreq)
                  000078ce    00000004                      : ClockP_tirtos.oem4f (.text:ClockP_getTimeout)
                  000078d2    00000004                      : ClockP_tirtos.oem4f (.text:ClockP_setTimeout)
                  000078d6    00000004                      : ClockP_tirtos.oem4f (.text:ClockP_start)
                  000078da    00000004                      : ClockP_tirtos.oem4f (.text:ClockP_stop)
                  000078de    00000004                      : HwiP_tirtos.oem4f (.text:HwiP_destruct)
                  000078e2    00000004                      : HwiP_tirtos.oem4f (.text:HwiP_disable)
                  000078e6    00000004                      : HwiP_tirtos.oem4f (.text:HwiP_enableInterrupt)
                  000078ea    00000004                      : HwiP_tirtos.oem4f (.text:HwiP_post)
                  000078ee    00000004     rf_multiMode_cc13x2.aem4f : rfc.c.cc13x2.ccs.o (.text:NOROM_RFCOverrideUpdate)
                  000078f2    00000004                               : RFCC26X2_multiMode.c.cc13x2.ccs.o (.text:RF_defaultConflictPolicy)
                  000078f6    00000004     dpl_cc13x2.aem4f : SemaphoreP_tirtos.oem4f (.text:SemaphoreP_destruct)
                  000078fa    00000004                      : SemaphoreP_tirtos.oem4f (.text:SemaphoreP_post)
                  000078fe    00000004                      : SwiP_tirtos.oem4f (.text:SwiP_destruct)
                  00007902    00000004                      : SwiP_tirtos.oem4f (.text:SwiP_disable)
                  00007906    00000004                      : SwiP_tirtos.oem4f (.text:SwiP_getTrigger)
                  0000790a    00000004                      : SwiP_tirtos.oem4f (.text:SwiP_or)
                  0000790e    00000004                      : SystemP_tirtos.oem4f (.text:SystemP_vsnprintf)
                  00007912    00000004     rom_sysbios.aem4f : rom_sysbios.obj (.text:__aeabi_errno_addr)
                  00007916    00000004     drivers_cc13x2.aem4f : PowerCC26X2.oem4f (.text:configureRFCoreClocks)
                  0000791a    00000004                          : PowerCC26X2.oem4f (.text:nopResourceHandler)
                  0000791e    00000004     rom_sysbios.aem4f : rom_sysbios.obj (.text:ti_sysbios_knl_Clock_isActive__E)
                  00007922    00000004                       : rom_sysbios.obj (.text:ti_sysbios_knl_Task_getArg1__E)
                  00007926    00000004                       : rom_sysbios.obj (.text:ti_sysbios_knl_Task_getEnv__E)
                  0000792a    00000004     release_pem4f.oem4f (.text:xdc_runtime_Startup_reset__I)
                  0000792e    00000004     rom_sysbios.aem4f : rom_sysbios.obj (.text:xdc_runtime_SysCallback_defaultReady)
                  00007932    00000002     --HOLE-- [fill = 0]
                  00007934    00000008     (.tramp.xdc_runtime_System_vsnprintf__E.1)
                  0000793c    00000008     (.tramp.ti_sysbios_knl_Swi_destruct.1)
                  00007944    00000008     (.tramp.ti_sysbios_family_arm_m3_Hwi_enableInterrupt__E.1)
                  0000794c    00000008     (.tramp.ti_sysbios_family_arm_m3_Hwi_destruct.1)
                  00007954    00000008     (.tramp.ti_sysbios_BIOS_getCpuFreq__E.1)
                  0000795c    00000008     (.tramp.ti_sysbios_knl_Clock_destruct.1)
                  00007964    00000008     (.tramp.ti_sysbios_knl_Task_self__E.1)
                  0000796c    00000008     (.tramp.ti_sysbios_knl_Semaphore_delete.1)
                  00007974    00000008     (.tramp.ti_sysbios_knl_Clock_logTick__E.1)
                  0000797c    00000008     (.tramp.ti_sysbios_knl_Swi_post__E.1)
                  00007984    00000008     (.tramp.ti_sysbios_BIOS_RtsGateProxy_leave__E.1)
                  0000798c    00000008     (.tramp.ti_sysbios_knl_Swi_construct.1)
                  00007994    00000008     (.tramp.ti_sysbios_BIOS_RtsGateProxy_enter__E.1)
                  0000799c    00000008     (.tramp.ti_sysbios_family_arm_m3_Hwi_disableFxn__E.1)
                  000079a4    00000008     (.tramp.ti_sysbios_knl_Clock_getTicks__E.1)
                  000079ac    00000008     (.tramp.ti_sysbios_knl_Clock_TimerProxy_getCurrentTick__E.1)
                  000079b4    00000008     (.tramp.ti_sysbios_knl_Task_delete.1)
                  000079bc    00000008     (.tramp.ti_sysbios_knl_Semaphore_destruct.1)
                  000079c4    00000008     (.tramp.ti_sysbios_knl_Task_startup__E.1)
                  000079cc    00000008     (.tramp.ti_sysbios_knl_Swi_startup__E.1)
                  000079d4    00000008     (.tramp.ti_sysbios_hal_Hwi_startup__E.1)
                  000079dc    00000008     (.tramp.ti_sysbios_family_arm_cc26xx_Timer_startup__E.1)
                  000079e4    00000008     (.tramp.xdc_runtime_System_atexit__E.1)
                  000079ec    00000008     (.tramp.ti_sysbios_BIOS_linkedWithIncorrectBootLibrary__E.1)
                  000079f4    00000008     (.tramp.xdc_runtime_Startup_rtsDone__E.1)
                  000079fc    00000008     (.tramp.ti_sysbios_knl_Swi_disable__E.1)
                  00007a04    00000008     (.tramp.ti_sysbios_family_arm_m3_Hwi_construct.1)
                  00007a0c    00000008     (.tramp.ti_sysbios_knl_Swi_Params__init__S.1)
                  00007a14    00000008     (.tramp.ti_sysbios_family_arm_m3_Hwi_Params__init__S.1)
                  00007a1c    00000008     (.tramp.ti_sysbios_knl_Mailbox_post__E.1)
                  00007a24    00000008     (.tramp.ti_sysbios_knl_Clock_construct.1)
                  00007a2c    00000008     (.tramp.ti_sysbios_knl_Clock_Params__init__S.1)
                  00007a34    00000008     (.tramp.xdc_runtime_System_exit__E.1)
                  00007a3c    00000008     (.tramp.ti_sysbios_heaps_HeapMem_restore__E.1)
                  00007a44    00000008     (.tramp.ti_sysbios_heaps_HeapMem_Object__get__S.1)
                  00007a4c    00000008     (.tramp.xdc_runtime_Error_raiseX__E.1)
                  00007a54    00000008     (.tramp.ti_sysbios_BIOS_setThreadType__E.1)
                  00007a5c    00000008     (.tramp.ti_sysbios_family_arm_m3_Hwi_excFillContext__I.1)
                  00007a64    00000008     (.tramp.ti_sysbios_knl_Queue_next__E.1)
                  00007a6c    00000008     (.tramp.ti_sysbios_knl_Queue_head__E.1)
                  00007a74    00000008     (.tramp.ti_sysbios_knl_Task_restore__E.1)
                  00007a7c    00000008     (.tramp.ti_sysbios_knl_Queue_enqueue__E.1)
                  00007a84    00000008     (.tramp.ti_sysbios_knl_Queue_empty__E.1)
                  00007a8c    00000008     (.tramp.ti_sysbios_knl_Queue_remove__E.1)
                  00007a94    00000008     (.tramp.ti_sysbios_knl_Task_disable__E.1)
                  00007a9c    00000008     (.tramp.ti_sysbios_knl_Clock_stop__E.1)
                  00007aa4    00000008     (.tramp.ti_sysbios_knl_Clock_start__E.1)
                  00007aac    00000008     (.tramp.ti_sysbios_knl_Clock_setTimeout__E.1)
                  00007ab4    00000008     (.tramp.ti_sysbios_BIOS_start__E.1)
                  00007abc    00000008     (.tramp.ti_sysbios_knl_Task_create.1)
                  00007ac4    00000008     (.tramp.ti_sysbios_knl_Semaphore_construct.1)
                  00007acc    00000008     (.tramp.ti_sysbios_knl_Semaphore_Params__init__S.1)
                  00007ad4    00000008     (.tramp.ti_sysbios_knl_Queue_construct.1)
                  00007adc    00000008     (.tramp.ti_sysbios_knl_Task_Params__init__S.1)
                  00007ae4    00000008     (.tramp.xdc_runtime_System_doPrint__I.1)
                  00007aec    00000008     (.tramp.xdc_runtime_System_abort__E.1)
                  00007af4    00000008     (.tramp.ti_sysbios_gates_GateMutex_leave__E.1)
                  00007afc    00000008     (.tramp.xdc_runtime_Memory_free__E.1)
                  00007b04    00000008     (.tramp.ti_sysbios_knl_Mailbox_create.1)
                  00007b0c    00000008     (.tramp.xdc_runtime_Memory_alloc__E.1)
                  00007b14    00000008     (.tramp.ti_sysbios_gates_GateMutex_enter__E.1)
                  00007b1c    00000008     (.tramp.strlen.1)
                  00007b24    00000008     (.tramp.ti_sysbios_BIOS_getThreadType__E.1)
                  00007b2c    00000008     (.tramp.ti_sysbios_knl_Swi_restore__E.1)
                  00007b34    00000008     (.tramp.ti_sysbios_family_arm_m3_Hwi_restoreFxn__E.1)
                  00007b3c    00000008     (.tramp.ti_sysbios_knl_Semaphore_create.1)
                  00007b44    00000008     (.tramp.ti_sysbios_knl_Semaphore_post__E.1)
                  00007b4c    00000008     (.tramp.ti_sysbios_knl_Semaphore_pend__E.1)

.const     0    00007b54    00000eb9     
                  00007b54    00000504     rf_multiMode_cc13x2.aem4f : rf_patch_cpe_multi_protocol.c.cc13x2.ccs.o (.const:$O1$$)
                  00008058    000003b8     release_pem4f.oem4f (.const:ROM_constStruct)
                  00008410    00000214     release_pem4f.oem4f (.const)
                  00008624    00000098     rfEasyLinkRx.obj (.const:$P$T0$1)
                  000086bc    00000054     drivers_cc13x2.aem4f : PowerCC26X2.oem4f (.const:resourceDB)
                  00008710    00000050     ti_drivers_config.obj (.const:uartCC26XXHWAttrs)
                  00008760    00000048     release_pem4f.oem4f (.const:.string)
                  000087a8    00000048     release_pem4f.oem4f (.const:ROM_externFuncPtrs)
                  000087f0    00000028     drivers_cc13x2.aem4f : UARTCC26XX.oem4f (.const:UARTCC26XX_fxnTable)
                  00008818    00000024                          : UART.oem4f (.const:UART_defaultParams)
                  0000883c    00000024     release_pem4f.oem4f (.const:xdc_runtime_Startup_sfxnTab__A)
                  00008860    00000020     ti_drivers_config.obj (.const:BoardGpioInitTable)
                  00008880    00000020     display.aem4f : DisplayUart.oem4f (.const:DisplayUartMin_fxnTable)
                  000088a0    00000020     rf_multiMode_cc13x2.aem4f : RFCC26X2_multiMode.c.cc13x2.ccs.o (.const:RF_defaultParams)
                  000088c0    00000018     ti_drivers_config.obj (.const:UART_config)
                  000088d8    00000016     uartThread.obj (.const:.string:$P$T0$1)
                  000088ee    00000002     ti_drivers_config.obj (.const)
                  000088f0    00000014     CC1352P1_LAUNCHXL_fxns.obj (.const:$P$T1$2)
                  00008904    00000014     ti_drivers_config.obj (.const:PowerCC26X2_config)
                  00008918    00000014     ti_drivers_config.obj (.const:displayUartHWAttrs)
                  0000892c    00000014     drivers_cc13x2.aem4f : UARTCC26XX.oem4f (.const:parityType)
                  00008940    00000012     release_pem4f.oem4f (.const:xdc_runtime_Startup_sfxnRts__A)
                  00008952    00000001     display.aem4f : Display.oem4f (.const:Display_defaultParams)
                  00008953    00000001     ti_easylink_config.obj (.const)
                  00008954    00000010     ti_drivers_config.obj (.const:$P$T0$2)
                  00008964    00000010     EasyLink.obj (.const:EasyLink_defaultParams)
                  00008974    00000010     drivers_cc13x2.aem4f : UARTCC26XX.oem4f (.const:dataLength)
                  00008984    0000000c     ti_drivers_config.obj (.const:Display_config)
                  00008990    0000000c     ti_drivers_config.obj (.const:RFCC26XX_hwAttrs)
                  0000899c    0000000c     release_pem4f.oem4f (.const:xdc_runtime_Startup_firstFxns__A)
                  000089a8    00000008     driverlib.lib : aux_sysif.obj (.const:$O1$$)
                  000089b0    00000008     CC1352P1_LAUNCHXL_fxns.obj (.const:$P$T0$1)
                  000089b8    00000008     ti_drivers_config.obj (.const:PINCC26XX_hwAttrs)
                  000089c0    00000008     rf_multiMode_cc13x2.aem4f : RFCC26X2_multiMode.c.cc13x2.ccs.o (.const:RFCC26XX_schedulerPolicy)
                  000089c8    00000008     drivers_cc13x2.aem4f : UARTCC26XX.oem4f (.const:stopBits)
                  000089d0    00000008     release_pem4f.oem4f (.const:ti_sysbios_family_arm_m3_Hwi_excHookFuncs__A)
                  000089d8    00000008     release_pem4f.oem4f (.const:ti_sysbios_knl_Idle_funcList__A)
                  000089e0    00000006     drivers_cc13x2.aem4f : UARTCC26XX.oem4f (.const:.string:rxFifoBytes)
                  000089e6    00000006                          : UARTCC26XX.oem4f (.const:.string:rxFifoThreshold)
                  000089ec    00000006                          : UARTCC26XX.oem4f (.const:.string:txFifoBytes)
                  000089f2    00000006                          : UARTCC26XX.oem4f (.const:.string:txFifoThreshold)
                  000089f8    00000004     release_pem4f.oem4f (.const:ti_sysbios_family_arm_m3_Hwi_E_exception__C)
                  000089fc    00000004     release_pem4f.oem4f (.const:ti_sysbios_heaps_HeapMem_primaryHeapBaseAddr__C)
                  00008a00    00000004     release_pem4f.oem4f (.const:ti_sysbios_heaps_HeapMem_primaryHeapEndAddr__C)
                  00008a04    00000004     release_pem4f.oem4f (.const:ti_sysbios_knl_Clock_tickPeriod__C)
                  00008a08    00000004     release_pem4f.oem4f (.const:ti_sysbios_knl_Task_Object__heap__C)
                  00008a0c    00000001     release_pem4f.oem4f (.const:xdc_runtime_Text_charTab__A)

MODULE SUMMARY

       Module                                       code    ro data   rw data
       ------                                       ----    -------   -------
    .\
       rfEasyLinkRx.obj                             404     152       4      
       CC1352P1_LAUNCHXL_fxns.obj                   280     28        0      
       main_tirtos.obj                              232     0         32     
       uartThread.obj                               180     22        0      
    +--+--------------------------------------------+-------+---------+---------+
       Total:                                       1096    202       36     
                                                                             
    .\easylink\
       EasyLink.obj                                 2866    16        727    
    +--+--------------------------------------------+-------+---------+---------+
       Total:                                       2866    16        727    
                                                                             
    .\syscfg\
       ti_drivers_config.obj                        524     226       1717   
       ti_radio_config.obj                          0       0         354    
       ti_devices_config.obj                        0       88        0      
       ti_easylink_config.obj                       0       1         36     
    +--+--------------------------------------------+-------+---------+---------+
       Total:                                       524     315       2107   
                                                                             
    C:\Users\Baker\OneDrive\Uni\Motorsports\CCsworkspace\tirtos_builds_CC1352P1_LAUNCHXL_release_ccs\Debug\configPkg\package\cfg\
       release_pem4f.oem4f                          802     1791      1830   
    +--+--------------------------------------------+-------+---------+---------+
       Total:                                       802     1791      1830   
                                                                             
    C:/ti/simplelink_cc13x2_26x2_sdk_3_40_00_02/kernel/tirtos/packages/ti/dpl/lib/dpl_cc13x2.aem4f
       PowerCC26X2_tirtos.oem4f                     240     0         8      
       ClockP_tirtos.oem4f                          130     0         4      
       HwiP_tirtos.oem4f                            126     0         0      
       SemaphoreP_tirtos.oem4f                      126     0         0      
       SwiP_tirtos.oem4f                            92      0         0      
       SystemP_tirtos.oem4f                         4       0         0      
    +--+--------------------------------------------+-------+---------+---------+
       Total:                                       718     0         12     
                                                                             
    C:/ti/simplelink_cc13x2_26x2_sdk_3_40_00_02/source/ti/devices/cc13x2_cc26x2/driverlib/bin/ccs/driverlib.lib
       osc.obj                                      436     0         28     
       sys_ctrl.obj                                 408     0         0      
       setup.obj                                    324     0         0      
       chipinfo.obj                                 226     0         0      
       aux_sysif.obj                                52      8         0      
       cpu.obj                                      30      0         0      
       driverlib_release.obj                        0       0         1      
    +--+--------------------------------------------+-------+---------+---------+
       Total:                                       1476    8         29     
                                                                             
    C:/ti/simplelink_cc13x2_26x2_sdk_3_40_00_02/source/ti/display/lib/display.aem4f
       DisplayUart.oem4f                            184     32        0      
       Display.oem4f                                152     1         0      
    +--+--------------------------------------------+-------+---------+---------+
       Total:                                       336     33        0      
                                                                             
    C:/ti/simplelink_cc13x2_26x2_sdk_3_40_00_02/source/ti/drivers/lib/drivers_cc13x2.aem4f
       UARTCC26XX.oem4f                             2742    108       0      
       PowerCC26X2.oem4f                            2218    84        272    
       PINCC26XX.oem4f                              1394    0         276    
       PowerCC26X2_calibrateRCOSC.oem4f             1400    0         0      
       UART.oem4f                                   196     36        1      
       List.oem4f                                   210     0         0      
       RingBuf.oem4f                                152     0         0      
    +--+--------------------------------------------+-------+---------+---------+
       Total:                                       8312    228       549    
                                                                             
    C:/ti/simplelink_cc13x2_26x2_sdk_3_40_00_02/source/ti/drivers/rf/lib/rf_multiMode_cc13x2.aem4f
       RFCC26X2_multiMode.c.cc13x2.ccs.o            9388    40        1157   
       rf_patch_cpe_multi_protocol.c.cc13x2.ccs.o   164     1284      1      
       rfc.c.cc13x2.ccs.o                           302     0         0      
    +--+--------------------------------------------+-------+---------+---------+
       Total:                                       9854    1324      1158   
                                                                             
    C:\Users\Baker\OneDrive\Uni\Motorsports\CCsworkspace\tirtos_builds_CC1352P1_LAUNCHXL_release_ccs\src\sysbios\rom_sysbios.aem4f
       rom_sysbios.obj                              2541    0         136    
    +--+--------------------------------------------+-------+---------+---------+
       Total:                                       2541    0         136    
                                                                             
    C:\ti\ccs930\ccs\tools\compiler\ti-cgt-arm_18.12.4.LTS\lib\rtsv7M4_T_le_v4SPD16_eabi.lib
       fd_add_t2.asm.obj                            438     0         0      
       fd_cmp_t2.asm.obj                            268     0         0      
       fd_mul_t2.asm.obj                            252     0         0      
       memcpy_t2.asm.obj                            156     0         0      
       ull_div_t2.asm.obj                           150     0         0      
       memset_t2.asm.obj                            122     0         0      
       ll_div_t2.asm.obj                            110     0         0      
       copy_decompress_lzss.c.obj                   104     0         0      
       cpy_tbl.c.obj                                76      0         0      
       fd_toi_t2.asm.obj                            72      0         0      
       fd_tou_t2.asm.obj                            68      0         0      
       u_divt2.asm.obj                              64      0         0      
       fs_tod_t2.asm.obj                            56      0         0      
       rand.c.obj                                   52      0         4      
       i_tofd_t2.asm.obj                            46      0         0      
       _lock.c.obj                                  26      0         8      
       args_main.c.obj                              24      0         0      
       ll_mul_t2.asm.obj                            24      0         0      
       strcmp.c.obj                                 24      0         0      
       strcpy.c.obj                                 20      0         0      
       copy_decompress_none.c.obj                   14      0         0      
       copy_zero_init.c.obj                         12      0         0      
       stkdepth_vars.c.obj                          0       0         4      
       div0.asm.obj                                 2       0         0      
    +--+--------------------------------------------+-------+---------+---------+
       Total:                                       2180    0         16     
                                                                             
    C:\ti\simplelink_cc13x2_26x2_sdk_3_40_00_02\kernel\tirtos\packages\ti\targets\arm\rtsarm\lib\auto_init.aem4f
       auto_init.oem4f                              160     0         0      
    +--+--------------------------------------------+-------+---------+---------+
       Total:                                       160     0         0      
                                                                             
    C:\ti\simplelink_cc13x2_26x2_sdk_3_40_00_02\kernel\tirtos\packages\ti\targets\arm\rtsarm\lib\boot.aem4f
       boot.oem4f                                   88      0         0      
    +--+--------------------------------------------+-------+---------+---------+
       Total:                                       88      0         0      
                                                                             
       Stack:                                       0       0         1024   
       Linker Generated:                            544     775       0      
    +--+--------------------------------------------+-------+---------+---------+
       Grand Total:                                 31497   4692      7624   


LINKER GENERATED COPY TABLES

__TI_cinit_table @ 00008cf0 records: 5, size/record: 8, table size: 40
	.data: load addr=00008a10, load size=000002b3 bytes, run addr=200022f0, run size=0000070a bytes, compression=lzss
	.bss: load addr=00008cd0, load size=00000008 bytes, run addr=20000110, run size=000011da bytes, compression=zero_init
	.data:xdcRomConstPtr: load addr=00008cd8, load size=00000008 bytes, run addr=20000100, run size=00000004 bytes, compression=lzss
	.data:xdcRomExternFuncPtr: load addr=00008ce0, load size=00000008 bytes, run addr=20000104, run size=00000004 bytes, compression=lzss
	.data:xdcRomStatePtr: load addr=00008ce8, load size=00000008 bytes, run addr=20000108, run size=00000004 bytes, compression=lzss


LINKER GENERATED HANDLER TABLE

__TI_handler_table @ 00008cc4 records: 3, size/record: 4, table size: 12
	index: 0, handler: __TI_decompress_lzss
	index: 1, handler: __TI_decompress_none
	index: 2, handler: __TI_zero_init


FAR CALL TRAMPOLINES

callee name               trampoline name
   callee addr  tramp addr   call addr  call info
--------------  -----------  ---------  ----------------
xdc_runtime_System_vsnprintf__E  $Tramp$TT$L$PI$$xdc_runtime_System_vsnprintf__E
   1002f8b9     00007934     0000790e   dpl_cc13x2.aem4f : SystemP_tirtos.oem4f (.text:SystemP_vsnprintf)
ti_sysbios_knl_Swi_destruct  $Tramp$TT$L$PI$$ti_sysbios_knl_Swi_destruct
   1002e8bd     0000793c     000078fe   dpl_cc13x2.aem4f : SwiP_tirtos.oem4f (.text:SwiP_destruct)
ti_sysbios_family_arm_m3_Hwi_enableInterrupt__E  $Tramp$TT$L$PI$$ti_sysbios_family_arm_m3_Hwi_enableInterrupt__E
   1002d91d     00007944     000078e6   dpl_cc13x2.aem4f : HwiP_tirtos.oem4f (.text:HwiP_enableInterrupt)
ti_sysbios_family_arm_m3_Hwi_destruct  $Tramp$TT$L$PI$$ti_sysbios_family_arm_m3_Hwi_destruct
   1002e475     0000794c     000078de   dpl_cc13x2.aem4f : HwiP_tirtos.oem4f (.text:HwiP_destruct)
ti_sysbios_BIOS_getCpuFreq__E  $Tramp$TT$L$PI$$ti_sysbios_BIOS_getCpuFreq__E
   1002e9fd     00007954     000078ca   dpl_cc13x2.aem4f : ClockP_tirtos.oem4f (.text:ClockP_getCpuFreq)
ti_sysbios_knl_Clock_destruct  $Tramp$TT$L$PI$$ti_sysbios_knl_Clock_destruct
   1002e649     0000795c     000078c6   dpl_cc13x2.aem4f : ClockP_tirtos.oem4f (.text:ClockP_destruct)
ti_sysbios_knl_Task_self__E  $Tramp$TT$L$PI$$ti_sysbios_knl_Task_self__E
   1002eaf5     00007964     00007806   rom_sysbios.aem4f : rom_sysbios.obj (.text:pthread_self)
                             0000785c   release_pem4f.oem4f (.text:ti_sysbios_rts_ti_ReentSupport_getTlsAddr__I)
ti_sysbios_knl_Semaphore_delete  $Tramp$TT$L$PI$$ti_sysbios_knl_Semaphore_delete
   1002ecdb     0000796c     000077da   dpl_cc13x2.aem4f : SemaphoreP_tirtos.oem4f (.text:SemaphoreP_delete)
ti_sysbios_knl_Clock_logTick__E  $Tramp$TT$L$PI$$ti_sysbios_knl_Clock_logTick__E
   1002dbd7     00007974     0000767a   release_pem4f.oem4f (.text:ti_sysbios_knl_Clock_doTick__I)
ti_sysbios_knl_Swi_post__E  $Tramp$TT$L$PI$$ti_sysbios_knl_Swi_post__E
   1002d891     0000797c     000074a4   rom_sysbios.aem4f : rom_sysbios.obj (.text:ti_sysbios_knl_Swi_or__E)
                             00007682   release_pem4f.oem4f (.text:ti_sysbios_knl_Clock_doTick__I)
ti_sysbios_BIOS_RtsGateProxy_leave__E  $Tramp$TT$L$PI$$ti_sysbios_BIOS_RtsGateProxy_leave__E
   1002ec7b     00007984     00007486   release_pem4f.oem4f (.text:ti_sysbios_BIOS_rtsUnlock__I)
ti_sysbios_knl_Swi_construct  $Tramp$TT$L$PI$$ti_sysbios_knl_Swi_construct
   1002d719     0000798c     0000733a   rom_sysbios.aem4f : rom_sysbios.obj (.text:ti_sysbios_knl_Swi_construct2__E)
ti_sysbios_BIOS_RtsGateProxy_enter__E  $Tramp$TT$L$PI$$ti_sysbios_BIOS_RtsGateProxy_enter__E
   1002ec77     00007994     000071a2   release_pem4f.oem4f (.text:ti_sysbios_BIOS_rtsLock__I)
ti_sysbios_family_arm_m3_Hwi_disableFxn__E  $Tramp$TT$L$PI$$ti_sysbios_family_arm_m3_Hwi_disableFxn__E
   1002eb55     0000799c     00007082   dpl_cc13x2.aem4f : HwiP_tirtos.oem4f (.text:HwiP_setFunc)
                             000078e2                    : HwiP_tirtos.oem4f (.text:HwiP_disable)
ti_sysbios_knl_Clock_getTicks__E  $Tramp$TT$L$PI$$ti_sysbios_knl_Clock_getTicks__E
   1002dc11     000079a4     00006d4e   rom_sysbios.aem4f : rom_sysbios.obj (.text:ti_sysbios_knl_Clock_getTimeout__E)
ti_sysbios_knl_Clock_TimerProxy_getCurrentTick__E  $Tramp$TT$L$PI$$ti_sysbios_knl_Clock_TimerProxy_getCurrentTick__E
   1002eac5     000079ac     00006ca2   rom_sysbios.aem4f : rom_sysbios.obj (.text:ti_sysbios_knl_Clock_getTicksUntilInterrupt__E)
ti_sysbios_knl_Task_delete  $Tramp$TT$L$PI$$ti_sysbios_knl_Task_delete
   1002ece7     000079b4     00006c4c   rom_sysbios.aem4f : rom_sysbios.obj (.text:_pthread_delete$45)
ti_sysbios_knl_Semaphore_destruct  $Tramp$TT$L$PI$$ti_sysbios_knl_Semaphore_destruct
   1002e6fd     000079bc     00006c40   rom_sysbios.aem4f : rom_sysbios.obj (.text:_pthread_delete$45)
                             000078f6   dpl_cc13x2.aem4f : SemaphoreP_tirtos.oem4f (.text:SemaphoreP_destruct)
ti_sysbios_knl_Task_startup__E  $Tramp$TT$L$PI$$ti_sysbios_knl_Task_startup__E
   1002eceb     000079c4     00006aec   release_pem4f.oem4f (.text:ti_sysbios_BIOS_startFunc__I)
ti_sysbios_knl_Swi_startup__E  $Tramp$TT$L$PI$$ti_sysbios_knl_Swi_startup__E
   1002ec6b     000079cc     00006ae8   release_pem4f.oem4f (.text:ti_sysbios_BIOS_startFunc__I)
ti_sysbios_hal_Hwi_startup__E  $Tramp$TT$L$PI$$ti_sysbios_hal_Hwi_startup__E
   1002ec31     000079d4     00006ae4   release_pem4f.oem4f (.text:ti_sysbios_BIOS_startFunc__I)
ti_sysbios_family_arm_cc26xx_Timer_startup__E  $Tramp$TT$L$PI$$ti_sysbios_family_arm_cc26xx_Timer_startup__E
   1002dcf1     000079dc     00006ae0   release_pem4f.oem4f (.text:ti_sysbios_BIOS_startFunc__I)
xdc_runtime_System_atexit__E  $Tramp$TT$L$PI$$xdc_runtime_System_atexit__E
   1002f559     000079e4     00006ad8   release_pem4f.oem4f (.text:ti_sysbios_BIOS_startFunc__I)
ti_sysbios_BIOS_linkedWithIncorrectBootLibrary__E  $Tramp$TT$L$PI$$ti_sysbios_BIOS_linkedWithIncorrectBootLibrary__E
[...]
1002ebc1  ti_sysbios_knl_Mailbox_Params__init__S                                
1002ebcd  ti_sysbios_knl_Queue_dequeue__E                                       
1002ebd9  ti_sysbios_knl_Queue_enqueue__E                                       
1002ebe5  ti_sysbios_knl_Semaphore_Params__init__S                              
1002ebf1  ti_sysbios_knl_Swi_Params__init__S                                    
1002ebfd  ti_sysbios_knl_Swi_self__E                                            
1002ec09  ti_sysbios_knl_Task_Params__init__S                                   
1002ec15  ti_sysbios_hal_Hwi_Instance_finalize__E                               
1002ec1f  ti_sysbios_knl_Event_Instance_init__E                                 
1002ec29  ti_sysbios_family_arm_m3_Hwi_doSwiRestore__I                          
1002ec31  ti_sysbios_family_arm_m3_Hwi_startup__E                               
1002ec31  ti_sysbios_hal_Hwi_HwiProxy_startup__E                                
1002ec31  ti_sysbios_hal_Hwi_HwiProxy_startup__E                                
1002ec31  ti_sysbios_hal_Hwi_startup__E                                         
1002ec31  ti_sysbios_hal_Hwi_startup__E                                         
1002ec39  ti_sysbios_knl_Idle_loop__E                                           
1002ec41  ti_sysbios_family_arm_m3_Hwi_doTaskRestore__I                         
1002ec47  HwiP_restore                                                          
1002ec47  ti_sysbios_family_arm_m3_Hwi_restoreFxn__E                            
1002ec4d  ti_sysbios_gates_GateHwi_leave__E                                     
1002ec53  ti_sysbios_gates_GateMutex_Instance_finalize__E                       
1002ec59  ti_sysbios_heaps_HeapMem_isBlocking__E                                
1002ec5f  ti_sysbios_knl_Queue_Instance_init__E                                 
1002ec65  ti_sysbios_knl_Queue_elemClear__E                                     
1002ec6b  ti_sysbios_knl_Swi_startup__E                                         
1002ec71  ti_sysbios_knl_Task_enable__E                                         
1002ec77  ti_sysbios_BIOS_RtsGateProxy_enter__E                                 
1002ec7b  ti_sysbios_BIOS_RtsGateProxy_leave__E                                 
1002ec7f  ti_sysbios_family_arm_cc26xx_Timer_getExpiredTicks__E                 
1002ec83  ti_sysbios_family_arm_cc26xx_Timer_getPeriod__E                       
1002ec87  ti_sysbios_family_arm_cc26xx_Timer_setPeriod__E                       
1002ec8b  ti_sysbios_family_arm_m3_Hwi_delete                                   
1002ec8f  ti_sysbios_family_arm_m3_TaskSupport_Module__startupDone__S           
1002ec8f  ti_sysbios_knl_Task_SupportProxy_Module__startupDone__S               
1002ec93  ti_sysbios_gates_GateHwi_query__E                                     
1002ec93  xdc_runtime_Main_Module_GateProxy_query__E                            
1002ec93  xdc_runtime_System_Module_GateProxy_query__E                          
1002ec93  xdc_runtime_System_Module_GateProxy_query__E                          
1002ec97  ti_sysbios_gates_GateMutex_delete                                     
1002ec9b  ti_sysbios_BIOS_RtsGateProxy_query__E                                 
1002ec9b  ti_sysbios_BIOS_RtsGateProxy_query__E                                 
1002ec9b  ti_sysbios_gates_GateMutex_query__E                                   
1002ec9b  ti_sysbios_heaps_HeapMem_Module_GateProxy_query__E                    
1002ec9b  ti_sysbios_heaps_HeapMem_Module_GateProxy_query__E                    
1002ec9f  ti_sysbios_hal_Hwi_HwiProxy_create                                    
1002eca3  ti_sysbios_hal_Hwi_HwiProxy_delete                                    
1002eca7  ti_sysbios_hal_Hwi_delete                                             
1002ecab  ti_sysbios_heaps_HeapMem_Module_GateProxy_enter__E                    
1002ecaf  ti_sysbios_heaps_HeapMem_Module_GateProxy_leave__E                    
1002ecb3  ti_sysbios_knl_Clock_TimerProxy_getExpiredTicks__E                    
1002ecb7  ti_sysbios_knl_Clock_TimerProxy_getPeriod__E                          
1002ecbb  ti_sysbios_knl_Clock_delete                                           
1002ecbf  ti_sysbios_knl_Clock_removeI__E                                       
1002ecc3  ti_sysbios_knl_Clock_setTimeout__E                                    
1002ecc7  ti_sysbios_knl_Event_delete                                           
1002eccb  ti_sysbios_knl_Mailbox_delete                                         
1002eccf  ti_sysbios_knl_Queue_delete                                           
1002ecd3  ti_sysbios_knl_Queue_head__E                                          
1002ecd7  ti_sysbios_knl_Queue_next__E                                          
1002ecdb  ti_sysbios_knl_Semaphore_delete                                       
1002ecdf  ti_sysbios_knl_Swi_delete                                             
1002ece3  ti_sysbios_knl_Swi_postInit__I                                        
1002ece7  ti_sysbios_knl_Task_delete                                            
1002eceb  ti_sysbios_knl_Task_startup__E                                        
1002ecf1  xdc_runtime_System_doPrint__I                                         
1002f055  xdc_runtime_Startup_startMods__I                                      
1002f15d  xdc_runtime_Text_putSite__E                                           
1002f1f7  xdc_runtime_Error_policySpin__E                                       
1002f1f9  xdc_runtime_Text_putMod__E                                            
1002f289  xdc_runtime_Memory_alloc__E                                           
1002f2f9  xdc_runtime_Core_createObject__I                                      
1002f367  xdc_runtime_Core_deleteObject__I                                      
1002f3c5  xdc_runtime_Text_putLab__E                                            
1002f421  xdc_runtime_Assert_raise__I                                           
1002f475  xdc_runtime_Startup_exec__E                                           
1002f4c9  xdc_runtime_Core_assignParams__I                                      
1002f511  xdc_runtime_Core_constructObject__I                                   
1002f559  xdc_runtime_System_atexit__E                                          
1002f5a1  xdc_runtime_Text_xprintf__I                                           
1002f5e5  xdc_runtime_System_processAtExit__E                                   
1002f625  xdc_runtime_System_putchar__I                                         
1002f659  xdc_runtime_Core_assignLabel__I                                       
1002f689  xdc_runtime_Text_printVisFxn__I                                       
1002f6b9  xdc_runtime_System_vprintf__E                                         
1002f6e5  xdc_runtime_Text_cordText__E                                          
1002f711  xdc_runtime_System_abort__E                                           
1002f739  xdc_runtime_Error_raiseX__E                                           
1002f759  xdc_runtime_Registry_findById__E                                      
1002f779  xdc_runtime_Error_check__E                                            
1002f795  xdc_runtime_Memory_valloc__E                                          
1002f7b1  xdc_runtime_System_exit__E                                            
1002f7cd  xdc_runtime_Text_ropeText__E                                          
1002f7e9  xdc_runtime_System_printf__E                                          
1002f803  xdc_runtime_Core_destructObject__I                                    
1002f81b  xdc_runtime_System_abortSpin__E                                       
1002f81d  xdc_runtime_Memory_free__E                                            
1002f831  xdc_runtime_Memory_getStats__E                                        
1002f845  xdc_runtime_SysCallback_abort__E                                      
1002f845  xdc_runtime_System_SupportProxy_abort__E                              
1002f859  xdc_runtime_SysCallback_exit__E                                       
1002f859  xdc_runtime_System_SupportProxy_exit__E                               
1002f86d  xdc_runtime_SysCallback_flush__E                                      
1002f86d  xdc_runtime_System_SupportProxy_flush__E                              
1002f86d  xdc_runtime_System_flush__E                                           
1002f881  xdc_runtime_SysCallback_putch__E                                      
1002f881  xdc_runtime_System_SupportProxy_putch__E                              
1002f895  xdc_runtime_SysCallback_ready__E                                      
1002f895  xdc_runtime_System_SupportProxy_ready__E                              
1002f8a9  xdc_runtime_Memory_getMaxDefaultTypeAlign__E                          
1002f8b9  xdc_runtime_System_vsnprintf__E                                       
1002f8c9  xdc_runtime_Timestamp_SupportProxy_get32__E                           
1002f8c9  xdc_runtime_Timestamp_SupportProxy_get32__E                           
1002f8c9  xdc_runtime_Timestamp_get32__E                                        
1002f8c9  xdc_runtime_Timestamp_get32__E                                        
1002f8d9  xdc_runtime_Memory_calloc__E                                          
1002f8e5  xdc_runtime_Startup_rtsDone__E                                        
1002f8f1  xdc_runtime_Memory_HeapProxy_alloc__E                                 
1002f8fb  xdc_runtime_Memory_HeapProxy_free__E                                  
1002f905  xdc_runtime_Memory_HeapProxy_getStats__E                              
1002f90f  xdc_runtime_Gate_leaveSystem__E                                       
1002f915  xdc_runtime_System_Module_startup__E                                  
1002f91b  xdc_runtime_Gate_enterSystem__E                                       
1002f91f  xdc_runtime_SysCallback_Module__startupDone__S                        
1002f91f  xdc_runtime_System_SupportProxy_Module__startupDone__S                
1002f923  xdc_runtime_System_Module_GateProxy_enter__E                          
1002f927  xdc_runtime_System_Module_GateProxy_leave__E                          
1002f92b  xdc_runtime_System_printf_va__F                                       
1002f92f  xdc_runtime_System_exitSpin__E                                        
1002f931  ti_sysbios_family_arm_m3_Hwi_dispatch__I                              
1002fa11  ti_sysbios_family_arm_m3_Hwi_interruptsAreDisabledButShouldNotBe      
1002fa2d  ti_sysbios_family_arm_m3_TaskSupport_buildTaskStack                   
1002fab9  ti_sysbios_family_arm_m3_Hwi_initStacks__E                            
1002fb11  ti_sysbios_family_arm_m3_Hwi_pendSV__I                                
1002fb35  ti_sysbios_family_arm_m3_Hwi_return                                   
1002fb39  ti_sysbios_family_arm_m3_Hwi_excHandlerAsm__I                         
1002fb59  ti_sysbios_family_xxx_Hwi_switchAndRunFunc                            
1002fb77  ti_sysbios_family_arm_m3_TaskSupport_swap__E                          
1002fb77  ti_sysbios_knl_Task_SupportProxy_swap__E                              
1002fb77  ti_sysbios_knl_Task_SupportProxy_swap__E                              
1002fb83  ti_sysbios_knl_Task_swapReturn                                        
1002fb8f  ti_sysbios_family_arm_m3_TaskSupport_glue                             
1002fba0  ti_sysbios_knl_Task_Object__PARAMS__C                                 
1002fbdc  ti_sysbios_knl_Mailbox_Object__PARAMS__C                              
1002fc10  ti_sysbios_family_arm_m3_Hwi_Object__PARAMS__C                        
1002fc40  ti_sysbios_hal_Hwi_Object__PARAMS__C                                  
1002fc6c  ti_sysbios_knl_Swi_Object__PARAMS__C                                  
1002fc94  ti_sysbios_heaps_HeapMem_Object__PARAMS__C                            
1002fcb8  ti_sysbios_knl_Clock_Object__PARAMS__C                                
1002fcdc  ti_sysbios_knl_Semaphore_Object__PARAMS__C                            
1002fd00  ti_sysbios_gates_GateHwi_Object__PARAMS__C                            
1002fd18  ti_sysbios_gates_GateMutex_Object__PARAMS__C                          
1002fd30  ti_sysbios_knl_Event_Object__PARAMS__C                                
1002fd48  ti_sysbios_knl_Queue_Object__PARAMS__C                                
1002fd80  ti_sysbios_heaps_HeapTrack_Object__PARAMS__C                          
1002fd9c  ti_sysbios_heaps_HeapTrack_Instance_State_trackQueue__O               
1002fda0  ti_sysbios_heaps_HeapTrack_Module__diagsEnabled__C                    
1002fda4  ti_sysbios_heaps_HeapTrack_Module__diagsIncluded__C                   
1002fda8  ti_sysbios_heaps_HeapTrack_Module__diagsMask__C                       
1002fddb  strlen                                                                
20000000  ti_sysbios_family_arm_m3_Hwi_ramVectors                               
20000100  xdcRomConstPtr                                                        
20000104  xdcRomExternFuncPtr                                                   
20000108  xdcRomStatePtr                                                        
20000980  uartCC26XXObjects                                                     
20000bd8  ti_sysbios_knl_Task_Instance_State_0_stack__A                         
20000dd8  ti_sysbios_family_arm_m3_Hwi_dispatchTable                            
20000ff0  pinHandleTable                                                        
200012b4  displayUartObject                                                     
200012d4  ClockP_tickPeriod                                                     
200012d8  MQ_UartOUT_RfIN                                                       
200012dc  PowerCC26XX_swiKey                                                    
200012e0  PowerCC26XX_taskKey                                                   
200012e4  pinHandle                                                             
200012e9  driverlib_release_0_55938                                             
200012f0  __primary_heap_start__                                                
200022f0  PowerCC26X2_module                                                    
200022f0  __primary_heap_end__                                                  
20002400  ROM_stateStruct                                                       
20002400  ti_sysbios_knl_Clock_Module__state__V                                 
2000242c  ti_sysbios_family_arm_cc26xx_TimestampProvider_Module__state__V       
20002430  xdc_runtime_Startup_Module__state__V                                  
20002438  xdc_runtime_Registry_Module__state__V                                 
20002440  ti_sysbios_BIOS_Module__state__V                                      
20002464  ti_sysbios_knl_Swi_Module__state__V                                   
20002480  ti_sysbios_knl_Task_Module__state__V                                  
200024c4  xdc_runtime_Memory_Module__state__V                                   
200024c8  xdc_runtime_System_Module__state__V                                   
200024d0  ti_sysbios_family_arm_m3_Hwi_Module__state__V                         
20002504  ti_sysbios_family_arm_cc26xx_Timer_Module__state__V                   
20002594  txPowerTable                                                          
20002616  ti_sysbios_family_arm_m3_Hwi_Module_State_0_excActive__A              
20002618  ti_sysbios_gates_GateMutex_Object__table__V                           
2000266c  ti_sysbios_knl_Task_Object__table__V                                  
200026b8  ti_sysbios_family_arm_cc26xx_Timer_Object__table__V                   
20002740  RF_cmdPropRadioDivSetup                                               
20002770  RF_cmdPropRxAdv                                                       
200027a0  ti_sysbios_knl_Swi_Module_State_0_readyQ__A                           
200027d0  ti_sysbios_knl_Swi_Object__table__V                                   
20002800  ti_sysbios_knl_Task_Module_State_0_readyQ__A                          
20002830  EasyLink_supportedPhys                                                
20002854  ti_sysbios_knl_Clock_Object__table__V                                 
20002874  xdc_runtime_Error_IgnoreBlock                                         
200028b0  RF_cmdFs                                                              
200028c8  RF_cmdPropTx                                                          
200028e0  pOverrides                                                            
200028f8  ti_sysbios_family_arm_m3_Hwi_Object__table__V                         
20002910  ti_sysbios_heaps_HeapMem_Object__table__V                             
20002928  pOverridesTx20                                                        
2000293c  pOverridesTxStd                                                       
20002950  RF_prop                                                               
20002960  pinTable                                                              
2000296c  _lock                                                                 
20002970  _unlock                                                               
20002974  pinUpperBound                                                         
20002978  pinLowerBound                                                         
2000297c  ti_sysbios_family_arm_m3_Hwi_Module__root__V                          
20002984  ti_sysbios_gates_GateHwi_Module__root__V                              
2000298c  ti_sysbios_gates_GateMutex_Module__root__V                            
20002994  ti_sysbios_hal_Hwi_Module__root__V                                    
2000299c  ti_sysbios_heaps_HeapMem_Module__root__V                              
200029a4  ti_sysbios_knl_Clock_Module__root__V                                  
200029ac  ti_sysbios_knl_Event_Module__root__V                                  
200029b4  ti_sysbios_knl_Mailbox_Module__root__V                                
200029bc  ti_sysbios_knl_Queue_Module__root__V                                  
200029c4  ti_sysbios_knl_Semaphore_Module__root__V                              
200029cc  ti_sysbios_knl_Swi_Module__root__V                                    
200029d4  ti_sysbios_knl_Task_Module__root__V                                   
200029dc  xdc_runtime_System_Module_State_0_atexitHandlers__A                   
200029e8  main_func_sp                                                          
200029ec  ti_sysbios_family_arm_m3_Hwi_Module_State_0_excContext__A             
200029f0  ti_sysbios_family_arm_m3_Hwi_Module_State_0_excStack__A               
200029f4  ti_sysbios_knl_Task_Module_State_0_idleTask__A                        
20013c00  __stack                                                               
20014000  __STACK_END                                                           
e000e000  ti_sysbios_family_arm_m3_Hwi_nvic                                     
ffffffff  __TI_pprof_out_hndl                                                   
ffffffff  __TI_prof_data_size                                                   
ffffffff  __TI_prof_data_start                                                  
ffffffff  __binit__                                                             
ffffffff  __c_args__                                                            
ffffffff  binit                                                                 
UNDEFED   SHT$$INIT_ARRAY$$Base                                                 
UNDEFED   SHT$$INIT_ARRAY$$Limit                                                

[1052 symbols]
