******************************************************************************
                  TI ARM Linker PC v18.12.4                    
******************************************************************************
>> Linked Mon Apr  6 16:26:28 2020

OUTPUT FILE NAME:   <rfEasyLinkTx_copy.out>
ENTRY POINT SYMBOL: "ResetISR"  address: 00005c21


MEMORY CONFIGURATION

         name            origin    length      used     unused   attr    fill
----------------------  --------  ---------  --------  --------  ----  --------
  FLASH                 00000000   00058000  00008bf5  0004f40b  R  X
  GPRAM                 11000000   00002000  00000000  00002000  RW X
  SRAM                  20000000   00014000  00005868  0000e798  RW X


SEGMENT ALLOCATION MAP

run origin  load origin   length   init length attrs members
----------  ----------- ---------- ----------- ----- -------
00000000    00000000    00008ba0   00008ba0    r-x
  00000000    00000000    0000003c   0000003c    r-- .resetVecs
  0000003c    0000003c    00007a08   00007a08    r-x .text
  00007a44    00007a44    00000e49   00000e49    r-- .const
  00008890    00008890    00000310   00000310    r-- .cinit
00057fa8    00057fa8    00000058   00000058    r--
  00057fa8    00057fa8    00000058   00000058    r-- .ccfg
20000100    20000100    0000000c   00000000    rw-
  20000100    20000100    00000004   00000000    rw- .data:xdcRomConstPtr
  20000104    20000104    00000004   00000000    rw- .data:xdcRomExternFuncPtr
  20000108    20000108    00000004   00000000    rw- .data:xdcRomStatePtr
20000110    20000110    00004000   00000000    r--
  20000110    20000110    00004000   00000000    r-- .priheap
20004110    20004110    0000138a   00000000    rw-
  20004110    20004110    00000c7a   00000000    rw- .bss
  20004d90    20004d90    0000070a   00000000    rw- .data
20013c00    20013c00    00000400   00000000    rw-
  20013c00    20013c00    00000400   00000000    rw- .stack


SECTION ALLOCATION MAP

 output                                  attributes/
section   page    origin      length       input sections
--------  ----  ----------  ----------   ----------------
.binit     0    00000000    00000000     

.cinit     0    00008890    00000310     
                  00008890    000002b8     (.cinit..data.load) [load image, compression = lzss]
                  00008b48    0000000c     (__TI_handler_table)
                  00008b54    00000004     --HOLE-- [fill = 0]
                  00008b58    00000008     (.cinit..bss.load) [load image, compression = zero_init]
                  00008b60    00000008     (.cinit..data:xdcRomConstPtr.load) [load image, compression = lzss]
                  00008b68    00000008     (.cinit..data:xdcRomExternFuncPtr.load) [load image, compression = lzss]
                  00008b70    00000008     (.cinit..data:xdcRomStatePtr.load) [load image, compression = lzss]
                  00008b78    00000028     (__TI_cinit_table)

.init_array 
*          0    00000000    00000000     UNINITIALIZED

.ccfg      0    00057fa8    00000058     
                  00057fa8    00000058     ti_devices_config.obj (.ccfg:retain)

.bss       0    20004110    00000c7a     UNINITIALIZED
                  20004110    00000470     rf_multiMode_cc13x2.aem4f : RFCC26X2_multiMode.c.cc13x2.ccs.o (.bss:$O1$$)
                  20004580    00000200     release_pem4f.oem4f (.bss:taskStackSection)
                  20004780    0000012c     (.common:uartCC26XXObjects)
                  200048ac    000000d8     (.common:ti_sysbios_family_arm_m3_Hwi_dispatchTable)
                  20004984    00000004     drivers_cc13x2.aem4f : PINCC26XX.oem4f (.bss)
                  20004988    000000a8     EasyLink.obj (.bss:rfObject)
                  20004a30    0000008c     EasyLink.obj (.bss:txBuffer)
                  20004abc    0000007c     (.common:pinHandleTable)
                  20004b38    00000034     drivers_cc13x2.aem4f : PINCC26XX.oem4f (.bss:pinSwi)
                  20004b6c    00000030     EasyLink.obj (.bss:EasyLink_cmdPropRadioSetup)
                  20004b9c    00000030     EasyLink.obj (.bss:EasyLink_cmdPropRxAdv)
                  20004bcc    00000020     EasyLink.obj (.bss:EasyLink_cmdPropTxAdv)
                  20004bec    00000020     drivers_cc13x2.aem4f : PINCC26XX.oem4f (.bss:pinGpioConfigTable)
                  20004c0c    00000020     EasyLink.obj (.bss:rfParams)
                  20004c2c    00000020     ti_drivers_config.obj (.bss:uartCC26XXRingBuffer0)
                  20004c4c    0000001c     driverlib.lib : osc.obj (.bss:$O1$$)
                  20004c68    0000001c     EasyLink.obj (.bss:EasyLink_cmdPropCs)
                  20004c84    0000001c     drivers_cc13x2.aem4f : PINCC26XX.oem4f (.bss:pinHwi)
                  20004ca0    0000001c                          : PINCC26XX.oem4f (.bss:pinSemaphore)
                  20004cbc    0000001c     EasyLink.obj (.bss:schParams_prop)
                  20004cd8    00000018     EasyLink.obj (.bss)
                  20004cf0    00000018     EasyLink.obj (.bss:EasyLink_cmdFs)
                  20004d08    00000014     rf_multiMode_cc13x2.aem4f : RFCC26X2_multiMode.c.cc13x2.ccs.o (.bss:RF_ratSyncCmd)
                  20004d1c    00000010     EasyLink.obj (.bss:EasyLink_RF_prop)
                  20004d2c    00000010     EasyLink.obj (.bss:EasyLink_params)
                  20004d3c    0000000c     ti_drivers_config.obj (.bss:frontendState)
                  20004d48    0000000c     rfEasyLinkTx.obj (.bss:pinState)
                  20004d54    0000000c     EasyLink.obj (.bss:rxStatistics)
                  20004d60    00000008     EasyLink.obj (.bss:dataQueue)
                  20004d68    00000004     rfEasyLinkTx.obj (.bss)
                  20004d6c    00000004     ti_drivers_config.obj (.bss)
                  20004d70    00000004     (.common:ClockP_tickPeriod)
                  20004d74    00000004     (.common:MQ_UartOUT_RfIN)
                  20004d78    00000004     (.common:MQ_Uart_Sent)
                  20004d7c    00000004     (.common:PowerCC26XX_swiKey)
                  20004d80    00000004     (.common:PowerCC26XX_taskKey)
                  20004d84    00000004     (.common:uart)
                  20004d88    00000001     rf_multiMode_cc13x2.aem4f : RFCC26X2_multiMode.c.cc13x2.ccs.o (.bss)
                  20004d89    00000001     (.common:driverlib_release_0_55938)

.data      0    20004d90    0000070a     UNINITIALIZED
                  20004d90    00000110     drivers_cc13x2.aem4f : PowerCC26X2.oem4f (.data:PowerCC26X2_module)
                  20004ea0    0000010c     release_pem4f.oem4f (.data:ROM_stateStruct)
                  20004fac    00000088     rom_sysbios.aem4f : rom_sysbios.obj (.data:$O1$$)
                  20005034    00000082     ti_radio_config.obj (.data:txPowerTable)
                  200050b6    00000002     release_pem4f.oem4f (.data:ti_sysbios_family_arm_m3_Hwi_Module_State_0_excActive__A)
                  200050b8    00000054     release_pem4f.oem4f (.data:ti_sysbios_gates_GateMutex_Object__table__V)
                  2000510c    0000004c     release_pem4f.oem4f (.data:ti_sysbios_knl_Task_Object__table__V)
                  20005158    00000048     release_pem4f.oem4f (.data:ti_sysbios_family_arm_cc26xx_Timer_Object__table__V)
                  200051a0    00000040     EasyLink.obj (.data:addrFilterTable)
                  200051e0    00000030     ti_radio_config.obj (.data:RF_cmdPropRadioDivSetup)
                  20005210    00000030     ti_radio_config.obj (.data:RF_cmdPropRxAdv)
                  20005240    00000030     release_pem4f.oem4f (.data:ti_sysbios_knl_Swi_Module_State_0_readyQ__A)
                  20005270    00000030     release_pem4f.oem4f (.data:ti_sysbios_knl_Swi_Object__table__V)
                  200052a0    00000030     release_pem4f.oem4f (.data:ti_sysbios_knl_Task_Module_State_0_readyQ__A)
                  200052d0    00000024     ti_easylink_config.obj (.data:EasyLink_supportedPhys)
                  200052f4    00000020     release_pem4f.oem4f (.data:ti_sysbios_knl_Clock_Object__table__V)
                  20005314    00000020     release_pem4f.oem4f (.data:xdc_runtime_Error_IgnoreBlock)
                  20005334    0000001b     EasyLink.obj (.data)
                  2000534f    00000001     drivers_cc13x2.aem4f : UART.oem4f (.data)
                  20005350    00000018     ti_radio_config.obj (.data:RF_cmdFs)
                  20005368    00000018     ti_radio_config.obj (.data:RF_cmdPropTx)
                  20005380    00000018     ti_radio_config.obj (.data:pOverrides)
                  20005398    00000018     release_pem4f.oem4f (.data:ti_sysbios_family_arm_m3_Hwi_Object__table__V)
                  200053b0    00000018     release_pem4f.oem4f (.data:ti_sysbios_heaps_HeapMem_Object__table__V)
                  200053c8    00000014     ti_radio_config.obj (.data:pOverridesTx20)
                  200053dc    00000014     ti_radio_config.obj (.data:pOverridesTxStd)
                  200053f0    00000010     ti_radio_config.obj (.data:RF_prop)
                  20005400    0000000c     rfEasyLinkTx.obj (.data:pinTable)
                  2000540c    00000008     rtsv7M4_T_le_v4SPD16_eabi.lib : _lock.c.obj (.data:$O1$$)
                  20005414    00000008     drivers_cc13x2.aem4f : PINCC26XX.oem4f (.data)
                  2000541c    00000008     release_pem4f.oem4f (.data:ti_sysbios_family_arm_m3_Hwi_Module__root__V)
                  20005424    00000008     release_pem4f.oem4f (.data:ti_sysbios_gates_GateHwi_Module__root__V)
                  2000542c    00000008     release_pem4f.oem4f (.data:ti_sysbios_gates_GateMutex_Module__root__V)
                  20005434    00000008     release_pem4f.oem4f (.data:ti_sysbios_hal_Hwi_Module__root__V)
                  2000543c    00000008     release_pem4f.oem4f (.data:ti_sysbios_heaps_HeapMem_Module__root__V)
                  20005444    00000008     release_pem4f.oem4f (.data:ti_sysbios_knl_Clock_Module__root__V)
                  2000544c    00000008     release_pem4f.oem4f (.data:ti_sysbios_knl_Event_Module__root__V)
                  20005454    00000008     release_pem4f.oem4f (.data:ti_sysbios_knl_Mailbox_Module__root__V)
                  2000545c    00000008     release_pem4f.oem4f (.data:ti_sysbios_knl_Queue_Module__root__V)
                  20005464    00000008     release_pem4f.oem4f (.data:ti_sysbios_knl_Semaphore_Module__root__V)
                  2000546c    00000008     release_pem4f.oem4f (.data:ti_sysbios_knl_Swi_Module__root__V)
                  20005474    00000008     release_pem4f.oem4f (.data:ti_sysbios_knl_Task_Module__root__V)
                  2000547c    00000008     release_pem4f.oem4f (.data:xdc_runtime_System_Module_State_0_atexitHandlers__A)
                  20005484    00000004     rtsv7M4_T_le_v4SPD16_eabi.lib : rand.c.obj (.data)
                  20005488    00000004                                   : stkdepth_vars.c.obj (.data)
                  2000548c    00000004     release_pem4f.oem4f (.data:ti_sysbios_family_arm_m3_Hwi_Module_State_0_excContext__A)
                  20005490    00000004     release_pem4f.oem4f (.data:ti_sysbios_family_arm_m3_Hwi_Module_State_0_excStack__A)
                  20005494    00000004     release_pem4f.oem4f (.data:ti_sysbios_knl_Task_Module_State_0_idleTask__A)
                  20005498    00000001     rf_multiMode_cc13x2.aem4f : rf_patch_cpe_multi_protocol.c.cc13x2.ccs.o (.data)
                  20005499    00000001     ti_drivers_config.obj (.data)

.stack     0    20013c00    00000400     UNINITIALIZED
                  20013c00    00000400     --HOLE--

.priheap   0    20000110    00004000     UNINITIALIZED
                  20000110    00004000     --HOLE--

.data:xdcRomConstPtr 
*          0    20000100    00000004     UNINITIALIZED
                  20000100    00000004     release_pem4f.oem4f (.data:xdcRomConstPtr)

.data:xdcRomExternFuncPtr 
*          0    20000104    00000004     UNINITIALIZED
                  20000104    00000004     release_pem4f.oem4f (.data:xdcRomExternFuncPtr)

.data:xdcRomStatePtr 
*          0    20000108    00000004     UNINITIALIZED
                  20000108    00000004     release_pem4f.oem4f (.data:xdcRomStatePtr)

.bootVecs 
*          0    00000000    00000008     DSECT
                  00000000    00000008     boot.aem4f : boot.oem4f (.bootVecs)

.resetVecs 
*          0    00000000    0000003c     
                  00000000    0000003c     release_pem4f.oem4f (.resetVecs)

.vecs      0    20000000    000000d8     NOLOAD SECTION
                  20000000    000000d8     release_pem4f.oem4f (.vecs)

xdc.meta   0    00000000    00000130     COPY SECTION
                  00000000    00000130     release_pem4f.oem4f (xdc.meta)

xdc.noload 
*          0    00000000    00000000     COPY SECTION

.text      0    0000003c    00007a08     
                  0000003c    000006f0     EasyLink.obj (.text:EasyLink_init)
                  0000072c    0000049c     rf_multiMode_cc13x2.aem4f : RFCC26X2_multiMode.c.cc13x2.ccs.o (.text:RF_fsmActiveState)
                  00000bc8    000002b0     EasyLink.obj (.text:EasyLink_transmit)
                  00000e78    0000025c     rf_multiMode_cc13x2.aem4f : RFCC26X2_multiMode.c.cc13x2.ccs.o (.text:RF_open)
                  000010d4    00000204                               : RFCC26X2_multiMode.c.cc13x2.ccs.o (.text:RF_scheduleCmd)
                  000012d8    000001c4     drivers_cc13x2.aem4f : PINCC26XX.oem4f (.text:PIN_init)
                  0000149c    000001b6     rtsv7M4_T_le_v4SPD16_eabi.lib : fd_add_t2.asm.obj (.text)
                  00001652    00000002     rf_multiMode_cc13x2.aem4f : rfc.c.cc13x2.ccs.o (.text:NOROM_RFCCpePatchReset)
                  00001654    000001a8     drivers_cc13x2.aem4f : PowerCC26X2.oem4f (.text:Power_sleep)
                  000017fc    000001a4     rom_sysbios.aem4f : rom_sysbios.obj (.text:mq_open)
                  000019a0    00000190     rf_multiMode_cc13x2.aem4f : RFCC26X2_multiMode.c.cc13x2.ccs.o (.text:RF_dispatchNextCmd)
                  00001b30    00000190     drivers_cc13x2.aem4f : PowerCC26X2_calibrateRCOSC.oem4f (.text:calibrateRcoscHf1)
                  00001cc0    00000190     ti_drivers_config.obj (.text:rfDriverCallback)
                  00001e50    0000018c     drivers_cc13x2.aem4f : PowerCC26X2.oem4f (.text:Power_init)
                  00001fdc    0000018c                          : PowerCC26X2_calibrateRCOSC.oem4f (.text:runCalibrateFsm)
                  00002168    00000188     release_pem4f.oem4f (.text:xdc_runtime_System_printfExtend__I)
                  000022f0    00000164     drivers_cc13x2.aem4f : UARTCC26XX.oem4f (.text:UARTCC26XX_open)
                  00002454    00000154     rf_multiMode_cc13x2.aem4f : RFCC26X2_multiMode.c.cc13x2.ccs.o (.text:RF_initRadioSetup)
                  000025a8    00000154     drivers_cc13x2.aem4f : UARTCC26XX.oem4f (.text:UARTCC26XX_hwiIntFxn)
                  000026fc    00000148     rf_multiMode_cc13x2.aem4f : RFCC26X2_multiMode.c.cc13x2.ccs.o (.text:RF_fsmSetupState)
                  00002844    00000140                               : RFCC26X2_multiMode.c.cc13x2.ccs.o (.text:RF_close)
                  00002984    0000013a     drivers_cc13x2.aem4f : UARTCC26XX.oem4f (.text:UARTCC26XX_read)
                  00002abe    00000002     rf_multiMode_cc13x2.aem4f : RFCC26X2_multiMode.c.cc13x2.ccs.o (.text:RF_defaultCallback)
                  00002ac0    00000138     rfEasyLinkTx.obj (.text:rfEasyLinkTxFnx)
                  00002bf8    00000134     rf_multiMode_cc13x2.aem4f : RFCC26X2_multiMode.c.cc13x2.ccs.o (.text:RF_abortCmd)
                  00002d2c    00000120                               : RFCC26X2_multiMode.c.cc13x2.ccs.o (.text:RF_radioOpDoneCb)
                  00002e4c    00000112                               : RFCC26X2_multiMode.c.cc13x2.ccs.o (.text:RF_decodeOverridePointers)
                  00002f5e    00000002     rtsv7M4_T_le_v4SPD16_eabi.lib : _lock.c.obj (.text:_nop)
                  00002f60    00000100     drivers_cc13x2.aem4f : PowerCC26X2.oem4f (.text:configureXOSCHF)
                  00003060    00000100     main_tirtos.obj (.text:main)
                  00003160    000000fc     driverlib.lib : sys_ctrl.obj (.text:NOROM_SysCtrlStandby)
                  0000325c    000000fc     rf_multiMode_cc13x2.aem4f : RFCC26X2_multiMode.c.cc13x2.ccs.o (.text:RF_hwiCpe0Active)
                  00003358    000000fc     rtsv7M4_T_le_v4SPD16_eabi.lib : fd_mul_t2.asm.obj (.text)
                  00003454    000000f8     drivers_cc13x2.aem4f : PINCC26XX.oem4f (.text:PINCC26XX_setIoCfg)
                  0000354c    000000f0     rf_multiMode_cc13x2.aem4f : RFCC26X2_multiMode.c.cc13x2.ccs.o (.text:RF_fsmPowerUpState)
                  0000363c    000000ec     rom_sysbios.aem4f : rom_sysbios.obj (.text:pthread_create)
                  00003728    000000e0     drivers_cc13x2.aem4f : UARTCC26XX.oem4f (.text:UARTCC26XX_write)
                  00003808    000000d8     rf_multiMode_cc13x2.aem4f : RFCC26X2_multiMode.c.cc13x2.ccs.o (.text:RF_postCmd)
                  000038e0    000000d4                               : RFCC26X2_multiMode.c.cc13x2.ccs.o (.text:RF_pendCmd)
                  000039b4    000000d2                               : RFCC26X2_multiMode.c.cc13x2.ccs.o (.text:RF_updatePaConfiguration)
                  00003a86    00000002     drivers_cc13x2.aem4f : PowerCC26X2.oem4f (.text:emptyClockFunc)
                  00003a88    000000d0     rf_multiMode_cc13x2.aem4f : RFCC26X2_multiMode.c.cc13x2.ccs.o (.text:RF_swiHw)
                  00003b58    000000cc     uartThread.obj (.text:uartThread)
                  00003c24    000000c8     drivers_cc13x2.aem4f : PowerCC26X2.oem4f (.text:Power_releaseDependency)
                  00003cec    000000c8     rf_multiMode_cc13x2.aem4f : RFCC26X2_multiMode.c.cc13x2.ccs.o (.text:RF_hwiTempLimit)
                  00003db4    000000c4     drivers_cc13x2.aem4f : PowerCC26X2.oem4f (.text:Power_setDependency)
                  00003e78    000000c0                          : UARTCC26XX.oem4f (.text:UARTCC26XX_initIO)
                  00003f38    000000b8                          : UARTCC26XX.oem4f (.text:UARTCC26XX_initHw)
                  00003ff0    000000b4     dpl_cc13x2.aem4f : PowerCC26X2_tirtos.oem4f (.text:PowerCC26XX_standbyPolicy)
                  000040a4    000000ac     drivers_cc13x2.aem4f : PINCC26XX.oem4f (.text:PIN_open)
                  00004150    000000ac     driverlib.lib : setup.obj (.text:TrimAfterColdResetWakeupFromShutDown)
                  000041fc    000000a4     rf_multiMode_cc13x2.aem4f : RFCC26X2_multiMode.c.cc13x2.ccs.o (.text:RF_ratRestartChannels)
                  000042a0    000000a0     rfEasyLinkTx.obj (.text:RXSetup)
                  00004340    000000a0     auto_init.aem4f : auto_init.oem4f (.text)
                  000043e0    000000a0     rom_sysbios.aem4f : rom_sysbios.obj (.text:ti_sysbios_knl_Task_setPri__E)
                  00004480    0000009c     rf_multiMode_cc13x2.aem4f : RFCC26X2_multiMode.c.cc13x2.ccs.o (.text:RF_calculateDispatchTime)
                  0000451c    0000009c     rtsv7M4_T_le_v4SPD16_eabi.lib : memcpy_t2.asm.obj (.text)
                  000045b8    00000098     driverlib.lib : setup.obj (.text:NOROM_SetupTrimDevice)
                  00004650    00000098     drivers_cc13x2.aem4f : UARTCC26XX.oem4f (.text:writeTxFifoFlush)
                  000046e8    00000096     rtsv7M4_T_le_v4SPD16_eabi.lib : ull_div_t2.asm.obj (.text)
                  0000477e    00000092     drivers_cc13x2.aem4f : UARTCC26XX.oem4f (.text:UARTCC26XX_writeCancel)
                  00004810    00000090     rf_multiMode_cc13x2.aem4f : RFCC26X2_multiMode.c.cc13x2.ccs.o (.text:RF_discardPendCmd)
                  000048a0    0000008c                               : RFCC26X2_multiMode.c.cc13x2.ccs.o (.text:RF_cmdDispatchTime)
                  0000492c    00000088     driverlib.lib : osc.obj (.text:NOROM_OSCHF_AttemptToSwitchToXosc)
                  000049b4    00000088     rf_multiMode_cc13x2.aem4f : RFCC26X2_multiMode.c.cc13x2.ccs.o (.text:RF_getTxPower)
                  00004a3c    00000088     rom_sysbios.aem4f : rom_sysbios.obj (.text:_pthread_removeThreadKeys)
                  00004ac4    00000088     drivers_cc13x2.aem4f : PowerCC26X2_calibrateRCOSC.oem4f (.text:calibrateRcoscHf2)
                  00004b4c    00000088                          : PowerCC26X2.oem4f (.text:disableLFClockQualifiers)
                  00004bd4    00000088                          : PowerCC26X2_calibrateRCOSC.oem4f (.text:updateSubSecInc)
                  00004c5c    00000086     rtsv7M4_T_le_v4SPD16_eabi.lib : fd_cmp_t2.asm.obj (.text:__aeabi_cdcmple)
                  00004ce2    00000086                                   : fd_cmp_t2.asm.obj (.text:__aeabi_cdrcmple)
                  00004d68    00000084     CC1352P1_LAUNCHXL_fxns.obj (.text:CC1352P1_LAUNCHXL_sendExtFlashByte)
                  00004dec    00000084     rf_multiMode_cc13x2.aem4f : RFCC26X2_multiMode.c.cc13x2.ccs.o (.text:RF_issueRadioFreeCb)
                  00004e70    00000084                               : RFCC26X2_multiMode.c.cc13x2.ccs.o (.text:RF_verifyGap)
                  00004ef4    00000084     drivers_cc13x2.aem4f : UARTCC26XX.oem4f (.text:UARTCC26XX_close)
                  00004f78    00000084     rom_sysbios.aem4f : rom_sysbios.obj (.text:ti_sysbios_family_arm_m3_Hwi_excHandlerMin__I)
                  00004ffc    00000080                       : rom_sysbios.obj (.text:ti_sysbios_family_arm_cc26xx_Timer_start__E)
                  0000507c    0000007c     rf_multiMode_cc13x2.aem4f : RFCC26X2_multiMode.c.cc13x2.ccs.o (.text:RF_ratFreeChannel)
                  000050f8    0000007a     rtsv7M4_T_le_v4SPD16_eabi.lib : memset_t2.asm.obj (.text)
                  00005172    00000002                                   : div0.asm.obj (.text)
                  00005174    00000074     drivers_cc13x2.aem4f : PowerCC26X2_calibrateRCOSC.oem4f (.text:PowerCC26X2_auxISR)
                  000051e8    00000072     rf_multiMode_cc13x2.aem4f : RFCC26X2_multiMode.c.cc13x2.ccs.o (.text:RF_detachOverrides)
                  0000525a    00000070                               : rfc.c.cc13x2.ccs.o (.text:NOROM_RFCAnaDivTxOverride)
                  000052ca    00000002     release_pem4f.oem4f (.text:ti_sysbios_BIOS_nullFunc__I)
                  000052cc    00000070     rf_multiMode_cc13x2.aem4f : RFCC26X2_multiMode.c.cc13x2.ccs.o (.text:RF_hwiHw)
                  0000533c    0000006e                               : RFCC26X2_multiMode.c.cc13x2.ccs.o (.text:RF_attachOverrides)
                  000053aa    0000006e                               : RFCC26X2_multiMode.c.cc13x2.ccs.o (.text:RF_howToSchedule)
                  00005418    0000006e     rtsv7M4_T_le_v4SPD16_eabi.lib : ll_div_t2.asm.obj (.text)
                  00005486    00000002     rom_sysbios.aem4f : rom_sysbios.obj (.text:xdc_runtime_SysCallback_defaultAbort)
                  00005488    0000006d                       : rom_sysbios.obj (.text:xdc_runtime_System_formatNum__I)
                  000054f5    00000001     --HOLE-- [fill = 0]
                  000054f6    00000002                       : rom_sysbios.obj (.text:xdc_runtime_SysCallback_defaultExit)
                  000054f8    0000006c     rf_multiMode_cc13x2.aem4f : RFCC26X2_multiMode.c.cc13x2.ccs.o (.text:RF_getCurrentTime)
                  00005564    00000068     driverlib.lib : osc.obj (.text:NOROM_OSCHF_SwitchToRcOscTurnOffXosc)
                  000055cc    00000068                   : sys_ctrl.obj (.text:NOROM_SysCtrlSetRechargeBeforePowerDown)
                  00005634    00000068     rtsv7M4_T_le_v4SPD16_eabi.lib : copy_decompress_lzss.c.obj (.text:decompress:lzss:__TI_decompress_lzss)
                  0000569c    00000064     driverlib.lib : osc.obj (.text:NOROM_OSC_HPOSCRtcCompensate)
                  00005700    00000064     rf_multiMode_cc13x2.aem4f : RFCC26X2_multiMode.c.cc13x2.ccs.o (.text:RF_dispatchNextEvent)
                  00005764    00000064     drivers_cc13x2.aem4f : UARTCC26XX.oem4f (.text:UARTCC26XX_control)
                  000057c8    00000062                          : UARTCC26XX.oem4f (.text:UARTCC26XX_swiIntFxn)
                  0000582a    00000002     rom_sysbios.aem4f : rom_sysbios.obj (.text:xdc_runtime_SysCallback_defaultFlush)
                  0000582c    00000060     rf_multiMode_cc13x2.aem4f : RFCC26X2_multiMode.c.cc13x2.ccs.o (.text:RF_applyRfCorePatch)
                  0000588c    00000060     EasyLink.obj (.text:calculateCmdTime)
                  000058ec    00000060     rf_multiMode_cc13x2.aem4f : rf_patch_cpe_multi_protocol.c.cc13x2.ccs.o (.text:configureMultiProtocolPatch)
                  0000594c    0000005c     drivers_cc13x2.aem4f : PINCC26XX.oem4f (.text:PIN_remove)
                  000059a8    0000005c     rf_multiMode_cc13x2.aem4f : RFCC26X2_multiMode.c.cc13x2.ccs.o (.text:RF_syncCb)
                  00005a04    0000005c     rom_sysbios.aem4f : rom_sysbios.obj (.text:ti_sysbios_heaps_HeapMem_initPrimary__I)
                  00005a60    0000005c     release_pem4f.oem4f (.text:xdc_runtime_Startup_getState__I)
                  00005abc    0000005a     EasyLink.obj (.text:createTxAdvFromTx)
                  00005b16    00000002     rom_sysbios.aem4f : rom_sysbios.obj (.text:xdc_runtime_SysCallback_defaultPutch)
                  00005b18    00000058     drivers_cc13x2.aem4f : PowerCC26X2_calibrateRCOSC.oem4f (.text:PowerCC26X2_initiateCalibration)
                  00005b70    00000058     rf_multiMode_cc13x2.aem4f : RFCC26X2_multiMode.c.cc13x2.ccs.o (.text:RF_fsmXOSCState)
                  00005bc8    00000058                               : RFCC26X2_multiMode.c.cc13x2.ccs.o (.text:RF_hwiCpe0PowerFsm)
                  00005c20    00000058     boot.aem4f : boot.oem4f (.text)
                  00005c78    00000058     rom_sysbios.aem4f : rom_sysbios.obj (.text:pthread_exit)
                  00005cd0    00000056     rf_multiMode_cc13x2.aem4f : RFCC26X2_multiMode.c.cc13x2.ccs.o (.text:RF_defaultSubmitPolicy)
                  00005d26    00000002     --HOLE-- [fill = 0]
                  00005d28    00000054     driverlib.lib : chipinfo.obj (.text:NOROM_ChipInfo_GetChipType)
                  00005d7c    00000050     dpl_cc13x2.aem4f : ClockP_tirtos.oem4f (.text:ClockP_construct)
                  00005dcc    00000050     rf_multiMode_cc13x2.aem4f : RFCC26X2_multiMode.c.cc13x2.ccs.o (.text:RF_wakeupNotification)
                  00005e1c    00000050     rom_sysbios.aem4f : rom_sysbios.obj (.text:mq_send)
                  00005e6c    0000004c     CC1352P1_LAUNCHXL_fxns.obj (.text:CC1352P1_LAUNCHXL_wakeUpExtFlash)
                  00005eb8    0000004c     drivers_cc13x2.aem4f : UARTCC26XX.oem4f (.text:UARTCC26XX_readCancel)
                  00005f04    0000004c     rtsv7M4_T_le_v4SPD16_eabi.lib : cpy_tbl.c.obj (.text:copy_in)
                  00005f50    0000004c     drivers_cc13x2.aem4f : UARTCC26XX.oem4f (.text:startTxFifoEmptyClk)
                  00005f9c    0000004c                          : PowerCC26X2.oem4f (.text:switchXOSCHF)
                  00005fe8    00000048     rf_multiMode_cc13x2.aem4f : rfc.c.cc13x2.ccs.o (.text:NOROM_RFCSynthPowerDown)
                  00006030    00000048     drivers_cc13x2.aem4f : PINCC26XX.oem4f (.text:PIN_setOutputEnable)
                  00006078    00000048                          : PowerCC26X2_calibrateRCOSC.oem4f (.text:PowerCC26X2_RCOSC_clockFunc)
                  000060c0    00000048                          : PowerCC26X2.oem4f (.text:PowerCC26XX_switchXOSC_HF)
                  00006108    00000048     rtsv7M4_T_le_v4SPD16_eabi.lib : fd_toi_t2.asm.obj (.text)
                  00006150    00000048     drivers_cc13x2.aem4f : UARTCC26XX.oem4f (.text:writeFinishedDoCallback)
                  00006198    00000046                          : RingBuf.oem4f (.text:RingBuf_put)
                  000061de    00000002     --HOLE-- [fill = 0]
                  000061e0    00000044     driverlib.lib : chipinfo.obj (.text:NOROM_ChipInfo_GetHwRevision)
                  00006224    00000044     drivers_cc13x2.aem4f : PINCC26XX.oem4f (.text:PIN_swi)
                  00006268    00000044                          : UART.oem4f (.text:UART_init)
                  000062ac    00000044     rtsv7M4_T_le_v4SPD16_eabi.lib : fd_tou_t2.asm.obj (.text)
                  000062f0    00000040     CC1352P1_LAUNCHXL_fxns.obj (.text:CC1352P1_LAUNCHXL_shutDownExtFlash)
                  00006330    00000040     drivers_cc13x2.aem4f : PowerCC26X2.oem4f (.text:PowerCC26XX_isStableXOSC_HF)
                  00006370    00000040                          : RingBuf.oem4f (.text:RingBuf_get)
                  000063b0    00000040                          : UART.oem4f (.text:UART_open)
                  000063f0    00000040     rtsv7M4_T_le_v4SPD16_eabi.lib : u_divt2.asm.obj (.text)
                  00006430    00000040     rom_sysbios.aem4f : rom_sysbios.obj (.text:ti_sysbios_family_arm_cc26xx_Timer_setThreshold__I)
                  00006470    0000003e     dpl_cc13x2.aem4f : HwiP_tirtos.oem4f (.text:HwiP_construct)
                  000064ae    00000002     --HOLE-- [fill = 0]
                  000064b0    0000003c     drivers_cc13x2.aem4f : PINCC26XX.oem4f (.text:PIN_setOutputValue)
                  000064ec    0000003c     rf_multiMode_cc13x2.aem4f : RFCC26X2_multiMode.c.cc13x2.ccs.o (.text:RF_cmdGet)
                  00006528    0000003c                               : RFCC26X2_multiMode.c.cc13x2.ccs.o (.text:RF_cmdStoreEvents)
                  00006564    0000003c     dpl_cc13x2.aem4f : SwiP_tirtos.oem4f (.text:SwiP_construct)
                  000065a0    0000003c     ti_drivers_config.obj (.text:initRfFrontend)
                  000065dc    0000003c     rom_sysbios.aem4f : rom_sysbios.obj (.text:ti_sysbios_family_arm_m3_Hwi_construct2__E)
                  00006618    00000038     driverlib.lib : osc.obj (.text:NOROM_OSC_HPOSCRelativeFrequencyOffsetGet)
                  00006650    00000038     drivers_cc13x2.aem4f : PINCC26XX.oem4f (.text:PIN_setConfig)
                  00006688    00000038     rf_multiMode_cc13x2.aem4f : RFCC26X2_multiMode.c.cc13x2.ccs.o (.text:RF_checkCmdFsError)
                  000066c0    00000038                               : RFCC26X2_multiMode.c.cc13x2.ccs.o (.text:RF_powerConstraintRelease)
                  000066f8    00000038     rom_sysbios.aem4f : rom_sysbios.obj (.text:mq_receive)
                  00006730    00000038     drivers_cc13x2.aem4f : PowerCC26X2.oem4f (.text:notify)
                  00006768    00000038                          : UARTCC26XX.oem4f (.text:readData)
                  000067a0    00000038     rtsv7M4_T_le_v4SPD16_eabi.lib : fs_tod_t2.asm.obj (.text)
                  000067d8    00000038     drivers_cc13x2.aem4f : UARTCC26XX.oem4f (.text:writeData)
                  00006810    00000036     rom_sysbios.aem4f : rom_sysbios.obj (.text:ti_sysbios_family_arm_cc26xx_Timer_setNextTick__E)
                  00006846    00000002     --HOLE-- [fill = 0]
                  00006848    00000034     driverlib.lib : aux_sysif.obj (.text:NOROM_AUXSYSIFOpModeChange)
                  0000687c    00000034                   : sys_ctrl.obj (.text:NOROM_SysCtrlIdle)
                  000068b0    00000034     rf_multiMode_cc13x2.aem4f : RFCC26X2_multiMode.c.cc13x2.ccs.o (.text:RF_runDirectImmediateCmd)
                  000068e4    00000034     rtsv7M4_T_le_v4SPD16_eabi.lib : rand.c.obj (.text:rand)
                  00006918    00000034     drivers_cc13x2.aem4f : UARTCC26XX.oem4f (.text:readData2RingBuf)
                  0000694c    00000030                          : PINCC26XX.oem4f (.text:PINCC26XX_setMux)
                  0000697c    00000030                          : PowerCC26X2.oem4f (.text:Power_releaseConstraint)
                  000069ac    00000030                          : PowerCC26X2.oem4f (.text:Power_setConstraint)
                  000069dc    00000030     rf_multiMode_cc13x2.aem4f : rf_patch_cpe_multi_protocol.c.cc13x2.ccs.o (.text:applyMultiProtocolPatch)
                  00006a0c    00000030     release_pem4f.oem4f (.text:ti_sysbios_BIOS_atExitFunc__I)
                  00006a3c    00000030     release_pem4f.oem4f (.text:ti_sysbios_BIOS_startFunc__I)
                  00006a6c    00000030     rom_sysbios.aem4f : rom_sysbios.obj (.text:ti_sysbios_family_arm_cc26xx_Timer_getCurrentTick__E)
                  00006a9c    00000030                       : rom_sysbios.obj (.text:ti_sysbios_family_arm_cc26xx_Timer_initDevice__I)
                  00006acc    0000002e     rf_multiMode_cc13x2.aem4f : RFCC26X2_multiMode.c.cc13x2.ccs.o (.text:RF_queueEnd)
                  00006afa    0000002e     rtsv7M4_T_le_v4SPD16_eabi.lib : i_tofd_t2.asm.obj (.text)
                  00006b28    0000002c     rf_multiMode_cc13x2.aem4f : RFCC26X2_multiMode.c.cc13x2.ccs.o (.text:RF_executeDirectImmediateCmd)
                  00006b54    0000002c     dpl_cc13x2.aem4f : SemaphoreP_tirtos.oem4f (.text:SemaphoreP_constructBinary)
                  00006b80    0000002c     rom_sysbios.aem4f : rom_sysbios.obj (.text:_pthread_delete$45)
                  00006bac    0000002c                       : rom_sysbios.obj (.text:pthread_setcancelstate)
                  00006bd8    0000002c                       : rom_sysbios.obj (.text:ti_sysbios_knl_Clock_getTicksUntilInterrupt__E)
                  00006c04    0000002c     uartThread.obj (.text:uartsendThread)
                  00006c30    0000002a     drivers_cc13x2.aem4f : List.oem4f (.text:List_insert)
                  00006c5a    0000002a     rf_multiMode_cc13x2.aem4f : RFCC26X2_multiMode.c.cc13x2.ccs.o (.text:RF_searchAndReplacePAOverride)
                  00006c84    0000002a     rom_sysbios.aem4f : rom_sysbios.obj (.text:ti_sysbios_knl_Clock_getTimeout__E)
                  00006cae    00000002     --HOLE-- [fill = 0]
                  00006cb0    00000028     driverlib.lib : osc.obj (.text:NOROM_OSCHF_TurnOnXosc)
                  00006cd8    00000028     rf_multiMode_cc13x2.aem4f : rfc.c.cc13x2.ccs.o (.text:NOROM_RFCOverrideSearch)
                  00006d00    00000028     drivers_cc13x2.aem4f : PowerCC26X2.oem4f (.text:Power_registerNotify)
                  00006d28    00000028     rf_multiMode_cc13x2.aem4f : RFCC26X2_multiMode.c.cc13x2.ccs.o (.text:RF_calculateDeltaTimeUs)
                  00006d50    00000028                               : RFCC26X2_multiMode.c.cc13x2.ccs.o (.text:RF_runCmd)
                  00006d78    00000028     rom_sysbios.aem4f : rom_sysbios.obj (.text:findInList$44)
                  00006da0    00000028     drivers_cc13x2.aem4f : PowerCC26X2.oem4f (.text:oscillatorISR)
                  00006dc8    00000026                          : List.oem4f (.text:List_put)
                  00006dee    00000026                          : List.oem4f (.text:List_putHead)
                  00006e14    00000026                          : List.oem4f (.text:List_remove)
                  00006e3a    00000002     --HOLE-- [fill = 0]
                  00006e3c    00000024     rf_multiMode_cc13x2.aem4f : rfc.c.cc13x2.ccs.o (.text:NOROM_RFCDoorbellSendTo)
                  00006e60    00000024     ti_drivers_config.obj (.text:PINCC26XX_setOutputValue)
                  00006e84    00000024     rf_multiMode_cc13x2.aem4f : RFCC26X2_multiMode.c.cc13x2.ccs.o (.text:RF_cmdAlloc)
                  00006ea8    00000024                               : RFCC26X2_multiMode.c.cc13x2.ccs.o (.text:RF_invokeGlobalCallback)
                  00006ecc    00000024     rom_sysbios.aem4f : rom_sysbios.obj (.text:_pthread_cleanupFxn)
                  00006ef0    00000024     drivers_cc13x2.aem4f : PowerCC26X2_calibrateRCOSC.oem4f (.text:getTdcSemaphore)
                  00006f14    00000024     rom_sysbios.aem4f : rom_sysbios.obj (.text:pthread_attr_init)
                  00006f38    00000024     release_pem4f.oem4f (.text:ti_sysbios_BIOS_registerRTSLock__I)
                  00006f5c    00000024     release_pem4f.oem4f (.text:ti_sysbios_BIOS_removeRTSLock__I)
                  00006f80    00000024     rom_sysbios.aem4f : rom_sysbios.obj (.text:ti_sysbios_family_arm_cc26xx_Timer_getMaxTicks__E)
                  00006fa4    00000022     drivers_cc13x2.aem4f : List.oem4f (.text:List_get)
                  00006fc6    00000020     dpl_cc13x2.aem4f : HwiP_tirtos.oem4f (.text:HwiP_setFunc)
                  00006fe6    00000002     --HOLE-- [fill = 0]
                  00006fe8    00000020     drivers_cc13x2.aem4f : PINCC26XX.oem4f (.text:PINCC26XX_setIoCfgMux)
                  00007008    00000020                          : PowerCC26X2.oem4f (.text:Power_unregisterNotify)
                  00007028    00000020     rf_multiMode_cc13x2.aem4f : RFCC26X2_multiMode.c.cc13x2.ccs.o (.text:RF_clkPowerUp)
                  00007048    00000020                               : RFCC26X2_multiMode.c.cc13x2.ccs.o (.text:RF_hwiCpe0ChangePhy)
                  00007068    00000020                               : RFCC26X2_multiMode.c.cc13x2.ccs.o (.text:RF_isStateTransitionAllowed)
                  00007088    00000020                               : RFCC26X2_multiMode.c.cc13x2.ccs.o (.text:RF_ratIsRunning)
                  000070a8    00000020     drivers_cc13x2.aem4f : UARTCC26XX.oem4f (.text:threadSafeStdbyDisRelease)
                  000070c8    00000020                          : UARTCC26XX.oem4f (.text:threadSafeStdbyDisSet)
                  000070e8    00000020     release_pem4f.oem4f (.text:ti_sysbios_BIOS_rtsLock__I)
                  00007108    00000020     rom_sysbios.aem4f : rom_sysbios.obj (.text:ti_sysbios_family_arm_cc26xx_Timer_dynamicStub__E)
                  00007128    00000020                       : rom_sysbios.obj (.text:xdc_runtime_Error_policyMin__E)
                  00007148    0000001e     drivers_cc13x2.aem4f : PINCC26XX.oem4f (.text:PIN_close)
                  00007166    0000001e                          : PowerCC26X2.oem4f (.text:Power_getTransitionLatency)
                  00007184    0000001c     ti_drivers_config.obj (.text:Board_init)
                  000071a0    0000001c     driverlib.lib : chipinfo.obj (.text:NOROM_ChipInfo_GetChipFamily)
                  000071bc    0000001c     drivers_cc13x2.aem4f : PINCC26XX.oem4f (.text:PIN_hwi)
                  000071d8    0000001c     dpl_cc13x2.aem4f : PowerCC26X2_tirtos.oem4f (.text:PowerCC26XX_schedulerDisable)
                  000071f4    0000001c                      : PowerCC26X2_tirtos.oem4f (.text:PowerCC26XX_schedulerRestore)
                  00007210    0000001c     rf_multiMode_cc13x2.aem4f : RFCC26X2_multiMode.c.cc13x2.ccs.o (.text:RF_clkInactivityCallback)
                  0000722c    0000001c                               : RFCC26X2_multiMode.c.cc13x2.ccs.o (.text:RF_getPAOverrideOffsetAndValue)
                  00007248    0000001c                               : RFCC26X2_multiMode.c.cc13x2.ccs.o (.text:RF_powerConstraintSet)
                  00007264    0000001c     EasyLink.obj (.text:genActivityTableValue)
                  00007280    0000001c     rom_sysbios.aem4f : rom_sysbios.obj (.text:ti_sysbios_knl_Swi_construct2__E)
                  0000729c    0000001c     release_pem4f.oem4f (.text:xdc_runtime_Startup_exec__I)
                  000072b8    0000001a     drivers_cc13x2.aem4f : PowerCC26X2.oem4f (.text:PowerCC26XX_calibrate)
                  000072d2    00000018     EasyLink.obj (.text:ChipInfo_ChipFamilyIs_CC13x2_CC26x2)
                  000072ea    00000018     EasyLink.obj (.text:ChipInfo_ChipFamilyIs_CC26x0R2)
                  00007302    00000002     --HOLE-- [fill = 0]
                  00007304    00000018     driverlib.lib : chipinfo.obj (.text:NOROM_ChipInfo_GetPackageType)
                  0000731c    00000018     drivers_cc13x2.aem4f : PowerCC26X2.oem4f (.text:Power_idleFunc)
                  00007334    00000018     rf_multiMode_cc13x2.aem4f : RFCC26X2_multiMode.c.cc13x2.ccs.o (.text:RF_ScheduleCmdParams_init)
                  0000734c    00000018                               : RFCC26X2_multiMode.c.cc13x2.ccs.o (.text:RF_swiFsm)
                  00007364    00000018     drivers_cc13x2.aem4f : UART.oem4f (.text:UART_Params_init)
                  0000737c    00000018     rtsv7M4_T_le_v4SPD16_eabi.lib : args_main.c.obj (.text:_args_main)
                  00007394    00000018                                   : ll_mul_t2.asm.obj (.text)
                  000073ac    00000018                                   : strcmp.c.obj (.text:strcmp)
                  000073c4    00000018     release_pem4f.oem4f (.text:ti_sysbios_BIOS_rtsUnlock__I)
                  000073dc    00000018     rom_sysbios.aem4f : rom_sysbios.obj (.text:ti_sysbios_knl_Swi_or__E)
                  000073f4    00000018                       : rom_sysbios.obj (.text:ti_sysbios_rts_ti_ReentSupport_getReent__F)
                  0000740c    00000018                       : rom_sysbios.obj (.text:xdc_runtime_Error_init__E)
                  00007424    00000016     EasyLink.obj (.text:ChipInfo_ChipFamilyIs_CC26x0)
                  0000743a    00000016     driverlib.lib : chipinfo.obj (.text:NOROM_ThisLibraryIsFor_CC13x2_CC26x2_HwRev20AndLater_HaltIfViolated)
                  00007450    00000016     rf_multiMode_cc13x2.aem4f : RFCC26X2_multiMode.c.cc13x2.ccs.o (.text:RF_restartClockTimeout)
                  00007466    00000016     rom_sysbios.aem4f : rom_sysbios.obj (.text:_pthread_cleanup_pop)
                  0000747c    00000016     release_pem4f.oem4f (.text:ti_sysbios_BIOS_exitFunc__I)
                  00007492    00000016     EasyLink.obj (.text:ti_sysbios_knl_Semaphore_Params_init)
                  000074a8    00000014     EasyLink.obj (.text:EasyLink_Params_init)
                  000074bc    00000014     drivers_cc13x2.aem4f : List.oem4f (.text:List_clearList)
                  000074d0    00000014     rf_multiMode_cc13x2.aem4f : rfc.c.cc13x2.ccs.o (.text:NOROM_RFCCpeIntGetAndClear)
                  000074e4    00000014     drivers_cc13x2.aem4f : PINCC26XX.oem4f (.text:PINCC26XX_getOutputValue)
                  000074f8    00000014                          : PowerCC26X2_calibrateRCOSC.oem4f (.text:PowerCC26X2_calibrate)
                  0000750c    00000014     rf_multiMode_cc13x2.aem4f : RFCC26X2_multiMode.c.cc13x2.ccs.o (.text:RF_Params_init)
                  00007520    00000014                               : RFCC26X2_multiMode.c.cc13x2.ccs.o (.text:RF_dbellSyncOnAck)
                  00007534    00000014                               : RFCC26X2_multiMode.c.cc13x2.ccs.o (.text:RF_ratGetChannel)
                  00007548    00000014                               : rf_patch_cpe_multi_protocol.c.cc13x2.ccs.o (.text:enterMultiProtocolCpeHdPatch)
                  0000755c    00000014     rom_sysbios.aem4f : rom_sysbios.obj (.text:pthread_attr_setschedparam)
                  00007570    00000014     rtsv7M4_T_le_v4SPD16_eabi.lib : strcpy.c.obj (.text:strcpy)
                  00007584    00000014     drivers_cc13x2.aem4f : PowerCC26X2.oem4f (.text:switchToTCXO)
                  00007598    00000014     rom_sysbios.aem4f : rom_sysbios.obj (.text:ti_sysbios_family_arm_cc26xx_Timer_getCount64__E)
                  000075ac    00000014     release_pem4f.oem4f (.text:ti_sysbios_knl_Clock_doTick__I)
                  000075c0    00000012     drivers_cc13x2.aem4f : RingBuf.oem4f (.text:RingBuf_construct)
                  000075d2    00000012     dpl_cc13x2.aem4f : SemaphoreP_tirtos.oem4f (.text:SemaphoreP_pend)
                  000075e4    00000012     rom_sysbios.aem4f : rom_sysbios.obj (.text:_pthread_runStub$45)
                  000075f6    00000010     dpl_cc13x2.aem4f : ClockP_tirtos.oem4f (.text:ClockP_isActive)
                  00007606    00000010                      : HwiP_tirtos.oem4f (.text:HwiP_Params_init)
                  00007616    00000002     --HOLE-- [fill = 0]
                  00007618    00000010     rf_multiMode_cc13x2.aem4f : rfc.c.cc13x2.ccs.o (.text:NOROM_RFCHwIntGetAndClear)
                  00007628    00000010     drivers_cc13x2.aem4f : PINCC26XX.oem4f (.text:PINCC26XX_getPinCount)
                  00007638    00000010     rf_multiMode_cc13x2.aem4f : RFCC26X2_multiMode.c.cc13x2.ccs.o (.text:RF_dbellSubmitCmdAsync)
                  00007648    00000010                               : RFCC26X2_multiMode.c.cc13x2.ccs.o (.text:RF_isClientOwner)
                  00007658    00000010     dpl_cc13x2.aem4f : SwiP_tirtos.oem4f (.text:SwiP_Params_init)
                  00007668    00000010     rom_sysbios.aem4f : rom_sysbios.obj (.text:ti_sysbios_family_arm_m3_Hwi_post__E)
                  00007678    00000010     drivers_cc13x2.aem4f : UARTCC26XX.oem4f (.text:uartPostNotify)
                  00007688    0000000e     rf_multiMode_cc13x2.aem4f : RFCC26X2_multiMode.c.cc13x2.ccs.o (.text:RF_getSwitchingTimeInUs)
                  00007696    0000000e     rtsv7M4_T_le_v4SPD16_eabi.lib : copy_decompress_none.c.obj (.text:decompress:none:__TI_decompress_none)
                  000076a4    0000000e     rom_sysbios.aem4f : rom_sysbios.obj (.text:pthread_attr_setdetachstate)
                  000076b2    0000000e                       : rom_sysbios.obj (.text:ti_sysbios_family_arm_cc26xx_TimestampProvider_get32__E)
                  000076c0    0000000c     driverlib.lib : cpu.obj (.text:NOROM_CPUcpsid)
                  000076cc    0000000c                   : cpu.obj (.text:NOROM_CPUcpsie)
                  000076d8    0000000c     drivers_cc13x2.aem4f : PowerCC26X2.oem4f (.text:Power_getConstraintMask)
                  000076e4    0000000c                          : PowerCC26X2.oem4f (.text:Power_getDependencyCount)
                  000076f0    0000000c     rf_multiMode_cc13x2.aem4f : RFCC26X2_multiMode.c.cc13x2.ccs.o (.text:RF_powerConstraintGet)
                  000076fc    0000000c     rtsv7M4_T_le_v4SPD16_eabi.lib : _lock.c.obj (.text:_register_lock)
                  00007708    0000000c                                   : _lock.c.obj (.text:_register_unlock)
                  00007714    0000000c                                   : copy_zero_init.c.obj (.text:decompress:ZI:__TI_zero_init)
                  00007720    0000000c     rom_sysbios.aem4f : rom_sysbios.obj (.text:pthread_self)
                  0000772c    0000000c                       : rom_sysbios.obj (.text:ti_sysbios_knl_Queue_insert__E)
                  00007738    0000000c                       : rom_sysbios.obj (.text:ti_sysbios_knl_Swi_getTrigger__E)
                  00007744    0000000a     dpl_cc13x2.aem4f : ClockP_tirtos.oem4f (.text:ClockP_Params_init)
                  0000774e    0000000a     drivers_cc13x2.aem4f : UART.oem4f (.text:UART_read)
                  00007758    0000000a                          : UART.oem4f (.text:UART_write)
                  00007762    0000000a     release_pem4f.oem4f (.text:ti_sysbios_rts_ti_ReentSupport_getTlsAddr__I)
                  0000776c    00000008     CC1352P1_LAUNCHXL_fxns.obj (.text:Board_initHook)
                  00007774    00000008     drivers_cc13x2.aem4f : UARTCC26XX.oem4f (.text:UARTCC26XX_init)
                  0000777c    00000008                          : UARTCC26XX.oem4f (.text:readSemCallback)
                  00007784    00000008                          : UARTCC26XX.oem4f (.text:writeSemCallback)
                  0000778c    00000008     release_pem4f.oem4f (.text:xdc_runtime_Text_visitRope__I)
                  00007794    00000006     driverlib.lib : cpu.obj (.text:NOROM_CPUdelay)
                  0000779a    00000006     rf_multiMode_cc13x2.aem4f : RFCC26X2_multiMode.c.cc13x2.ccs.o (.text:RF_clkReqAccess)
                  000077a0    00000006     drivers_cc13x2.aem4f : UARTCC26XX.oem4f (.text:UARTCC26XX_readPolling)
                  000077a6    00000006                          : UARTCC26XX.oem4f (.text:UARTCC26XX_writePolling)
                  000077ac    00000006     rom_sysbios.aem4f : rom_sysbios.obj (.text:pthread_attr_setstacksize)
                  000077b2    00000006                       : rom_sysbios.obj (.text:ti_sysbios_family_arm_m3_Hwi_setFunc__E)
                  000077b8    00000004     dpl_cc13x2.aem4f : PowerCC26X2_tirtos.oem4f (.text:CPUwfi)
                  000077bc    00000004                      : ClockP_tirtos.oem4f (.text:ClockP_destruct)
                  000077c0    00000004                      : ClockP_tirtos.oem4f (.text:ClockP_getCpuFreq)
                  000077c4    00000004                      : ClockP_tirtos.oem4f (.text:ClockP_getTimeout)
                  000077c8    00000004                      : ClockP_tirtos.oem4f (.text:ClockP_setTimeout)
                  000077cc    00000004                      : ClockP_tirtos.oem4f (.text:ClockP_start)
                  000077d0    00000004                      : ClockP_tirtos.oem4f (.text:ClockP_stop)
                  000077d4    00000004                      : HwiP_tirtos.oem4f (.text:HwiP_destruct)
                  000077d8    00000004                      : HwiP_tirtos.oem4f (.text:HwiP_disable)
                  000077dc    00000004                      : HwiP_tirtos.oem4f (.text:HwiP_enableInterrupt)
                  000077e0    00000004                      : HwiP_tirtos.oem4f (.text:HwiP_post)
                  000077e4    00000004     rf_multiMode_cc13x2.aem4f : rfc.c.cc13x2.ccs.o (.text:NOROM_RFCOverrideUpdate)
                  000077e8    00000004                               : RFCC26X2_multiMode.c.cc13x2.ccs.o (.text:RF_defaultConflictPolicy)
                  000077ec    00000004     dpl_cc13x2.aem4f : SemaphoreP_tirtos.oem4f (.text:SemaphoreP_destruct)
                  000077f0    00000004                      : SemaphoreP_tirtos.oem4f (.text:SemaphoreP_post)
                  000077f4    00000004                      : SwiP_tirtos.oem4f (.text:SwiP_destruct)
                  000077f8    00000004                      : SwiP_tirtos.oem4f (.text:SwiP_disable)
                  000077fc    00000004                      : SwiP_tirtos.oem4f (.text:SwiP_getTrigger)
                  00007800    00000004                      : SwiP_tirtos.oem4f (.text:SwiP_or)
                  00007804    00000004     rom_sysbios.aem4f : rom_sysbios.obj (.text:__aeabi_errno_addr)
                  00007808    00000004     drivers_cc13x2.aem4f : PowerCC26X2.oem4f (.text:configureRFCoreClocks)
                  0000780c    00000004                          : PowerCC26X2.oem4f (.text:nopResourceHandler)
                  00007810    00000004     rom_sysbios.aem4f : rom_sysbios.obj (.text:ti_sysbios_knl_Clock_isActive__E)
                  00007814    00000004                       : rom_sysbios.obj (.text:ti_sysbios_knl_Task_getArg1__E)
                  00007818    00000004                       : rom_sysbios.obj (.text:ti_sysbios_knl_Task_getEnv__E)
                  0000781c    00000004     release_pem4f.oem4f (.text:xdc_runtime_Startup_reset__I)
                  00007820    00000004     rom_sysbios.aem4f : rom_sysbios.obj (.text:xdc_runtime_SysCallback_defaultReady)
                  00007824    00000008     (.tramp.ti_sysbios_knl_Swi_destruct.1)
                  0000782c    00000008     (.tramp.ti_sysbios_family_arm_m3_Hwi_enableInterrupt__E.1)
                  00007834    00000008     (.tramp.ti_sysbios_family_arm_m3_Hwi_destruct.1)
                  0000783c    00000008     (.tramp.ti_sysbios_BIOS_getCpuFreq__E.1)
                  00007844    00000008     (.tramp.ti_sysbios_knl_Clock_destruct.1)
                  0000784c    00000008     (.tramp.ti_sysbios_knl_Task_self__E.1)
                  00007854    00000008     (.tramp.ti_sysbios_knl_Clock_logTick__E.1)
                  0000785c    00000008     (.tramp.ti_sysbios_knl_Swi_post__E.1)
                  00007864    00000008     (.tramp.ti_sysbios_BIOS_RtsGateProxy_leave__E.1)
                  0000786c    00000008     (.tramp.ti_sysbios_knl_Swi_construct.1)
                  00007874    00000008     (.tramp.ti_sysbios_BIOS_RtsGateProxy_enter__E.1)
                  0000787c    00000008     (.tramp.ti_sysbios_family_arm_m3_Hwi_disableFxn__E.1)
                  00007884    00000008     (.tramp.ti_sysbios_knl_Clock_getTicks__E.1)
                  0000788c    00000008     (.tramp.ti_sysbios_knl_Clock_TimerProxy_getCurrentTick__E.1)
                  00007894    00000008     (.tramp.ti_sysbios_knl_Task_delete.1)
                  0000789c    00000008     (.tramp.ti_sysbios_knl_Semaphore_destruct.1)
                  000078a4    00000008     (.tramp.ti_sysbios_knl_Task_startup__E.1)
                  000078ac    00000008     (.tramp.ti_sysbios_knl_Swi_startup__E.1)
                  000078b4    00000008     (.tramp.ti_sysbios_hal_Hwi_startup__E.1)
                  000078bc    00000008     (.tramp.ti_sysbios_family_arm_cc26xx_Timer_startup__E.1)
                  000078c4    00000008     (.tramp.xdc_runtime_System_atexit__E.1)
                  000078cc    00000008     (.tramp.ti_sysbios_BIOS_linkedWithIncorrectBootLibrary__E.1)
                  000078d4    00000008     (.tramp.xdc_runtime_Startup_rtsDone__E.1)
                  000078dc    00000008     (.tramp.ti_sysbios_knl_Swi_disable__E.1)
                  000078e4    00000008     (.tramp.ti_sysbios_knl_Mailbox_pend__E.1)
                  000078ec    00000008     (.tramp.ti_sysbios_family_arm_m3_Hwi_construct.1)
                  000078f4    00000008     (.tramp.ti_sysbios_knl_Swi_Params__init__S.1)
                  000078fc    00000008     (.tramp.ti_sysbios_family_arm_m3_Hwi_Params__init__S.1)
                  00007904    00000008     (.tramp.ti_sysbios_knl_Mailbox_post__E.1)
                  0000790c    00000008     (.tramp.ti_sysbios_knl_Clock_construct.1)
                  00007914    00000008     (.tramp.ti_sysbios_knl_Clock_Params__init__S.1)
                  0000791c    00000008     (.tramp.xdc_runtime_System_exit__E.1)
                  00007924    00000008     (.tramp.ti_sysbios_heaps_HeapMem_restore__E.1)
                  0000792c    00000008     (.tramp.ti_sysbios_heaps_HeapMem_Object__get__S.1)
                  00007934    00000008     (.tramp.xdc_runtime_Error_raiseX__E.1)
                  0000793c    00000008     (.tramp.ti_sysbios_BIOS_setThreadType__E.1)
                  00007944    00000008     (.tramp.ti_sysbios_family_arm_m3_Hwi_excFillContext__I.1)
                  0000794c    00000008     (.tramp.ti_sysbios_knl_Queue_next__E.1)
                  00007954    00000008     (.tramp.ti_sysbios_knl_Queue_head__E.1)
                  0000795c    00000008     (.tramp.ti_sysbios_knl_Task_restore__E.1)
                  00007964    00000008     (.tramp.ti_sysbios_knl_Queue_enqueue__E.1)
                  0000796c    00000008     (.tramp.ti_sysbios_knl_Queue_empty__E.1)
                  00007974    00000008     (.tramp.ti_sysbios_knl_Queue_remove__E.1)
                  0000797c    00000008     (.tramp.ti_sysbios_knl_Task_disable__E.1)
                  00007984    00000008     (.tramp.xdc_runtime_Assert_raise__I.1)
                  0000798c    00000008     (.tramp.ti_sysbios_knl_Clock_stop__E.1)
                  00007994    00000008     (.tramp.ti_sysbios_knl_Clock_start__E.1)
                  0000799c    00000008     (.tramp.ti_sysbios_knl_Clock_setTimeout__E.1)
                  000079a4    00000008     (.tramp.ti_sysbios_knl_Task_create.1)
                  000079ac    00000008     (.tramp.ti_sysbios_knl_Semaphore_construct.1)
                  000079b4    00000008     (.tramp.ti_sysbios_knl_Semaphore_Params__init__S.1)
                  000079bc    00000008     (.tramp.ti_sysbios_knl_Queue_construct.1)
                  000079c4    00000008     (.tramp.ti_sysbios_knl_Task_Params__init__S.1)
                  000079cc    00000008     (.tramp.ti_sysbios_BIOS_start__E.1)
                  000079d4    00000008     (.tramp.xdc_runtime_System_abort__E.1)
                  000079dc    00000008     (.tramp.xdc_runtime_System_doPrint__I.1)
                  000079e4    00000008     (.tramp.ti_sysbios_gates_GateMutex_leave__E.1)
                  000079ec    00000008     (.tramp.xdc_runtime_Memory_free__E.1)
                  000079f4    00000008     (.tramp.ti_sysbios_knl_Mailbox_create.1)
                  000079fc    00000008     (.tramp.xdc_runtime_Memory_alloc__E.1)
                  00007a04    00000008     (.tramp.ti_sysbios_gates_GateMutex_enter__E.1)
                  00007a0c    00000008     (.tramp.strlen.1)
                  00007a14    00000008     (.tramp.ti_sysbios_BIOS_getThreadType__E.1)
                  00007a1c    00000008     (.tramp.ti_sysbios_knl_Swi_restore__E.1)
                  00007a24    00000008     (.tramp.ti_sysbios_family_arm_m3_Hwi_restoreFxn__E.1)
                  00007a2c    00000008     (.tramp.ti_sysbios_knl_Semaphore_create.1)
                  00007a34    00000008     (.tramp.ti_sysbios_knl_Semaphore_post__E.1)
                  00007a3c    00000008     (.tramp.ti_sysbios_knl_Semaphore_pend__E.1)

.const     0    00007a44    00000e49     
                  00007a44    00000504     rf_multiMode_cc13x2.aem4f : rf_patch_cpe_multi_protocol.c.cc13x2.ccs.o (.const:$O1$$)
                  00007f48    000003b8     release_pem4f.oem4f (.const:ROM_constStruct)
                  00008300    00000214     release_pem4f.oem4f (.const)
                  00008514    00000090     rfEasyLinkTx.obj (.const:$P$T0$1)
                  000085a4    00000054     drivers_cc13x2.aem4f : PowerCC26X2.oem4f (.const:resourceDB)
                  000085f8    00000048     release_pem4f.oem4f (.const:.string)
                  00008640    00000048     release_pem4f.oem4f (.const:ROM_externFuncPtrs)
                  00008688    00000028     drivers_cc13x2.aem4f : UARTCC26XX.oem4f (.const:UARTCC26XX_fxnTable)
                  000086b0    00000028     ti_drivers_config.obj (.const:uartCC26XXHWAttrs)
                  000086d8    00000024     drivers_cc13x2.aem4f : UART.oem4f (.const:UART_defaultParams)
                  000086fc    00000024     release_pem4f.oem4f (.const:xdc_runtime_Startup_sfxnTab__A)
                  00008720    00000020     ti_drivers_config.obj (.const:BoardGpioInitTable)
                  00008740    00000020     rf_multiMode_cc13x2.aem4f : RFCC26X2_multiMode.c.cc13x2.ccs.o (.const:RF_defaultParams)
                  00008760    00000016     uartThread.obj (.const:.string:$P$T0$1)
                  00008776    00000002     release_pem4f.oem4f (.const:xdc_runtime_Main_Module__id__C)
                  00008778    00000014     CC1352P1_LAUNCHXL_fxns.obj (.const:$P$T1$2)
                  0000878c    00000014     ti_drivers_config.obj (.const:PowerCC26X2_config)
                  000087a0    00000014     drivers_cc13x2.aem4f : UARTCC26XX.oem4f (.const:parityType)
                  000087b4    00000012     release_pem4f.oem4f (.const:xdc_runtime_Startup_sfxnRts__A)
                  000087c6    00000001     ti_drivers_config.obj (.const)
                  000087c7    00000001     ti_easylink_config.obj (.const)
                  000087c8    00000010     ti_drivers_config.obj (.const:$P$T0$2)
                  000087d8    00000010     EasyLink.obj (.const:EasyLink_defaultParams)
                  000087e8    00000010     drivers_cc13x2.aem4f : UARTCC26XX.oem4f (.const:dataLength)
                  000087f8    0000000c     ti_drivers_config.obj (.const:RFCC26XX_hwAttrs)
                  00008804    0000000c     ti_drivers_config.obj (.const:UART_config)
                  00008810    0000000c     release_pem4f.oem4f (.const:xdc_runtime_Startup_firstFxns__A)
                  0000881c    00000008     driverlib.lib : aux_sysif.obj (.const:$O1$$)
                  00008824    00000008     CC1352P1_LAUNCHXL_fxns.obj (.const:$P$T0$1)
                  0000882c    00000008     ti_drivers_config.obj (.const:PINCC26XX_hwAttrs)
                  00008834    00000008     rf_multiMode_cc13x2.aem4f : RFCC26X2_multiMode.c.cc13x2.ccs.o (.const:RFCC26XX_schedulerPolicy)
                  0000883c    00000008     drivers_cc13x2.aem4f : UARTCC26XX.oem4f (.const:stopBits)
                  00008844    00000008     release_pem4f.oem4f (.const:ti_sysbios_family_arm_m3_Hwi_excHookFuncs__A)
                  0000884c    00000008     release_pem4f.oem4f (.const:ti_sysbios_knl_Idle_funcList__A)
                  00008854    00000006     drivers_cc13x2.aem4f : UARTCC26XX.oem4f (.const:.string:rxFifoBytes)
                  0000885a    00000006                          : UARTCC26XX.oem4f (.const:.string:rxFifoThreshold)
                  00008860    00000006                          : UARTCC26XX.oem4f (.const:.string:txFifoBytes)
                  00008866    00000006                          : UARTCC26XX.oem4f (.const:.string:txFifoThreshold)
                  0000886c    00000004     release_pem4f.oem4f (.const:ti_sysbios_family_arm_m3_Hwi_E_exception__C)
                  00008870    00000004     release_pem4f.oem4f (.const:ti_sysbios_heaps_HeapMem_primaryHeapBaseAddr__C)
                  00008874    00000004     release_pem4f.oem4f (.const:ti_sysbios_heaps_HeapMem_primaryHeapEndAddr__C)
                  00008878    00000004     release_pem4f.oem4f (.const:ti_sysbios_knl_Clock_tickPeriod__C)
                  0000887c    00000004     release_pem4f.oem4f (.const:ti_sysbios_knl_Task_Object__heap__C)
                  00008880    00000004     release_pem4f.oem4f (.const:xdc_runtime_Main_Module__diagsEnabled__C)
                  00008884    00000004     release_pem4f.oem4f (.const:xdc_runtime_Main_Module__diagsIncluded__C)
                  00008888    00000004     release_pem4f.oem4f (.const:xdc_runtime_Main_Module__diagsMask__C)
                  0000888c    00000001     release_pem4f.oem4f (.const:xdc_runtime_Text_charTab__A)

MODULE SUMMARY

       Module                                       code    ro data   rw data
       ------                                       ----    -------   -------
    .\
       rfEasyLinkTx.obj                             472     144       28     
       CC1352P1_LAUNCHXL_fxns.obj                   280     28        0      
       uartThread.obj                               248     22        4      
       main_tirtos.obj                              256     0         8      
    +--+--------------------------------------------+-------+---------+---------+
       Total:                                       1256    194       40     
                                                                             
    .\easylink\
       EasyLink.obj                                 2790    16        715    
    +--+--------------------------------------------+-------+---------+---------+
       Total:                                       2790    16        715    
                                                                             
    .\syscfg\
       ti_drivers_config.obj                        524     141       349    
       ti_radio_config.obj                          0       0         354    
       ti_devices_config.obj                        0       88        0      
       ti_easylink_config.obj                       0       1         36     
    +--+--------------------------------------------+-------+---------+---------+
       Total:                                       524     230       739    
                                                                             
    C:\Users\Baker\OneDrive\Uni\Motorsports\Production_Workspace\Telemetry20\tirtos_builds_CC1352P1_LAUNCHXL_release_ccs\Debug\configPkg\package\cfg\
       release_pem4f.oem4f                          802     1805      1830   
    +--+--------------------------------------------+-------+---------+---------+
       Total:                                       802     1805      1830   
                                                                             
    C:/ti/simplelink_cc13x2_26x2_sdk_3_40_00_02/kernel/tirtos/packages/ti/dpl/lib/dpl_cc13x2.aem4f
       PowerCC26X2_tirtos.oem4f                     240     0         8      
       ClockP_tirtos.oem4f                          130     0         4      
       HwiP_tirtos.oem4f                            126     0         0      
       SwiP_tirtos.oem4f                            92      0         0      
       SemaphoreP_tirtos.oem4f                      70      0         0      
    +--+--------------------------------------------+-------+---------+---------+
       Total:                                       658     0         12     
                                                                             
    C:/ti/simplelink_cc13x2_26x2_sdk_3_40_00_02/source/ti/devices/cc13x2_cc26x2/driverlib/bin/ccs/driverlib.lib
       osc.obj                                      436     0         28     
       sys_ctrl.obj                                 408     0         0      
       setup.obj                                    324     0         0      
       chipinfo.obj                                 226     0         0      
       aux_sysif.obj                                52      8         0      
       cpu.obj                                      30      0         0      
       driverlib_release.obj                        0       0         1      
    +--+--------------------------------------------+-------+---------+---------+
       Total:                                       1476    8         29     
                                                                             
    C:/ti/simplelink_cc13x2_26x2_sdk_3_40_00_02/source/ti/drivers/lib/drivers_cc13x2.aem4f
       UARTCC26XX.oem4f                             2742    108       0      
       PowerCC26X2.oem4f                            2218    84        272    
       PINCC26XX.oem4f                              1394    0         276    
       PowerCC26X2_calibrateRCOSC.oem4f             1400    0         0      
       UART.oem4f                                   176     36        1      
       List.oem4f                                   210     0         0      
       RingBuf.oem4f                                152     0         0      
    +--+--------------------------------------------+-------+---------+---------+
       Total:                                       8292    228       549    
                                                                             
    C:/ti/simplelink_cc13x2_26x2_sdk_3_40_00_02/source/ti/drivers/rf/lib/rf_multiMode_cc13x2.aem4f
       RFCC26X2_multiMode.c.cc13x2.ccs.o            9388    40        1157   
       rf_patch_cpe_multi_protocol.c.cc13x2.ccs.o   164     1284      1      
       rfc.c.cc13x2.ccs.o                           302     0         0      
    +--+--------------------------------------------+-------+---------+---------+
       Total:                                       9854    1324      1158   
                                                                             
    C:\Users\Baker\OneDrive\Uni\Motorsports\Production_Workspace\Telemetry20\tirtos_builds_CC1352P1_LAUNCHXL_release_ccs\src\sysbios\rom_sysbios.aem4f
       rom_sysbios.obj                              2597    0         136    
    +--+--------------------------------------------+-------+---------+---------+
       Total:                                       2597    0         136    
                                                                             
    C:\ti\ccs930\ccs\tools\compiler\ti-cgt-arm_18.12.4.LTS\lib\rtsv7M4_T_le_v4SPD16_eabi.lib
       fd_add_t2.asm.obj                            438     0         0      
       fd_cmp_t2.asm.obj                            268     0         0      
       fd_mul_t2.asm.obj                            252     0         0      
       memcpy_t2.asm.obj                            156     0         0      
       ull_div_t2.asm.obj                           150     0         0      
       memset_t2.asm.obj                            122     0         0      
       ll_div_t2.asm.obj                            110     0         0      
       copy_decompress_lzss.c.obj                   104     0         0      
       cpy_tbl.c.obj                                76      0         0      
       fd_toi_t2.asm.obj                            72      0         0      
       fd_tou_t2.asm.obj                            68      0         0      
       u_divt2.asm.obj                              64      0         0      
       fs_tod_t2.asm.obj                            56      0         0      
       rand.c.obj                                   52      0         4      
       i_tofd_t2.asm.obj                            46      0         0      
       _lock.c.obj                                  26      0         8      
       args_main.c.obj                              24      0         0      
       ll_mul_t2.asm.obj                            24      0         0      
       strcmp.c.obj                                 24      0         0      
       strcpy.c.obj                                 20      0         0      
       copy_decompress_none.c.obj                   14      0         0      
       copy_zero_init.c.obj                         12      0         0      
       stkdepth_vars.c.obj                          0       0         4      
       div0.asm.obj                                 2       0         0      
    +--+--------------------------------------------+-------+---------+---------+
       Total:                                       2180    0         16     
                                                                             
    C:\ti\simplelink_cc13x2_26x2_sdk_3_40_00_02\kernel\tirtos\packages\ti\targets\arm\rtsarm\lib\auto_init.aem4f
       auto_init.oem4f                              160     0         0      
    +--+--------------------------------------------+-------+---------+---------+
       Total:                                       160     0         0      
                                                                             
    C:\ti\simplelink_cc13x2_26x2_sdk_3_40_00_02\kernel\tirtos\packages\ti\targets\arm\rtsarm\lib\boot.aem4f
       boot.oem4f                                   88      0         0      
    +--+--------------------------------------------+-------+---------+---------+
       Total:                                       88      0         0      
                                                                             
       Stack:                                       0       0         1024   
       Linker Generated:                            544     780       0      
    +--+--------------------------------------------+-------+---------+---------+
       Grand Total:                                 31221   4585      6248   


LINKER GENERATED COPY TABLES

__TI_cinit_table @ 00008b78 records: 5, size/record: 8, table size: 40
	.data: load addr=00008890, load size=000002b8 bytes, run addr=20004d90, run size=0000070a bytes, compression=lzss
	.bss: load addr=00008b58, load size=00000008 bytes, run addr=20004110, run size=00000c7a bytes, compression=zero_init
	.data:xdcRomConstPtr: load addr=00008b60, load size=00000008 bytes, run addr=20000100, run size=00000004 bytes, compression=lzss
	.data:xdcRomExternFuncPtr: load addr=00008b68, load size=00000008 bytes, run addr=20000104, run size=00000004 bytes, compression=lzss
	.data:xdcRomStatePtr: load addr=00008b70, load size=00000008 bytes, run addr=20000108, run size=00000004 bytes, compression=lzss


LINKER GENERATED HANDLER TABLE

__TI_handler_table @ 00008b48 records: 3, size/record: 4, table size: 12
	index: 0, handler: __TI_decompress_lzss
	index: 1, handler: __TI_decompress_none
	index: 2, handler: __TI_zero_init


FAR CALL TRAMPOLINES

callee name               trampoline name
   callee addr  tramp addr   call addr  call info
--------------  -----------  ---------  ----------------
ti_sysbios_knl_Swi_destruct  $Tramp$TT$L$PI$$ti_sysbios_knl_Swi_destruct
   1002e8bd     00007824     000077f4   dpl_cc13x2.aem4f : SwiP_tirtos.oem4f (.text:SwiP_destruct)
ti_sysbios_family_arm_m3_Hwi_enableInterrupt__E  $Tramp$TT$L$PI$$ti_sysbios_family_arm_m3_Hwi_enableInterrupt__E
   1002d91d     0000782c     000077dc   dpl_cc13x2.aem4f : HwiP_tirtos.oem4f (.text:HwiP_enableInterrupt)
ti_sysbios_family_arm_m3_Hwi_destruct  $Tramp$TT$L$PI$$ti_sysbios_family_arm_m3_Hwi_destruct
   1002e475     00007834     000077d4   dpl_cc13x2.aem4f : HwiP_tirtos.oem4f (.text:HwiP_destruct)
ti_sysbios_BIOS_getCpuFreq__E  $Tramp$TT$L$PI$$ti_sysbios_BIOS_getCpuFreq__E
   1002e9fd     0000783c     000077c0   dpl_cc13x2.aem4f : ClockP_tirtos.oem4f (.text:ClockP_getCpuFreq)
ti_sysbios_knl_Clock_destruct  $Tramp$TT$L$PI$$ti_sysbios_knl_Clock_destruct
   1002e649     00007844     000077bc   dpl_cc13x2.aem4f : ClockP_tirtos.oem4f (.text:ClockP_destruct)
ti_sysbios_knl_Task_self__E  $Tramp$TT$L$PI$$ti_sysbios_knl_Task_self__E
   1002eaf5     0000784c     00007722   rom_sysbios.aem4f : rom_sysbios.obj (.text:pthread_self)
                             00007764   release_pem4f.oem4f (.text:ti_sysbios_rts_ti_ReentSupport_getTlsAddr__I)
ti_sysbios_knl_Clock_logTick__E  $Tramp$TT$L$PI$$ti_sysbios_knl_Clock_logTick__E
   1002dbd7     00007854     000075ae   release_pem4f.oem4f (.text:ti_sysbios_knl_Clock_doTick__I)
ti_sysbios_knl_Swi_post__E  $Tramp$TT$L$PI$$ti_sysbios_knl_Swi_post__E
   1002d891     0000785c     000073f0   rom_sysbios.aem4f : rom_sysbios.obj (.text:ti_sysbios_knl_Swi_or__E)
                             000075b6   release_pem4f.oem4f (.text:ti_sysbios_knl_Clock_doTick__I)
ti_sysbios_BIOS_RtsGateProxy_leave__E  $Tramp$TT$L$PI$$ti_sysbios_BIOS_RtsGateProxy_leave__E
   1002ec7b     00007864     000073d2   release_pem4f.oem4f (.text:ti_sysbios_BIOS_rtsUnlock__I)
ti_sysbios_knl_Swi_construct  $Tramp$TT$L$PI$$ti_sysbios_knl_Swi_construct
   1002d719     0000786c     00007286   rom_sysbios.aem4f : rom_sysbios.obj (.text:ti_sysbios_knl_Swi_construct2__E)
ti_sysbios_BIOS_RtsGateProxy_enter__E  $Tramp$TT$L$PI$$ti_sysbios_BIOS_RtsGateProxy_enter__E
   1002ec77     00007874     000070ee   release_pem4f.oem4f (.text:ti_sysbios_BIOS_rtsLock__I)
ti_sysbios_family_arm_m3_Hwi_disableFxn__E  $Tramp$TT$L$PI$$ti_sysbios_family_arm_m3_Hwi_disableFxn__E
   1002eb55     0000787c     00006fce   dpl_cc13x2.aem4f : HwiP_tirtos.oem4f (.text:HwiP_setFunc)
                             000077d8                    : HwiP_tirtos.oem4f (.text:HwiP_disable)
ti_sysbios_knl_Clock_getTicks__E  $Tramp$TT$L$PI$$ti_sysbios_knl_Clock_getTicks__E
   1002dc11     00007884     00006c98   rom_sysbios.aem4f : rom_sysbios.obj (.text:ti_sysbios_knl_Clock_getTimeout__E)
ti_sysbios_knl_Clock_TimerProxy_getCurrentTick__E  $Tramp$TT$L$PI$$ti_sysbios_knl_Clock_TimerProxy_getCurrentTick__E
   1002eac5     0000788c     00006bea   rom_sysbios.aem4f : rom_sysbios.obj (.text:ti_sysbios_knl_Clock_getTicksUntilInterrupt__E)
ti_sysbios_knl_Task_delete  $Tramp$TT$L$PI$$ti_sysbios_knl_Task_delete
   1002ece7     00007894     00006b94   rom_sysbios.aem4f : rom_sysbios.obj (.text:_pthread_delete$45)
ti_sysbios_knl_Semaphore_destruct  $Tramp$TT$L$PI$$ti_sysbios_knl_Semaphore_destruct
   1002e6fd     0000789c     00006b88   rom_sysbios.aem4f : rom_sysbios.obj (.text:_pthread_delete$45)
                             000077ec   dpl_cc13x2.aem4f : SemaphoreP_tirtos.oem4f (.text:SemaphoreP_destruct)
ti_sysbios_knl_Task_startup__E  $Tramp$TT$L$PI$$ti_sysbios_knl_Task_startup__E
   1002eceb     000078a4     00006a60   release_pem4f.oem4f (.text:ti_sysbios_BIOS_startFunc__I)
ti_sysbios_knl_Swi_startup__E  $Tramp$TT$L$PI$$ti_sysbios_knl_Swi_startup__E
   1002ec6b     000078ac     00006a5c   release_pem4f.oem4f (.text:ti_sysbios_BIOS_startFunc__I)
ti_sysbios_hal_Hwi_startup__E  $Tramp$TT$L$PI$$ti_sysbios_hal_Hwi_startup__E
   1002ec31     000078b4     00006a58   release_pem4f.oem4f (.text:ti_sysbios_BIOS_startFunc__I)
ti_sysbios_family_arm_cc26xx_Timer_startup__E  $Tramp$TT$L$PI$$ti_sysbios_family_arm_cc26xx_Timer_startup__E
   1002dcf1     000078bc     00006a54   release_pem4f.oem4f (.text:ti_sysbios_BIOS_startFunc__I)
xdc_runtime_System_atexit__E  $Tramp$TT$L$PI$$xdc_runtime_System_atexit__E
   1002f559     000078c4     00006a4c   release_pem4f.oem4f (.text:ti_sysbios_BIOS_startFunc__I)
ti_sysbios_BIOS_linkedWithIncorrectBootLibrary__E  $Tramp$TT$L$PI$$ti_sysbios_BIOS_linkedWithIncorrectBootLibrary__E
   1002d01b     000078cc     00006a46   release_pem4f.oem4f (.text:ti_sysbios_BIOS_startFunc__I)
xdc_runtime_Startup_rtsDone__E  $Tramp$TT$L$PI$$xdc_runtime_Startup_rtsDone__E
   1002f8e5     000078d4     00006a3e   release_pem4f.oem4f (.text:ti_sysbios_BIOS_startFunc__I)
ti_sysbios_knl_Swi_disable__E  $Tramp$TT$L$PI$$ti_sysbios_knl_Swi_disable__E
   1002ea25     000078dc     00006a0e   release_pem4f.oem4f (.text:ti_sysbios_BIOS_atExitFunc__I)
                             000071e2   dpl_cc13x2.aem4f : PowerCC26X2_tirtos.oem4f (.text:PowerCC26XX_schedulerDisable)
                             000077f8                    : SwiP_tirtos.oem4f (.text:SwiP_disable)
ti_sysbios_knl_Mailbox_pend__E  $Tramp$TT$L$PI$$ti_sysbios_knl_Mailbox_pend__E
   1002d581     000078e4     00006718   rom_sysbios.aem4f : rom_sysbios.obj (.text:mq_receive)
ti_sysbios_family_arm_m3_Hwi_construct  $Tramp$TT$L$PI$$ti_sysbios_family_arm_m3_Hwi_construct
   1002d421     000078ec     000065f6   rom_sysbios.aem4f : rom_sysbios.obj (.text:ti_sysbios_family_arm_m3_Hwi_construct2__E)
ti_sysbios_knl_Swi_Params__init__S  $Tramp$TT$L$PI$$ti_sysbios_knl_Swi_Params__init__S
   1002ebf1     000078f4     0000657e   dpl_cc13x2.aem4f : SwiP_tirtos.oem4f (.text:SwiP_construct)
ti_sysbios_family_arm_m3_Hwi_Params__init__S  $Tramp$TT$L$PI$$ti_sysbios_family_arm_m3_Hwi_Params__init__S
   1002eb49     000078fc     0000648c   dpl_cc13x2.aem4f : HwiP_tirtos.oem4f (.text:HwiP_construct)
ti_sysbios_knl_Mailbox_post__E  $Tramp$TT$L$PI$$ti_sysbios_knl_Mailbox_post__E
   1002cf49     00007904     00005e3e   rom_sysbios.aem4f : rom_sysbios.obj (.text:mq_send)
ti_sysbios_knl_Clock_construct  $Tramp$TT$L$PI$$ti_sysbios_knl_Clock_construct
   1002dd8d     0000790c     00005db2   dpl_cc13x2.aem4f : ClockP_tirtos.oem4f (.text:ClockP_construct)
ti_sysbios_knl_Clock_Params__init__S  $Tramp$TT$L$PI$$ti_sysbios_knl_Clock_Params__init__S
   1002eb9d     00007914     00005d98   dpl_cc13x2.aem4f : ClockP_tirtos.oem4f (.text:ClockP_construct)
xdc_runtime_System_exit__E  $Tramp$TT$L$PI$$xdc_runtime_System_exit__E
   1002f7b1     0000791c     00005c60   boot.aem4f : boot.oem4f (.text)
                             0000748c   release_pem4f.oem4f (.text:ti_sysbios_BIOS_exitFunc__I)
ti_sysbios_heaps_HeapMem_restore__E  $Tramp$TT$L$PI$$ti_sysbios_heaps_HeapMem_restore__E
[...]
1002ebc1  ti_sysbios_knl_Mailbox_Params__init__S                                
1002ebcd  ti_sysbios_knl_Queue_dequeue__E                                       
1002ebd9  ti_sysbios_knl_Queue_enqueue__E                                       
1002ebe5  ti_sysbios_knl_Semaphore_Params__init__S                              
1002ebf1  ti_sysbios_knl_Swi_Params__init__S                                    
1002ebfd  ti_sysbios_knl_Swi_self__E                                            
1002ec09  ti_sysbios_knl_Task_Params__init__S                                   
1002ec15  ti_sysbios_hal_Hwi_Instance_finalize__E                               
1002ec1f  ti_sysbios_knl_Event_Instance_init__E                                 
1002ec29  ti_sysbios_family_arm_m3_Hwi_doSwiRestore__I                          
1002ec31  ti_sysbios_family_arm_m3_Hwi_startup__E                               
1002ec31  ti_sysbios_hal_Hwi_HwiProxy_startup__E                                
1002ec31  ti_sysbios_hal_Hwi_HwiProxy_startup__E                                
1002ec31  ti_sysbios_hal_Hwi_startup__E                                         
1002ec31  ti_sysbios_hal_Hwi_startup__E                                         
1002ec39  ti_sysbios_knl_Idle_loop__E                                           
1002ec41  ti_sysbios_family_arm_m3_Hwi_doTaskRestore__I                         
1002ec47  HwiP_restore                                                          
1002ec47  ti_sysbios_family_arm_m3_Hwi_restoreFxn__E                            
1002ec4d  ti_sysbios_gates_GateHwi_leave__E                                     
1002ec53  ti_sysbios_gates_GateMutex_Instance_finalize__E                       
1002ec59  ti_sysbios_heaps_HeapMem_isBlocking__E                                
1002ec5f  ti_sysbios_knl_Queue_Instance_init__E                                 
1002ec65  ti_sysbios_knl_Queue_elemClear__E                                     
1002ec6b  ti_sysbios_knl_Swi_startup__E                                         
1002ec71  ti_sysbios_knl_Task_enable__E                                         
1002ec77  ti_sysbios_BIOS_RtsGateProxy_enter__E                                 
1002ec7b  ti_sysbios_BIOS_RtsGateProxy_leave__E                                 
1002ec7f  ti_sysbios_family_arm_cc26xx_Timer_getExpiredTicks__E                 
1002ec83  ti_sysbios_family_arm_cc26xx_Timer_getPeriod__E                       
1002ec87  ti_sysbios_family_arm_cc26xx_Timer_setPeriod__E                       
1002ec8b  ti_sysbios_family_arm_m3_Hwi_delete                                   
1002ec8f  ti_sysbios_family_arm_m3_TaskSupport_Module__startupDone__S           
1002ec8f  ti_sysbios_knl_Task_SupportProxy_Module__startupDone__S               
1002ec93  ti_sysbios_gates_GateHwi_query__E                                     
1002ec93  xdc_runtime_Main_Module_GateProxy_query__E                            
1002ec93  xdc_runtime_System_Module_GateProxy_query__E                          
1002ec93  xdc_runtime_System_Module_GateProxy_query__E                          
1002ec97  ti_sysbios_gates_GateMutex_delete                                     
1002ec9b  ti_sysbios_BIOS_RtsGateProxy_query__E                                 
1002ec9b  ti_sysbios_BIOS_RtsGateProxy_query__E                                 
1002ec9b  ti_sysbios_gates_GateMutex_query__E                                   
1002ec9b  ti_sysbios_heaps_HeapMem_Module_GateProxy_query__E                    
1002ec9b  ti_sysbios_heaps_HeapMem_Module_GateProxy_query__E                    
1002ec9f  ti_sysbios_hal_Hwi_HwiProxy_create                                    
1002eca3  ti_sysbios_hal_Hwi_HwiProxy_delete                                    
1002eca7  ti_sysbios_hal_Hwi_delete                                             
1002ecab  ti_sysbios_heaps_HeapMem_Module_GateProxy_enter__E                    
1002ecaf  ti_sysbios_heaps_HeapMem_Module_GateProxy_leave__E                    
1002ecb3  ti_sysbios_knl_Clock_TimerProxy_getExpiredTicks__E                    
1002ecb7  ti_sysbios_knl_Clock_TimerProxy_getPeriod__E                          
1002ecbb  ti_sysbios_knl_Clock_delete                                           
1002ecbf  ti_sysbios_knl_Clock_removeI__E                                       
1002ecc3  ti_sysbios_knl_Clock_setTimeout__E                                    
1002ecc7  ti_sysbios_knl_Event_delete                                           
1002eccb  ti_sysbios_knl_Mailbox_delete                                         
1002eccf  ti_sysbios_knl_Queue_delete                                           
1002ecd3  ti_sysbios_knl_Queue_head__E                                          
1002ecd7  ti_sysbios_knl_Queue_next__E                                          
1002ecdb  ti_sysbios_knl_Semaphore_delete                                       
1002ecdf  ti_sysbios_knl_Swi_delete                                             
1002ece3  ti_sysbios_knl_Swi_postInit__I                                        
1002ece7  ti_sysbios_knl_Task_delete                                            
1002eceb  ti_sysbios_knl_Task_startup__E                                        
1002ecf1  xdc_runtime_System_doPrint__I                                         
1002f055  xdc_runtime_Startup_startMods__I                                      
1002f15d  xdc_runtime_Text_putSite__E                                           
1002f1f7  xdc_runtime_Error_policySpin__E                                       
1002f1f9  xdc_runtime_Text_putMod__E                                            
1002f289  xdc_runtime_Memory_alloc__E                                           
1002f2f9  xdc_runtime_Core_createObject__I                                      
1002f367  xdc_runtime_Core_deleteObject__I                                      
1002f3c5  xdc_runtime_Text_putLab__E                                            
1002f421  xdc_runtime_Assert_raise__I                                           
1002f475  xdc_runtime_Startup_exec__E                                           
1002f4c9  xdc_runtime_Core_assignParams__I                                      
1002f511  xdc_runtime_Core_constructObject__I                                   
1002f559  xdc_runtime_System_atexit__E                                          
1002f5a1  xdc_runtime_Text_xprintf__I                                           
1002f5e5  xdc_runtime_System_processAtExit__E                                   
1002f625  xdc_runtime_System_putchar__I                                         
1002f659  xdc_runtime_Core_assignLabel__I                                       
1002f689  xdc_runtime_Text_printVisFxn__I                                       
1002f6b9  xdc_runtime_System_vprintf__E                                         
1002f6e5  xdc_runtime_Text_cordText__E                                          
1002f711  xdc_runtime_System_abort__E                                           
1002f739  xdc_runtime_Error_raiseX__E                                           
1002f759  xdc_runtime_Registry_findById__E                                      
1002f779  xdc_runtime_Error_check__E                                            
1002f795  xdc_runtime_Memory_valloc__E                                          
1002f7b1  xdc_runtime_System_exit__E                                            
1002f7cd  xdc_runtime_Text_ropeText__E                                          
1002f7e9  xdc_runtime_System_printf__E                                          
1002f803  xdc_runtime_Core_destructObject__I                                    
1002f81b  xdc_runtime_System_abortSpin__E                                       
1002f81d  xdc_runtime_Memory_free__E                                            
1002f831  xdc_runtime_Memory_getStats__E                                        
1002f845  xdc_runtime_SysCallback_abort__E                                      
1002f845  xdc_runtime_System_SupportProxy_abort__E                              
1002f859  xdc_runtime_SysCallback_exit__E                                       
1002f859  xdc_runtime_System_SupportProxy_exit__E                               
1002f86d  xdc_runtime_SysCallback_flush__E                                      
1002f86d  xdc_runtime_System_SupportProxy_flush__E                              
1002f86d  xdc_runtime_System_flush__E                                           
1002f881  xdc_runtime_SysCallback_putch__E                                      
1002f881  xdc_runtime_System_SupportProxy_putch__E                              
1002f895  xdc_runtime_SysCallback_ready__E                                      
1002f895  xdc_runtime_System_SupportProxy_ready__E                              
1002f8a9  xdc_runtime_Memory_getMaxDefaultTypeAlign__E                          
1002f8b9  xdc_runtime_System_vsnprintf__E                                       
1002f8c9  xdc_runtime_Timestamp_SupportProxy_get32__E                           
1002f8c9  xdc_runtime_Timestamp_SupportProxy_get32__E                           
1002f8c9  xdc_runtime_Timestamp_get32__E                                        
1002f8c9  xdc_runtime_Timestamp_get32__E                                        
1002f8d9  xdc_runtime_Memory_calloc__E                                          
1002f8e5  xdc_runtime_Startup_rtsDone__E                                        
1002f8f1  xdc_runtime_Memory_HeapProxy_alloc__E                                 
1002f8fb  xdc_runtime_Memory_HeapProxy_free__E                                  
1002f905  xdc_runtime_Memory_HeapProxy_getStats__E                              
1002f90f  xdc_runtime_Gate_leaveSystem__E                                       
1002f915  xdc_runtime_System_Module_startup__E                                  
1002f91b  xdc_runtime_Gate_enterSystem__E                                       
1002f91f  xdc_runtime_SysCallback_Module__startupDone__S                        
1002f91f  xdc_runtime_System_SupportProxy_Module__startupDone__S                
1002f923  xdc_runtime_System_Module_GateProxy_enter__E                          
1002f927  xdc_runtime_System_Module_GateProxy_leave__E                          
1002f92b  xdc_runtime_System_printf_va__F                                       
1002f92f  xdc_runtime_System_exitSpin__E                                        
1002f931  ti_sysbios_family_arm_m3_Hwi_dispatch__I                              
1002fa11  ti_sysbios_family_arm_m3_Hwi_interruptsAreDisabledButShouldNotBe      
1002fa2d  ti_sysbios_family_arm_m3_TaskSupport_buildTaskStack                   
1002fab9  ti_sysbios_family_arm_m3_Hwi_initStacks__E                            
1002fb11  ti_sysbios_family_arm_m3_Hwi_pendSV__I                                
1002fb35  ti_sysbios_family_arm_m3_Hwi_return                                   
1002fb39  ti_sysbios_family_arm_m3_Hwi_excHandlerAsm__I                         
1002fb59  ti_sysbios_family_xxx_Hwi_switchAndRunFunc                            
1002fb77  ti_sysbios_family_arm_m3_TaskSupport_swap__E                          
1002fb77  ti_sysbios_knl_Task_SupportProxy_swap__E                              
1002fb77  ti_sysbios_knl_Task_SupportProxy_swap__E                              
1002fb83  ti_sysbios_knl_Task_swapReturn                                        
1002fb8f  ti_sysbios_family_arm_m3_TaskSupport_glue                             
1002fba0  ti_sysbios_knl_Task_Object__PARAMS__C                                 
1002fbdc  ti_sysbios_knl_Mailbox_Object__PARAMS__C                              
1002fc10  ti_sysbios_family_arm_m3_Hwi_Object__PARAMS__C                        
1002fc40  ti_sysbios_hal_Hwi_Object__PARAMS__C                                  
1002fc6c  ti_sysbios_knl_Swi_Object__PARAMS__C                                  
1002fc94  ti_sysbios_heaps_HeapMem_Object__PARAMS__C                            
1002fcb8  ti_sysbios_knl_Clock_Object__PARAMS__C                                
1002fcdc  ti_sysbios_knl_Semaphore_Object__PARAMS__C                            
1002fd00  ti_sysbios_gates_GateHwi_Object__PARAMS__C                            
1002fd18  ti_sysbios_gates_GateMutex_Object__PARAMS__C                          
1002fd30  ti_sysbios_knl_Event_Object__PARAMS__C                                
1002fd48  ti_sysbios_knl_Queue_Object__PARAMS__C                                
1002fd80  ti_sysbios_heaps_HeapTrack_Object__PARAMS__C                          
1002fd9c  ti_sysbios_heaps_HeapTrack_Instance_State_trackQueue__O               
1002fda0  ti_sysbios_heaps_HeapTrack_Module__diagsEnabled__C                    
1002fda4  ti_sysbios_heaps_HeapTrack_Module__diagsIncluded__C                   
1002fda8  ti_sysbios_heaps_HeapTrack_Module__diagsMask__C                       
1002fddb  strlen                                                                
20000000  ti_sysbios_family_arm_m3_Hwi_ramVectors                               
20000100  xdcRomConstPtr                                                        
20000104  xdcRomExternFuncPtr                                                   
20000108  xdcRomStatePtr                                                        
20000110  __primary_heap_start__                                                
20004110  __primary_heap_end__                                                  
20004580  ti_sysbios_knl_Task_Instance_State_0_stack__A                         
20004780  uartCC26XXObjects                                                     
200048ac  ti_sysbios_family_arm_m3_Hwi_dispatchTable                            
20004abc  pinHandleTable                                                        
20004d70  ClockP_tickPeriod                                                     
20004d74  MQ_UartOUT_RfIN                                                       
20004d78  MQ_Uart_Sent                                                          
20004d7c  PowerCC26XX_swiKey                                                    
20004d80  PowerCC26XX_taskKey                                                   
20004d84  uart                                                                  
20004d89  driverlib_release_0_55938                                             
20004d90  PowerCC26X2_module                                                    
20004ea0  ROM_stateStruct                                                       
20004ea0  ti_sysbios_knl_Clock_Module__state__V                                 
20004ecc  ti_sysbios_family_arm_cc26xx_TimestampProvider_Module__state__V       
20004ed0  xdc_runtime_Startup_Module__state__V                                  
20004ed8  xdc_runtime_Registry_Module__state__V                                 
20004ee0  ti_sysbios_BIOS_Module__state__V                                      
20004f04  ti_sysbios_knl_Swi_Module__state__V                                   
20004f20  ti_sysbios_knl_Task_Module__state__V                                  
20004f64  xdc_runtime_Memory_Module__state__V                                   
20004f68  xdc_runtime_System_Module__state__V                                   
20004f70  ti_sysbios_family_arm_m3_Hwi_Module__state__V                         
20004fa4  ti_sysbios_family_arm_cc26xx_Timer_Module__state__V                   
20005034  txPowerTable                                                          
200050b6  ti_sysbios_family_arm_m3_Hwi_Module_State_0_excActive__A              
200050b8  ti_sysbios_gates_GateMutex_Object__table__V                           
2000510c  ti_sysbios_knl_Task_Object__table__V                                  
20005158  ti_sysbios_family_arm_cc26xx_Timer_Object__table__V                   
200051e0  RF_cmdPropRadioDivSetup                                               
20005210  RF_cmdPropRxAdv                                                       
20005240  ti_sysbios_knl_Swi_Module_State_0_readyQ__A                           
20005270  ti_sysbios_knl_Swi_Object__table__V                                   
200052a0  ti_sysbios_knl_Task_Module_State_0_readyQ__A                          
200052d0  EasyLink_supportedPhys                                                
200052f4  ti_sysbios_knl_Clock_Object__table__V                                 
20005314  xdc_runtime_Error_IgnoreBlock                                         
20005350  RF_cmdFs                                                              
20005368  RF_cmdPropTx                                                          
20005380  pOverrides                                                            
20005398  ti_sysbios_family_arm_m3_Hwi_Object__table__V                         
200053b0  ti_sysbios_heaps_HeapMem_Object__table__V                             
200053c8  pOverridesTx20                                                        
200053dc  pOverridesTxStd                                                       
200053f0  RF_prop                                                               
20005400  pinTable                                                              
2000540c  _lock                                                                 
20005410  _unlock                                                               
20005414  pinUpperBound                                                         
20005418  pinLowerBound                                                         
2000541c  ti_sysbios_family_arm_m3_Hwi_Module__root__V                          
20005424  ti_sysbios_gates_GateHwi_Module__root__V                              
2000542c  ti_sysbios_gates_GateMutex_Module__root__V                            
20005434  ti_sysbios_hal_Hwi_Module__root__V                                    
2000543c  ti_sysbios_heaps_HeapMem_Module__root__V                              
20005444  ti_sysbios_knl_Clock_Module__root__V                                  
2000544c  ti_sysbios_knl_Event_Module__root__V                                  
20005454  ti_sysbios_knl_Mailbox_Module__root__V                                
2000545c  ti_sysbios_knl_Queue_Module__root__V                                  
20005464  ti_sysbios_knl_Semaphore_Module__root__V                              
2000546c  ti_sysbios_knl_Swi_Module__root__V                                    
20005474  ti_sysbios_knl_Task_Module__root__V                                   
2000547c  xdc_runtime_System_Module_State_0_atexitHandlers__A                   
20005488  main_func_sp                                                          
2000548c  ti_sysbios_family_arm_m3_Hwi_Module_State_0_excContext__A             
20005490  ti_sysbios_family_arm_m3_Hwi_Module_State_0_excStack__A               
20005494  ti_sysbios_knl_Task_Module_State_0_idleTask__A                        
20013c00  __stack                                                               
20014000  __STACK_END                                                           
e000e000  ti_sysbios_family_arm_m3_Hwi_nvic                                     
ffffffff  __TI_pprof_out_hndl                                                   
ffffffff  __TI_prof_data_size                                                   
ffffffff  __TI_prof_data_start                                                  
ffffffff  __binit__                                                             
ffffffff  __c_args__                                                            
ffffffff  binit                                                                 
UNDEFED   SHT$$INIT_ARRAY$$Base                                                 
UNDEFED   SHT$$INIT_ARRAY$$Limit                                                

[1037 symbols]
