******************************************************************************
                  TI ARM Linker PC v18.12.4                    
******************************************************************************
>> Linked Tue Apr  7 16:47:49 2020

OUTPUT FILE NAME:   <rfEasyLinkTx_copy.out>
ENTRY POINT SYMBOL: "ResetISR"  address: 00005b3d


MEMORY CONFIGURATION

         name            origin    length      used     unused   attr    fill
----------------------  --------  ---------  --------  --------  ----  --------
  FLASH                 00000000   00058000  00008b18  0004f4e8  R  X
  GPRAM                 11000000   00002000  00000000  00002000  RW X
  SRAM                  20000000   00014000  0000584c  0000e7b4  RW X


SEGMENT ALLOCATION MAP

run origin  load origin   length   init length attrs members
----------  ----------- ---------- ----------- ----- -------
00000000    00000000    00008ac0   00008ac0    r-x
  00000000    00000000    0000003c   0000003c    r-- .resetVecs
  0000003c    0000003c    00007940   00007940    r-x .text
  0000797c    0000797c    00000e3c   00000e3c    r-- .const
  000087b8    000087b8    00000308   00000308    r-- .cinit
00057fa8    00057fa8    00000058   00000058    r--
  00057fa8    00057fa8    00000058   00000058    r-- .ccfg
20000100    20000100    0000000c   00000000    rw-
  20000100    20000100    00000004   00000000    rw- .data:xdcRomConstPtr
  20000104    20000104    00000004   00000000    rw- .data:xdcRomExternFuncPtr
  20000108    20000108    00000004   00000000    rw- .data:xdcRomStatePtr
20000110    20000110    00004000   00000000    r--
  20000110    20000110    00004000   00000000    r-- .priheap
20004110    20004110    0000136e   00000000    rw-
  20004110    20004110    00000c6a   00000000    rw- .bss
  20004d80    20004d80    000006fe   00000000    rw- .data
20013c00    20013c00    00000400   00000000    rw-
  20013c00    20013c00    00000400   00000000    rw- .stack


SECTION ALLOCATION MAP

 output                                  attributes/
section   page    origin      length       input sections
--------  ----  ----------  ----------   ----------------
.binit     0    00000000    00000000     

.cinit     0    000087b8    00000308     
                  000087b8    000002b1     (.cinit..data.load) [load image, compression = lzss]
                  00008a69    00000003     --HOLE-- [fill = 0]
                  00008a6c    0000000c     (__TI_handler_table)
                  00008a78    00000008     (.cinit..bss.load) [load image, compression = zero_init]
                  00008a80    00000008     (.cinit..data:xdcRomConstPtr.load) [load image, compression = lzss]
                  00008a88    00000008     (.cinit..data:xdcRomExternFuncPtr.load) [load image, compression = lzss]
                  00008a90    00000008     (.cinit..data:xdcRomStatePtr.load) [load image, compression = lzss]
                  00008a98    00000028     (__TI_cinit_table)

.init_array 
*          0    00000000    00000000     UNINITIALIZED

.ccfg      0    00057fa8    00000058     
                  00057fa8    00000058     ti_devices_config.obj (.ccfg:retain)

.bss       0    20004110    00000c6a     UNINITIALIZED
                  20004110    00000470     rf_multiMode_cc13x2.aem4f : RFCC26X2_multiMode.c.cc13x2.ccs.o (.bss:$O1$$)
                  20004580    00000200     release_pem4f.oem4f (.bss:taskStackSection)
                  20004780    0000012c     (.common:uartCC26XXObjects)
                  200048ac    000000d8     (.common:ti_sysbios_family_arm_m3_Hwi_dispatchTable)
                  20004984    00000004     drivers_cc13x2.aem4f : PINCC26XX.oem4f (.bss)
                  20004988    000000a8     EasyLink.obj (.bss:rfObject)
                  20004a30    0000008c     EasyLink.obj (.bss:txBuffer)
                  20004abc    0000007c     (.common:pinHandleTable)
                  20004b38    00000034     drivers_cc13x2.aem4f : PINCC26XX.oem4f (.bss:pinSwi)
                  20004b6c    00000030     EasyLink.obj (.bss:EasyLink_cmdPropRadioSetup)
                  20004b9c    00000030     EasyLink.obj (.bss:EasyLink_cmdPropRxAdv)
                  20004bcc    00000020     EasyLink.obj (.bss:EasyLink_cmdPropTxAdv)
                  20004bec    00000020     drivers_cc13x2.aem4f : PINCC26XX.oem4f (.bss:pinGpioConfigTable)
                  20004c0c    00000020     EasyLink.obj (.bss:rfParams)
                  20004c2c    00000020     ti_drivers_config.obj (.bss:uartCC26XXRingBuffer0)
                  20004c4c    0000001c     driverlib.lib : osc.obj (.bss:$O1$$)
                  20004c68    0000001c     EasyLink.obj (.bss:EasyLink_cmdPropCs)
                  20004c84    0000001c     drivers_cc13x2.aem4f : PINCC26XX.oem4f (.bss:pinHwi)
                  20004ca0    0000001c                          : PINCC26XX.oem4f (.bss:pinSemaphore)
                  20004cbc    0000001c     EasyLink.obj (.bss:schParams_prop)
                  20004cd8    00000018     EasyLink.obj (.bss)
                  20004cf0    00000018     EasyLink.obj (.bss:EasyLink_cmdFs)
                  20004d08    00000014     rf_multiMode_cc13x2.aem4f : RFCC26X2_multiMode.c.cc13x2.ccs.o (.bss:RF_ratSyncCmd)
                  20004d1c    00000010     EasyLink.obj (.bss:EasyLink_RF_prop)
                  20004d2c    00000010     EasyLink.obj (.bss:EasyLink_params)
                  20004d3c    0000000c     ti_drivers_config.obj (.bss:frontendState)
                  20004d48    0000000c     EasyLink.obj (.bss:rxStatistics)
                  20004d54    00000008     EasyLink.obj (.bss:dataQueue)
                  20004d5c    00000004     ti_drivers_config.obj (.bss)
                  20004d60    00000004     (.common:ClockP_tickPeriod)
                  20004d64    00000004     (.common:MQ_UartOUT_RfIN)
                  20004d68    00000004     (.common:MQ_Uart_Sent)
                  20004d6c    00000004     (.common:PowerCC26XX_swiKey)
                  20004d70    00000004     (.common:PowerCC26XX_taskKey)
                  20004d74    00000004     (.common:uart)
                  20004d78    00000001     rf_multiMode_cc13x2.aem4f : RFCC26X2_multiMode.c.cc13x2.ccs.o (.bss)
                  20004d79    00000001     (.common:driverlib_release_0_55938)

.data      0    20004d80    000006fe     UNINITIALIZED
                  20004d80    00000110     drivers_cc13x2.aem4f : PowerCC26X2.oem4f (.data:PowerCC26X2_module)
                  20004e90    0000010c     release_pem4f.oem4f (.data:ROM_stateStruct)
                  20004f9c    00000088     rom_sysbios.aem4f : rom_sysbios.obj (.data:$O1$$)
                  20005024    00000082     ti_radio_config.obj (.data:txPowerTable)
                  200050a6    00000002     release_pem4f.oem4f (.data:ti_sysbios_family_arm_m3_Hwi_Module_State_0_excActive__A)
                  200050a8    00000054     release_pem4f.oem4f (.data:ti_sysbios_gates_GateMutex_Object__table__V)
                  200050fc    0000004c     release_pem4f.oem4f (.data:ti_sysbios_knl_Task_Object__table__V)
                  20005148    00000048     release_pem4f.oem4f (.data:ti_sysbios_family_arm_cc26xx_Timer_Object__table__V)
                  20005190    00000040     EasyLink.obj (.data:addrFilterTable)
                  200051d0    00000030     ti_radio_config.obj (.data:RF_cmdPropRadioDivSetup)
                  20005200    00000030     ti_radio_config.obj (.data:RF_cmdPropRxAdv)
                  20005230    00000030     release_pem4f.oem4f (.data:ti_sysbios_knl_Swi_Module_State_0_readyQ__A)
                  20005260    00000030     release_pem4f.oem4f (.data:ti_sysbios_knl_Swi_Object__table__V)
                  20005290    00000030     release_pem4f.oem4f (.data:ti_sysbios_knl_Task_Module_State_0_readyQ__A)
                  200052c0    00000024     ti_easylink_config.obj (.data:EasyLink_supportedPhys)
                  200052e4    00000020     release_pem4f.oem4f (.data:ti_sysbios_knl_Clock_Object__table__V)
                  20005304    00000020     release_pem4f.oem4f (.data:xdc_runtime_Error_IgnoreBlock)
                  20005324    0000001b     EasyLink.obj (.data)
                  2000533f    00000001     drivers_cc13x2.aem4f : UART.oem4f (.data)
                  20005340    00000018     ti_radio_config.obj (.data:RF_cmdFs)
                  20005358    00000018     ti_radio_config.obj (.data:RF_cmdPropTx)
                  20005370    00000018     ti_radio_config.obj (.data:pOverrides)
                  20005388    00000018     release_pem4f.oem4f (.data:ti_sysbios_family_arm_m3_Hwi_Object__table__V)
                  200053a0    00000018     release_pem4f.oem4f (.data:ti_sysbios_heaps_HeapMem_Object__table__V)
                  200053b8    00000014     ti_radio_config.obj (.data:pOverridesTx20)
                  200053cc    00000014     ti_radio_config.obj (.data:pOverridesTxStd)
                  200053e0    00000010     ti_radio_config.obj (.data:RF_prop)
                  200053f0    00000008     rtsv7M4_T_le_v4SPD16_eabi.lib : _lock.c.obj (.data:$O1$$)
                  200053f8    00000008     drivers_cc13x2.aem4f : PINCC26XX.oem4f (.data)
                  20005400    00000008     release_pem4f.oem4f (.data:ti_sysbios_family_arm_m3_Hwi_Module__root__V)
                  20005408    00000008     release_pem4f.oem4f (.data:ti_sysbios_gates_GateHwi_Module__root__V)
                  20005410    00000008     release_pem4f.oem4f (.data:ti_sysbios_gates_GateMutex_Module__root__V)
                  20005418    00000008     release_pem4f.oem4f (.data:ti_sysbios_hal_Hwi_Module__root__V)
                  20005420    00000008     release_pem4f.oem4f (.data:ti_sysbios_heaps_HeapMem_Module__root__V)
                  20005428    00000008     release_pem4f.oem4f (.data:ti_sysbios_knl_Clock_Module__root__V)
                  20005430    00000008     release_pem4f.oem4f (.data:ti_sysbios_knl_Event_Module__root__V)
                  20005438    00000008     release_pem4f.oem4f (.data:ti_sysbios_knl_Mailbox_Module__root__V)
                  20005440    00000008     release_pem4f.oem4f (.data:ti_sysbios_knl_Queue_Module__root__V)
                  20005448    00000008     release_pem4f.oem4f (.data:ti_sysbios_knl_Semaphore_Module__root__V)
                  20005450    00000008     release_pem4f.oem4f (.data:ti_sysbios_knl_Swi_Module__root__V)
                  20005458    00000008     release_pem4f.oem4f (.data:ti_sysbios_knl_Task_Module__root__V)
                  20005460    00000008     release_pem4f.oem4f (.data:xdc_runtime_System_Module_State_0_atexitHandlers__A)
                  20005468    00000004     rtsv7M4_T_le_v4SPD16_eabi.lib : rand.c.obj (.data)
                  2000546c    00000004                                   : stkdepth_vars.c.obj (.data)
                  20005470    00000004     release_pem4f.oem4f (.data:ti_sysbios_family_arm_m3_Hwi_Module_State_0_excContext__A)
                  20005474    00000004     release_pem4f.oem4f (.data:ti_sysbios_family_arm_m3_Hwi_Module_State_0_excStack__A)
                  20005478    00000004     release_pem4f.oem4f (.data:ti_sysbios_knl_Task_Module_State_0_idleTask__A)
                  2000547c    00000001     rf_multiMode_cc13x2.aem4f : rf_patch_cpe_multi_protocol.c.cc13x2.ccs.o (.data)
                  2000547d    00000001     ti_drivers_config.obj (.data)

.stack     0    20013c00    00000400     UNINITIALIZED
                  20013c00    00000400     --HOLE--

.priheap   0    20000110    00004000     UNINITIALIZED
                  20000110    00004000     --HOLE--

.data:xdcRomConstPtr 
*          0    20000100    00000004     UNINITIALIZED
                  20000100    00000004     release_pem4f.oem4f (.data:xdcRomConstPtr)

.data:xdcRomExternFuncPtr 
*          0    20000104    00000004     UNINITIALIZED
                  20000104    00000004     release_pem4f.oem4f (.data:xdcRomExternFuncPtr)

.data:xdcRomStatePtr 
*          0    20000108    00000004     UNINITIALIZED
                  20000108    00000004     release_pem4f.oem4f (.data:xdcRomStatePtr)

.bootVecs 
*          0    00000000    00000008     DSECT
                  00000000    00000008     boot.aem4f : boot.oem4f (.bootVecs)

.resetVecs 
*          0    00000000    0000003c     
                  00000000    0000003c     release_pem4f.oem4f (.resetVecs)

.vecs      0    20000000    000000d8     NOLOAD SECTION
                  20000000    000000d8     release_pem4f.oem4f (.vecs)

xdc.meta   0    00000000    00000130     COPY SECTION
                  00000000    00000130     release_pem4f.oem4f (xdc.meta)

xdc.noload 
*          0    00000000    00000000     COPY SECTION

.text      0    0000003c    00007940     
                  0000003c    000006f0     EasyLink.obj (.text:EasyLink_init)
                  0000072c    0000049c     rf_multiMode_cc13x2.aem4f : RFCC26X2_multiMode.c.cc13x2.ccs.o (.text:RF_fsmActiveState)
                  00000bc8    000002b0     EasyLink.obj (.text:EasyLink_transmit)
                  00000e78    0000025c     rf_multiMode_cc13x2.aem4f : RFCC26X2_multiMode.c.cc13x2.ccs.o (.text:RF_open)
                  000010d4    00000204                               : RFCC26X2_multiMode.c.cc13x2.ccs.o (.text:RF_scheduleCmd)
                  000012d8    000001c4     drivers_cc13x2.aem4f : PINCC26XX.oem4f (.text:PIN_init)
                  0000149c    000001b6     rtsv7M4_T_le_v4SPD16_eabi.lib : fd_add_t2.asm.obj (.text)
                  00001652    00000002     rf_multiMode_cc13x2.aem4f : rfc.c.cc13x2.ccs.o (.text:NOROM_RFCCpePatchReset)
                  00001654    000001a8     drivers_cc13x2.aem4f : PowerCC26X2.oem4f (.text:Power_sleep)
                  000017fc    000001a4     rom_sysbios.aem4f : rom_sysbios.obj (.text:mq_open)
                  000019a0    00000190     rf_multiMode_cc13x2.aem4f : RFCC26X2_multiMode.c.cc13x2.ccs.o (.text:RF_dispatchNextCmd)
                  00001b30    00000190     drivers_cc13x2.aem4f : PowerCC26X2_calibrateRCOSC.oem4f (.text:calibrateRcoscHf1)
                  00001cc0    00000190     ti_drivers_config.obj (.text:rfDriverCallback)
                  00001e50    0000018c     drivers_cc13x2.aem4f : PowerCC26X2.oem4f (.text:Power_init)
                  00001fdc    0000018c                          : PowerCC26X2_calibrateRCOSC.oem4f (.text:runCalibrateFsm)
                  00002168    00000188     release_pem4f.oem4f (.text:xdc_runtime_System_printfExtend__I)
                  000022f0    00000164     drivers_cc13x2.aem4f : UARTCC26XX.oem4f (.text:UARTCC26XX_open)
                  00002454    00000154     rf_multiMode_cc13x2.aem4f : RFCC26X2_multiMode.c.cc13x2.ccs.o (.text:RF_initRadioSetup)
                  000025a8    00000154     drivers_cc13x2.aem4f : UARTCC26XX.oem4f (.text:UARTCC26XX_hwiIntFxn)
                  000026fc    00000148     rf_multiMode_cc13x2.aem4f : RFCC26X2_multiMode.c.cc13x2.ccs.o (.text:RF_fsmSetupState)
                  00002844    00000140                               : RFCC26X2_multiMode.c.cc13x2.ccs.o (.text:RF_close)
                  00002984    0000013a     drivers_cc13x2.aem4f : UARTCC26XX.oem4f (.text:UARTCC26XX_read)
                  00002abe    00000002     rf_multiMode_cc13x2.aem4f : RFCC26X2_multiMode.c.cc13x2.ccs.o (.text:RF_defaultCallback)
                  00002ac0    00000134                               : RFCC26X2_multiMode.c.cc13x2.ccs.o (.text:RF_abortCmd)
                  00002bf4    00000120                               : RFCC26X2_multiMode.c.cc13x2.ccs.o (.text:RF_radioOpDoneCb)
                  00002d14    00000112                               : RFCC26X2_multiMode.c.cc13x2.ccs.o (.text:RF_decodeOverridePointers)
                  00002e26    00000002     rtsv7M4_T_le_v4SPD16_eabi.lib : _lock.c.obj (.text:_nop)
                  00002e28    00000100     drivers_cc13x2.aem4f : PowerCC26X2.oem4f (.text:configureXOSCHF)
                  00002f28    00000100     main_tirtos.obj (.text:main)
                  00003028    000000fc     driverlib.lib : sys_ctrl.obj (.text:NOROM_SysCtrlStandby)
                  00003124    000000fc     rf_multiMode_cc13x2.aem4f : RFCC26X2_multiMode.c.cc13x2.ccs.o (.text:RF_hwiCpe0Active)
                  00003220    000000fc     rtsv7M4_T_le_v4SPD16_eabi.lib : fd_mul_t2.asm.obj (.text)
                  0000331c    000000f8     drivers_cc13x2.aem4f : PINCC26XX.oem4f (.text:PINCC26XX_setIoCfg)
                  00003414    000000f0     rf_multiMode_cc13x2.aem4f : RFCC26X2_multiMode.c.cc13x2.ccs.o (.text:RF_fsmPowerUpState)
                  00003504    000000ec     rom_sysbios.aem4f : rom_sysbios.obj (.text:pthread_create)
                  000035f0    000000ec     uartThread.obj (.text:uartThread)
                  000036dc    000000e0     drivers_cc13x2.aem4f : UARTCC26XX.oem4f (.text:UARTCC26XX_write)
                  000037bc    000000d8     rf_multiMode_cc13x2.aem4f : RFCC26X2_multiMode.c.cc13x2.ccs.o (.text:RF_postCmd)
                  00003894    000000d4                               : RFCC26X2_multiMode.c.cc13x2.ccs.o (.text:RF_pendCmd)
                  00003968    000000d4     rfEasyLinkTx.obj (.text:rfEasyLinkTxFnx)
                  00003a3c    000000d2     rf_multiMode_cc13x2.aem4f : RFCC26X2_multiMode.c.cc13x2.ccs.o (.text:RF_updatePaConfiguration)
                  00003b0e    00000002     drivers_cc13x2.aem4f : PowerCC26X2.oem4f (.text:emptyClockFunc)
                  00003b10    000000d0     rf_multiMode_cc13x2.aem4f : RFCC26X2_multiMode.c.cc13x2.ccs.o (.text:RF_swiHw)
                  00003be0    000000c8     drivers_cc13x2.aem4f : PowerCC26X2.oem4f (.text:Power_releaseDependency)
                  00003ca8    000000c8     rf_multiMode_cc13x2.aem4f : RFCC26X2_multiMode.c.cc13x2.ccs.o (.text:RF_hwiTempLimit)
                  00003d70    000000c4     drivers_cc13x2.aem4f : PowerCC26X2.oem4f (.text:Power_setDependency)
                  00003e34    000000c0                          : UARTCC26XX.oem4f (.text:UARTCC26XX_initIO)
                  00003ef4    000000b8                          : UARTCC26XX.oem4f (.text:UARTCC26XX_initHw)
                  00003fac    000000b4     dpl_cc13x2.aem4f : PowerCC26X2_tirtos.oem4f (.text:PowerCC26XX_standbyPolicy)
                  00004060    000000ac     drivers_cc13x2.aem4f : PINCC26XX.oem4f (.text:PIN_open)
                  0000410c    000000ac     driverlib.lib : setup.obj (.text:TrimAfterColdResetWakeupFromShutDown)
                  000041b8    000000a4     rf_multiMode_cc13x2.aem4f : RFCC26X2_multiMode.c.cc13x2.ccs.o (.text:RF_ratRestartChannels)
                  0000425c    000000a0     auto_init.aem4f : auto_init.oem4f (.text)
                  000042fc    000000a0     rom_sysbios.aem4f : rom_sysbios.obj (.text:ti_sysbios_knl_Task_setPri__E)
                  0000439c    0000009c     rf_multiMode_cc13x2.aem4f : RFCC26X2_multiMode.c.cc13x2.ccs.o (.text:RF_calculateDispatchTime)
                  00004438    0000009c     rtsv7M4_T_le_v4SPD16_eabi.lib : memcpy_t2.asm.obj (.text)
                  000044d4    00000098     driverlib.lib : setup.obj (.text:NOROM_SetupTrimDevice)
                  0000456c    00000098     drivers_cc13x2.aem4f : UARTCC26XX.oem4f (.text:writeTxFifoFlush)
                  00004604    00000096     rtsv7M4_T_le_v4SPD16_eabi.lib : ull_div_t2.asm.obj (.text)
                  0000469a    00000092     drivers_cc13x2.aem4f : UARTCC26XX.oem4f (.text:UARTCC26XX_writeCancel)
                  0000472c    00000090     rf_multiMode_cc13x2.aem4f : RFCC26X2_multiMode.c.cc13x2.ccs.o (.text:RF_discardPendCmd)
                  000047bc    0000008c                               : RFCC26X2_multiMode.c.cc13x2.ccs.o (.text:RF_cmdDispatchTime)
                  00004848    00000088     driverlib.lib : osc.obj (.text:NOROM_OSCHF_AttemptToSwitchToXosc)
                  000048d0    00000088     rf_multiMode_cc13x2.aem4f : RFCC26X2_multiMode.c.cc13x2.ccs.o (.text:RF_getTxPower)
                  00004958    00000088     rom_sysbios.aem4f : rom_sysbios.obj (.text:_pthread_removeThreadKeys)
                  000049e0    00000088     drivers_cc13x2.aem4f : PowerCC26X2_calibrateRCOSC.oem4f (.text:calibrateRcoscHf2)
                  00004a68    00000088                          : PowerCC26X2.oem4f (.text:disableLFClockQualifiers)
                  00004af0    00000088                          : PowerCC26X2_calibrateRCOSC.oem4f (.text:updateSubSecInc)
                  00004b78    00000086     rtsv7M4_T_le_v4SPD16_eabi.lib : fd_cmp_t2.asm.obj (.text:__aeabi_cdcmple)
                  00004bfe    00000086                                   : fd_cmp_t2.asm.obj (.text:__aeabi_cdrcmple)
                  00004c84    00000084     CC1352P1_LAUNCHXL_fxns.obj (.text:CC1352P1_LAUNCHXL_sendExtFlashByte)
                  00004d08    00000084     rf_multiMode_cc13x2.aem4f : RFCC26X2_multiMode.c.cc13x2.ccs.o (.text:RF_issueRadioFreeCb)
                  00004d8c    00000084                               : RFCC26X2_multiMode.c.cc13x2.ccs.o (.text:RF_verifyGap)
                  00004e10    00000084     drivers_cc13x2.aem4f : UARTCC26XX.oem4f (.text:UARTCC26XX_close)
                  00004e94    00000084     rom_sysbios.aem4f : rom_sysbios.obj (.text:ti_sysbios_family_arm_m3_Hwi_excHandlerMin__I)
                  00004f18    00000080                       : rom_sysbios.obj (.text:ti_sysbios_family_arm_cc26xx_Timer_start__E)
                  00004f98    0000007c     rf_multiMode_cc13x2.aem4f : RFCC26X2_multiMode.c.cc13x2.ccs.o (.text:RF_ratFreeChannel)
                  00005014    0000007a     rtsv7M4_T_le_v4SPD16_eabi.lib : memset_t2.asm.obj (.text)
                  0000508e    00000002                                   : div0.asm.obj (.text)
                  00005090    00000074     drivers_cc13x2.aem4f : PowerCC26X2_calibrateRCOSC.oem4f (.text:PowerCC26X2_auxISR)
                  00005104    00000072     rf_multiMode_cc13x2.aem4f : RFCC26X2_multiMode.c.cc13x2.ccs.o (.text:RF_detachOverrides)
                  00005176    00000070                               : rfc.c.cc13x2.ccs.o (.text:NOROM_RFCAnaDivTxOverride)
                  000051e6    00000002     release_pem4f.oem4f (.text:ti_sysbios_BIOS_nullFunc__I)
                  000051e8    00000070     rf_multiMode_cc13x2.aem4f : RFCC26X2_multiMode.c.cc13x2.ccs.o (.text:RF_hwiHw)
                  00005258    0000006e                               : RFCC26X2_multiMode.c.cc13x2.ccs.o (.text:RF_attachOverrides)
                  000052c6    0000006e                               : RFCC26X2_multiMode.c.cc13x2.ccs.o (.text:RF_howToSchedule)
                  00005334    0000006e     rtsv7M4_T_le_v4SPD16_eabi.lib : ll_div_t2.asm.obj (.text)
                  000053a2    00000002     rom_sysbios.aem4f : rom_sysbios.obj (.text:xdc_runtime_SysCallback_defaultAbort)
                  000053a4    0000006d                       : rom_sysbios.obj (.text:xdc_runtime_System_formatNum__I)
                  00005411    00000001     --HOLE-- [fill = 0]
                  00005412    00000002                       : rom_sysbios.obj (.text:xdc_runtime_SysCallback_defaultExit)
                  00005414    0000006c     rf_multiMode_cc13x2.aem4f : RFCC26X2_multiMode.c.cc13x2.ccs.o (.text:RF_getCurrentTime)
                  00005480    00000068     driverlib.lib : osc.obj (.text:NOROM_OSCHF_SwitchToRcOscTurnOffXosc)
                  000054e8    00000068                   : sys_ctrl.obj (.text:NOROM_SysCtrlSetRechargeBeforePowerDown)
                  00005550    00000068     rtsv7M4_T_le_v4SPD16_eabi.lib : copy_decompress_lzss.c.obj (.text:decompress:lzss:__TI_decompress_lzss)
                  000055b8    00000064     driverlib.lib : osc.obj (.text:NOROM_OSC_HPOSCRtcCompensate)
                  0000561c    00000064     rf_multiMode_cc13x2.aem4f : RFCC26X2_multiMode.c.cc13x2.ccs.o (.text:RF_dispatchNextEvent)
                  00005680    00000064     drivers_cc13x2.aem4f : UARTCC26XX.oem4f (.text:UARTCC26XX_control)
                  000056e4    00000062                          : UARTCC26XX.oem4f (.text:UARTCC26XX_swiIntFxn)
                  00005746    00000002     rom_sysbios.aem4f : rom_sysbios.obj (.text:xdc_runtime_SysCallback_defaultFlush)
                  00005748    00000060     rf_multiMode_cc13x2.aem4f : RFCC26X2_multiMode.c.cc13x2.ccs.o (.text:RF_applyRfCorePatch)
                  000057a8    00000060     EasyLink.obj (.text:calculateCmdTime)
                  00005808    00000060     rf_multiMode_cc13x2.aem4f : rf_patch_cpe_multi_protocol.c.cc13x2.ccs.o (.text:configureMultiProtocolPatch)
                  00005868    0000005c     drivers_cc13x2.aem4f : PINCC26XX.oem4f (.text:PIN_remove)
                  000058c4    0000005c     rf_multiMode_cc13x2.aem4f : RFCC26X2_multiMode.c.cc13x2.ccs.o (.text:RF_syncCb)
                  00005920    0000005c     rom_sysbios.aem4f : rom_sysbios.obj (.text:ti_sysbios_heaps_HeapMem_initPrimary__I)
                  0000597c    0000005c     release_pem4f.oem4f (.text:xdc_runtime_Startup_getState__I)
                  000059d8    0000005a     EasyLink.obj (.text:createTxAdvFromTx)
                  00005a32    00000002     rom_sysbios.aem4f : rom_sysbios.obj (.text:xdc_runtime_SysCallback_defaultPutch)
                  00005a34    00000058     drivers_cc13x2.aem4f : PowerCC26X2_calibrateRCOSC.oem4f (.text:PowerCC26X2_initiateCalibration)
                  00005a8c    00000058     rf_multiMode_cc13x2.aem4f : RFCC26X2_multiMode.c.cc13x2.ccs.o (.text:RF_fsmXOSCState)
                  00005ae4    00000058                               : RFCC26X2_multiMode.c.cc13x2.ccs.o (.text:RF_hwiCpe0PowerFsm)
                  00005b3c    00000058     boot.aem4f : boot.oem4f (.text)
                  00005b94    00000058     rom_sysbios.aem4f : rom_sysbios.obj (.text:pthread_exit)
                  00005bec    00000056     rf_multiMode_cc13x2.aem4f : RFCC26X2_multiMode.c.cc13x2.ccs.o (.text:RF_defaultSubmitPolicy)
                  00005c42    00000002     --HOLE-- [fill = 0]
                  00005c44    00000054     driverlib.lib : chipinfo.obj (.text:NOROM_ChipInfo_GetChipType)
                  00005c98    00000050     dpl_cc13x2.aem4f : ClockP_tirtos.oem4f (.text:ClockP_construct)
                  00005ce8    00000050     rf_multiMode_cc13x2.aem4f : RFCC26X2_multiMode.c.cc13x2.ccs.o (.text:RF_wakeupNotification)
                  00005d38    00000050     rom_sysbios.aem4f : rom_sysbios.obj (.text:mq_send)
                  00005d88    0000004c     CC1352P1_LAUNCHXL_fxns.obj (.text:CC1352P1_LAUNCHXL_wakeUpExtFlash)
                  00005dd4    0000004c     drivers_cc13x2.aem4f : UARTCC26XX.oem4f (.text:UARTCC26XX_readCancel)
                  00005e20    0000004c     rtsv7M4_T_le_v4SPD16_eabi.lib : cpy_tbl.c.obj (.text:copy_in)
                  00005e6c    0000004c     drivers_cc13x2.aem4f : UARTCC26XX.oem4f (.text:startTxFifoEmptyClk)
                  00005eb8    0000004c                          : PowerCC26X2.oem4f (.text:switchXOSCHF)
                  00005f04    0000004c     uartThread.obj (.text:uartsendThread)
                  00005f50    00000048     rf_multiMode_cc13x2.aem4f : rfc.c.cc13x2.ccs.o (.text:NOROM_RFCSynthPowerDown)
                  00005f98    00000048     drivers_cc13x2.aem4f : PINCC26XX.oem4f (.text:PIN_setOutputEnable)
                  00005fe0    00000048                          : PowerCC26X2_calibrateRCOSC.oem4f (.text:PowerCC26X2_RCOSC_clockFunc)
                  00006028    00000048                          : PowerCC26X2.oem4f (.text:PowerCC26XX_switchXOSC_HF)
                  00006070    00000048     rtsv7M4_T_le_v4SPD16_eabi.lib : fd_toi_t2.asm.obj (.text)
                  000060b8    00000048     drivers_cc13x2.aem4f : UARTCC26XX.oem4f (.text:writeFinishedDoCallback)
                  00006100    00000046                          : RingBuf.oem4f (.text:RingBuf_put)
                  00006146    00000002     --HOLE-- [fill = 0]
                  00006148    00000044     driverlib.lib : chipinfo.obj (.text:NOROM_ChipInfo_GetHwRevision)
                  0000618c    00000044     drivers_cc13x2.aem4f : PINCC26XX.oem4f (.text:PIN_swi)
                  000061d0    00000044                          : UART.oem4f (.text:UART_init)
                  00006214    00000044     rtsv7M4_T_le_v4SPD16_eabi.lib : fd_tou_t2.asm.obj (.text)
                  00006258    00000040     CC1352P1_LAUNCHXL_fxns.obj (.text:CC1352P1_LAUNCHXL_shutDownExtFlash)
                  00006298    00000040     drivers_cc13x2.aem4f : PowerCC26X2.oem4f (.text:PowerCC26XX_isStableXOSC_HF)
                  000062d8    00000040                          : RingBuf.oem4f (.text:RingBuf_get)
                  00006318    00000040                          : UART.oem4f (.text:UART_open)
                  00006358    00000040     rtsv7M4_T_le_v4SPD16_eabi.lib : u_divt2.asm.obj (.text)
                  00006398    00000040     rom_sysbios.aem4f : rom_sysbios.obj (.text:ti_sysbios_family_arm_cc26xx_Timer_setThreshold__I)
                  000063d8    0000003e     dpl_cc13x2.aem4f : HwiP_tirtos.oem4f (.text:HwiP_construct)
                  00006416    00000002     --HOLE-- [fill = 0]
                  00006418    0000003c     drivers_cc13x2.aem4f : PINCC26XX.oem4f (.text:PIN_setOutputValue)
                  00006454    0000003c     rf_multiMode_cc13x2.aem4f : RFCC26X2_multiMode.c.cc13x2.ccs.o (.text:RF_cmdGet)
                  00006490    0000003c                               : RFCC26X2_multiMode.c.cc13x2.ccs.o (.text:RF_cmdStoreEvents)
                  000064cc    0000003c     dpl_cc13x2.aem4f : SwiP_tirtos.oem4f (.text:SwiP_construct)
                  00006508    0000003c     ti_drivers_config.obj (.text:initRfFrontend)
                  00006544    0000003c     rom_sysbios.aem4f : rom_sysbios.obj (.text:ti_sysbios_family_arm_m3_Hwi_construct2__E)
                  00006580    00000038     driverlib.lib : osc.obj (.text:NOROM_OSC_HPOSCRelativeFrequencyOffsetGet)
                  000065b8    00000038     drivers_cc13x2.aem4f : PINCC26XX.oem4f (.text:PIN_setConfig)
                  000065f0    00000038     rf_multiMode_cc13x2.aem4f : RFCC26X2_multiMode.c.cc13x2.ccs.o (.text:RF_checkCmdFsError)
                  00006628    00000038                               : RFCC26X2_multiMode.c.cc13x2.ccs.o (.text:RF_powerConstraintRelease)
                  00006660    00000038     rom_sysbios.aem4f : rom_sysbios.obj (.text:mq_receive)
                  00006698    00000038     drivers_cc13x2.aem4f : PowerCC26X2.oem4f (.text:notify)
                  000066d0    00000038                          : UARTCC26XX.oem4f (.text:readData)
                  00006708    00000038     rtsv7M4_T_le_v4SPD16_eabi.lib : fs_tod_t2.asm.obj (.text)
                  00006740    00000038     drivers_cc13x2.aem4f : UARTCC26XX.oem4f (.text:writeData)
                  00006778    00000036     rom_sysbios.aem4f : rom_sysbios.obj (.text:ti_sysbios_family_arm_cc26xx_Timer_setNextTick__E)
                  000067ae    00000002     --HOLE-- [fill = 0]
                  000067b0    00000034     driverlib.lib : aux_sysif.obj (.text:NOROM_AUXSYSIFOpModeChange)
                  000067e4    00000034                   : sys_ctrl.obj (.text:NOROM_SysCtrlIdle)
                  00006818    00000034     rf_multiMode_cc13x2.aem4f : RFCC26X2_multiMode.c.cc13x2.ccs.o (.text:RF_runDirectImmediateCmd)
                  0000684c    00000034     rtsv7M4_T_le_v4SPD16_eabi.lib : rand.c.obj (.text:rand)
                  00006880    00000034     drivers_cc13x2.aem4f : UARTCC26XX.oem4f (.text:readData2RingBuf)
                  000068b4    00000030                          : PINCC26XX.oem4f (.text:PINCC26XX_setMux)
                  000068e4    00000030                          : PowerCC26X2.oem4f (.text:Power_releaseConstraint)
                  00006914    00000030                          : PowerCC26X2.oem4f (.text:Power_setConstraint)
                  00006944    00000030     rf_multiMode_cc13x2.aem4f : rf_patch_cpe_multi_protocol.c.cc13x2.ccs.o (.text:applyMultiProtocolPatch)
                  00006974    00000030     release_pem4f.oem4f (.text:ti_sysbios_BIOS_atExitFunc__I)
                  000069a4    00000030     release_pem4f.oem4f (.text:ti_sysbios_BIOS_startFunc__I)
                  000069d4    00000030     rom_sysbios.aem4f : rom_sysbios.obj (.text:ti_sysbios_family_arm_cc26xx_Timer_getCurrentTick__E)
                  00006a04    00000030                       : rom_sysbios.obj (.text:ti_sysbios_family_arm_cc26xx_Timer_initDevice__I)
                  00006a34    0000002e     rf_multiMode_cc13x2.aem4f : RFCC26X2_multiMode.c.cc13x2.ccs.o (.text:RF_queueEnd)
                  00006a62    0000002e     rtsv7M4_T_le_v4SPD16_eabi.lib : i_tofd_t2.asm.obj (.text)
                  00006a90    0000002c     rf_multiMode_cc13x2.aem4f : RFCC26X2_multiMode.c.cc13x2.ccs.o (.text:RF_executeDirectImmediateCmd)
                  00006abc    0000002c     dpl_cc13x2.aem4f : SemaphoreP_tirtos.oem4f (.text:SemaphoreP_constructBinary)
                  00006ae8    0000002c     rom_sysbios.aem4f : rom_sysbios.obj (.text:_pthread_delete$45)
                  00006b14    0000002c                       : rom_sysbios.obj (.text:pthread_setcancelstate)
                  00006b40    0000002c                       : rom_sysbios.obj (.text:ti_sysbios_knl_Clock_getTicksUntilInterrupt__E)
                  00006b6c    0000002a     drivers_cc13x2.aem4f : List.oem4f (.text:List_insert)
                  00006b96    0000002a     rf_multiMode_cc13x2.aem4f : RFCC26X2_multiMode.c.cc13x2.ccs.o (.text:RF_searchAndReplacePAOverride)
                  00006bc0    0000002a     rom_sysbios.aem4f : rom_sysbios.obj (.text:ti_sysbios_knl_Clock_getTimeout__E)
                  00006bea    00000002     --HOLE-- [fill = 0]
                  00006bec    00000028     driverlib.lib : osc.obj (.text:NOROM_OSCHF_TurnOnXosc)
                  00006c14    00000028     rf_multiMode_cc13x2.aem4f : rfc.c.cc13x2.ccs.o (.text:NOROM_RFCOverrideSearch)
                  00006c3c    00000028     drivers_cc13x2.aem4f : PowerCC26X2.oem4f (.text:Power_registerNotify)
                  00006c64    00000028     rf_multiMode_cc13x2.aem4f : RFCC26X2_multiMode.c.cc13x2.ccs.o (.text:RF_calculateDeltaTimeUs)
                  00006c8c    00000028                               : RFCC26X2_multiMode.c.cc13x2.ccs.o (.text:RF_runCmd)
                  00006cb4    00000028     rom_sysbios.aem4f : rom_sysbios.obj (.text:findInList$44)
                  00006cdc    00000028     drivers_cc13x2.aem4f : PowerCC26X2.oem4f (.text:oscillatorISR)
                  00006d04    00000026                          : List.oem4f (.text:List_put)
                  00006d2a    00000026                          : List.oem4f (.text:List_putHead)
                  00006d50    00000026                          : List.oem4f (.text:List_remove)
                  00006d76    00000002     --HOLE-- [fill = 0]
                  00006d78    00000024     rf_multiMode_cc13x2.aem4f : rfc.c.cc13x2.ccs.o (.text:NOROM_RFCDoorbellSendTo)
                  00006d9c    00000024     ti_drivers_config.obj (.text:PINCC26XX_setOutputValue)
                  00006dc0    00000024     rf_multiMode_cc13x2.aem4f : RFCC26X2_multiMode.c.cc13x2.ccs.o (.text:RF_cmdAlloc)
                  00006de4    00000024                               : RFCC26X2_multiMode.c.cc13x2.ccs.o (.text:RF_invokeGlobalCallback)
                  00006e08    00000024     rom_sysbios.aem4f : rom_sysbios.obj (.text:_pthread_cleanupFxn)
                  00006e2c    00000024     drivers_cc13x2.aem4f : PowerCC26X2_calibrateRCOSC.oem4f (.text:getTdcSemaphore)
                  00006e50    00000024     rom_sysbios.aem4f : rom_sysbios.obj (.text:pthread_attr_init)
                  00006e74    00000024     release_pem4f.oem4f (.text:ti_sysbios_BIOS_registerRTSLock__I)
                  00006e98    00000024     release_pem4f.oem4f (.text:ti_sysbios_BIOS_removeRTSLock__I)
                  00006ebc    00000024     rom_sysbios.aem4f : rom_sysbios.obj (.text:ti_sysbios_family_arm_cc26xx_Timer_getMaxTicks__E)
                  00006ee0    00000022     drivers_cc13x2.aem4f : List.oem4f (.text:List_get)
                  00006f02    00000020     dpl_cc13x2.aem4f : HwiP_tirtos.oem4f (.text:HwiP_setFunc)
                  00006f22    00000002     --HOLE-- [fill = 0]
                  00006f24    00000020     drivers_cc13x2.aem4f : PINCC26XX.oem4f (.text:PINCC26XX_setIoCfgMux)
                  00006f44    00000020                          : PowerCC26X2.oem4f (.text:Power_unregisterNotify)
                  00006f64    00000020     rf_multiMode_cc13x2.aem4f : RFCC26X2_multiMode.c.cc13x2.ccs.o (.text:RF_clkPowerUp)
                  00006f84    00000020                               : RFCC26X2_multiMode.c.cc13x2.ccs.o (.text:RF_hwiCpe0ChangePhy)
                  00006fa4    00000020                               : RFCC26X2_multiMode.c.cc13x2.ccs.o (.text:RF_isStateTransitionAllowed)
                  00006fc4    00000020                               : RFCC26X2_multiMode.c.cc13x2.ccs.o (.text:RF_ratIsRunning)
                  00006fe4    00000020     drivers_cc13x2.aem4f : UARTCC26XX.oem4f (.text:threadSafeStdbyDisRelease)
                  00007004    00000020                          : UARTCC26XX.oem4f (.text:threadSafeStdbyDisSet)
                  00007024    00000020     release_pem4f.oem4f (.text:ti_sysbios_BIOS_rtsLock__I)
                  00007044    00000020     rom_sysbios.aem4f : rom_sysbios.obj (.text:ti_sysbios_family_arm_cc26xx_Timer_dynamicStub__E)
                  00007064    00000020                       : rom_sysbios.obj (.text:xdc_runtime_Error_policyMin__E)
                  00007084    0000001e     drivers_cc13x2.aem4f : PINCC26XX.oem4f (.text:PIN_close)
                  000070a2    0000001e                          : PowerCC26X2.oem4f (.text:Power_getTransitionLatency)
                  000070c0    0000001c     ti_drivers_config.obj (.text:Board_init)
                  000070dc    0000001c     driverlib.lib : chipinfo.obj (.text:NOROM_ChipInfo_GetChipFamily)
                  000070f8    0000001c     drivers_cc13x2.aem4f : PINCC26XX.oem4f (.text:PIN_hwi)
                  00007114    0000001c     dpl_cc13x2.aem4f : PowerCC26X2_tirtos.oem4f (.text:PowerCC26XX_schedulerDisable)
                  00007130    0000001c                      : PowerCC26X2_tirtos.oem4f (.text:PowerCC26XX_schedulerRestore)
                  0000714c    0000001c     rf_multiMode_cc13x2.aem4f : RFCC26X2_multiMode.c.cc13x2.ccs.o (.text:RF_clkInactivityCallback)
                  00007168    0000001c                               : RFCC26X2_multiMode.c.cc13x2.ccs.o (.text:RF_getPAOverrideOffsetAndValue)
                  00007184    0000001c                               : RFCC26X2_multiMode.c.cc13x2.ccs.o (.text:RF_powerConstraintSet)
                  000071a0    0000001c     EasyLink.obj (.text:genActivityTableValue)
                  000071bc    0000001c     rom_sysbios.aem4f : rom_sysbios.obj (.text:ti_sysbios_knl_Swi_construct2__E)
                  000071d8    0000001c     release_pem4f.oem4f (.text:xdc_runtime_Startup_exec__I)
                  000071f4    0000001a     drivers_cc13x2.aem4f : PowerCC26X2.oem4f (.text:PowerCC26XX_calibrate)
                  0000720e    00000018     EasyLink.obj (.text:ChipInfo_ChipFamilyIs_CC13x2_CC26x2)
                  00007226    00000018     EasyLink.obj (.text:ChipInfo_ChipFamilyIs_CC26x0R2)
                  0000723e    00000002     --HOLE-- [fill = 0]
                  00007240    00000018     driverlib.lib : chipinfo.obj (.text:NOROM_ChipInfo_GetPackageType)
                  00007258    00000018     drivers_cc13x2.aem4f : PowerCC26X2.oem4f (.text:Power_idleFunc)
                  00007270    00000018     rf_multiMode_cc13x2.aem4f : RFCC26X2_multiMode.c.cc13x2.ccs.o (.text:RF_ScheduleCmdParams_init)
                  00007288    00000018                               : RFCC26X2_multiMode.c.cc13x2.ccs.o (.text:RF_swiFsm)
                  000072a0    00000018     uartThread.obj (.text:SerialWrite)
                  000072b8    00000018     drivers_cc13x2.aem4f : UART.oem4f (.text:UART_Params_init)
                  000072d0    00000018     rtsv7M4_T_le_v4SPD16_eabi.lib : args_main.c.obj (.text:_args_main)
                  000072e8    00000018                                   : ll_mul_t2.asm.obj (.text)
                  00007300    00000018                                   : strcmp.c.obj (.text:strcmp)
                  00007318    00000018     release_pem4f.oem4f (.text:ti_sysbios_BIOS_rtsUnlock__I)
                  00007330    00000018     rom_sysbios.aem4f : rom_sysbios.obj (.text:ti_sysbios_knl_Swi_or__E)
                  00007348    00000018                       : rom_sysbios.obj (.text:ti_sysbios_rts_ti_ReentSupport_getReent__F)
                  00007360    00000018                       : rom_sysbios.obj (.text:xdc_runtime_Error_init__E)
                  00007378    00000016     EasyLink.obj (.text:ChipInfo_ChipFamilyIs_CC26x0)
                  0000738e    00000016     driverlib.lib : chipinfo.obj (.text:NOROM_ThisLibraryIsFor_CC13x2_CC26x2_HwRev20AndLater_HaltIfViolated)
                  000073a4    00000016     rf_multiMode_cc13x2.aem4f : RFCC26X2_multiMode.c.cc13x2.ccs.o (.text:RF_restartClockTimeout)
                  000073ba    00000016     rom_sysbios.aem4f : rom_sysbios.obj (.text:_pthread_cleanup_pop)
                  000073d0    00000016     release_pem4f.oem4f (.text:ti_sysbios_BIOS_exitFunc__I)
                  000073e6    00000016     EasyLink.obj (.text:ti_sysbios_knl_Semaphore_Params_init)
                  000073fc    00000014     EasyLink.obj (.text:EasyLink_Params_init)
                  00007410    00000014     drivers_cc13x2.aem4f : List.oem4f (.text:List_clearList)
                  00007424    00000014     rf_multiMode_cc13x2.aem4f : rfc.c.cc13x2.ccs.o (.text:NOROM_RFCCpeIntGetAndClear)
                  00007438    00000014     drivers_cc13x2.aem4f : PowerCC26X2_calibrateRCOSC.oem4f (.text:PowerCC26X2_calibrate)
                  0000744c    00000014     rf_multiMode_cc13x2.aem4f : RFCC26X2_multiMode.c.cc13x2.ccs.o (.text:RF_Params_init)
                  00007460    00000014                               : RFCC26X2_multiMode.c.cc13x2.ccs.o (.text:RF_dbellSyncOnAck)
                  00007474    00000014                               : RFCC26X2_multiMode.c.cc13x2.ccs.o (.text:RF_ratGetChannel)
                  00007488    00000014                               : rf_patch_cpe_multi_protocol.c.cc13x2.ccs.o (.text:enterMultiProtocolCpeHdPatch)
                  0000749c    00000014     rom_sysbios.aem4f : rom_sysbios.obj (.text:pthread_attr_setschedparam)
                  000074b0    00000014     rtsv7M4_T_le_v4SPD16_eabi.lib : strcpy.c.obj (.text:strcpy)
                  000074c4    00000014     drivers_cc13x2.aem4f : PowerCC26X2.oem4f (.text:switchToTCXO)
                  000074d8    00000014     rom_sysbios.aem4f : rom_sysbios.obj (.text:ti_sysbios_family_arm_cc26xx_Timer_getCount64__E)
                  000074ec    00000014     release_pem4f.oem4f (.text:ti_sysbios_knl_Clock_doTick__I)
                  00007500    00000012     drivers_cc13x2.aem4f : RingBuf.oem4f (.text:RingBuf_construct)
                  00007512    00000012     dpl_cc13x2.aem4f : SemaphoreP_tirtos.oem4f (.text:SemaphoreP_pend)
                  00007524    00000012     rom_sysbios.aem4f : rom_sysbios.obj (.text:_pthread_runStub$45)
                  00007536    00000010     dpl_cc13x2.aem4f : ClockP_tirtos.oem4f (.text:ClockP_isActive)
                  00007546    00000010                      : HwiP_tirtos.oem4f (.text:HwiP_Params_init)
                  00007556    00000002     --HOLE-- [fill = 0]
                  00007558    00000010     rf_multiMode_cc13x2.aem4f : rfc.c.cc13x2.ccs.o (.text:NOROM_RFCHwIntGetAndClear)
                  00007568    00000010     drivers_cc13x2.aem4f : PINCC26XX.oem4f (.text:PINCC26XX_getPinCount)
                  00007578    00000010     rf_multiMode_cc13x2.aem4f : RFCC26X2_multiMode.c.cc13x2.ccs.o (.text:RF_dbellSubmitCmdAsync)
                  00007588    00000010                               : RFCC26X2_multiMode.c.cc13x2.ccs.o (.text:RF_isClientOwner)
                  00007598    00000010     dpl_cc13x2.aem4f : SwiP_tirtos.oem4f (.text:SwiP_Params_init)
                  000075a8    00000010     rom_sysbios.aem4f : rom_sysbios.obj (.text:ti_sysbios_family_arm_m3_Hwi_post__E)
                  000075b8    00000010     drivers_cc13x2.aem4f : UARTCC26XX.oem4f (.text:uartPostNotify)
                  000075c8    0000000e     rf_multiMode_cc13x2.aem4f : RFCC26X2_multiMode.c.cc13x2.ccs.o (.text:RF_getSwitchingTimeInUs)
                  000075d6    0000000e     rtsv7M4_T_le_v4SPD16_eabi.lib : copy_decompress_none.c.obj (.text:decompress:none:__TI_decompress_none)
                  000075e4    0000000e     rom_sysbios.aem4f : rom_sysbios.obj (.text:pthread_attr_setdetachstate)
                  000075f2    0000000e                       : rom_sysbios.obj (.text:ti_sysbios_family_arm_cc26xx_TimestampProvider_get32__E)
                  00007600    0000000c     driverlib.lib : cpu.obj (.text:NOROM_CPUcpsid)
                  0000760c    0000000c                   : cpu.obj (.text:NOROM_CPUcpsie)
                  00007618    0000000c     drivers_cc13x2.aem4f : PowerCC26X2.oem4f (.text:Power_getConstraintMask)
                  00007624    0000000c                          : PowerCC26X2.oem4f (.text:Power_getDependencyCount)
                  00007630    0000000c     rf_multiMode_cc13x2.aem4f : RFCC26X2_multiMode.c.cc13x2.ccs.o (.text:RF_powerConstraintGet)
                  0000763c    0000000c     rtsv7M4_T_le_v4SPD16_eabi.lib : _lock.c.obj (.text:_register_lock)
                  00007648    0000000c                                   : _lock.c.obj (.text:_register_unlock)
                  00007654    0000000c                                   : copy_zero_init.c.obj (.text:decompress:ZI:__TI_zero_init)
                  00007660    0000000c     rom_sysbios.aem4f : rom_sysbios.obj (.text:pthread_self)
                  0000766c    0000000c                       : rom_sysbios.obj (.text:ti_sysbios_knl_Queue_insert__E)
                  00007678    0000000c                       : rom_sysbios.obj (.text:ti_sysbios_knl_Swi_getTrigger__E)
                  00007684    0000000a     dpl_cc13x2.aem4f : ClockP_tirtos.oem4f (.text:ClockP_Params_init)
                  0000768e    0000000a     drivers_cc13x2.aem4f : UART.oem4f (.text:UART_read)
                  00007698    0000000a                          : UART.oem4f (.text:UART_write)
                  000076a2    0000000a     release_pem4f.oem4f (.text:ti_sysbios_rts_ti_ReentSupport_getTlsAddr__I)
                  000076ac    00000008     CC1352P1_LAUNCHXL_fxns.obj (.text:Board_initHook)
                  000076b4    00000008     drivers_cc13x2.aem4f : UARTCC26XX.oem4f (.text:UARTCC26XX_init)
                  000076bc    00000008                          : UARTCC26XX.oem4f (.text:readSemCallback)
                  000076c4    00000008                          : UARTCC26XX.oem4f (.text:writeSemCallback)
                  000076cc    00000008     release_pem4f.oem4f (.text:xdc_runtime_Text_visitRope__I)
                  000076d4    00000006     driverlib.lib : cpu.obj (.text:NOROM_CPUdelay)
                  000076da    00000006     rf_multiMode_cc13x2.aem4f : RFCC26X2_multiMode.c.cc13x2.ccs.o (.text:RF_clkReqAccess)
                  000076e0    00000006     drivers_cc13x2.aem4f : UARTCC26XX.oem4f (.text:UARTCC26XX_readPolling)
                  000076e6    00000006                          : UARTCC26XX.oem4f (.text:UARTCC26XX_writePolling)
                  000076ec    00000006     rom_sysbios.aem4f : rom_sysbios.obj (.text:pthread_attr_setstacksize)
                  000076f2    00000006                       : rom_sysbios.obj (.text:ti_sysbios_family_arm_m3_Hwi_setFunc__E)
                  000076f8    00000004     dpl_cc13x2.aem4f : PowerCC26X2_tirtos.oem4f (.text:CPUwfi)
                  000076fc    00000004                      : ClockP_tirtos.oem4f (.text:ClockP_destruct)
                  00007700    00000004                      : ClockP_tirtos.oem4f (.text:ClockP_getCpuFreq)
                  00007704    00000004                      : ClockP_tirtos.oem4f (.text:ClockP_getTimeout)
                  00007708    00000004                      : ClockP_tirtos.oem4f (.text:ClockP_setTimeout)
                  0000770c    00000004                      : ClockP_tirtos.oem4f (.text:ClockP_start)
                  00007710    00000004                      : ClockP_tirtos.oem4f (.text:ClockP_stop)
                  00007714    00000004                      : HwiP_tirtos.oem4f (.text:HwiP_destruct)
                  00007718    00000004                      : HwiP_tirtos.oem4f (.text:HwiP_disable)
                  0000771c    00000004                      : HwiP_tirtos.oem4f (.text:HwiP_enableInterrupt)
                  00007720    00000004                      : HwiP_tirtos.oem4f (.text:HwiP_post)
                  00007724    00000004     rf_multiMode_cc13x2.aem4f : rfc.c.cc13x2.ccs.o (.text:NOROM_RFCOverrideUpdate)
                  00007728    00000004                               : RFCC26X2_multiMode.c.cc13x2.ccs.o (.text:RF_defaultConflictPolicy)
                  0000772c    00000004     dpl_cc13x2.aem4f : SemaphoreP_tirtos.oem4f (.text:SemaphoreP_destruct)
                  00007730    00000004                      : SemaphoreP_tirtos.oem4f (.text:SemaphoreP_post)
                  00007734    00000004                      : SwiP_tirtos.oem4f (.text:SwiP_destruct)
                  00007738    00000004                      : SwiP_tirtos.oem4f (.text:SwiP_disable)
                  0000773c    00000004                      : SwiP_tirtos.oem4f (.text:SwiP_getTrigger)
                  00007740    00000004                      : SwiP_tirtos.oem4f (.text:SwiP_or)
                  00007744    00000004     rom_sysbios.aem4f : rom_sysbios.obj (.text:__aeabi_errno_addr)
                  00007748    00000004     drivers_cc13x2.aem4f : PowerCC26X2.oem4f (.text:configureRFCoreClocks)
                  0000774c    00000004                          : PowerCC26X2.oem4f (.text:nopResourceHandler)
                  00007750    00000004     rom_sysbios.aem4f : rom_sysbios.obj (.text:ti_sysbios_knl_Clock_isActive__E)
                  00007754    00000004                       : rom_sysbios.obj (.text:ti_sysbios_knl_Task_getArg1__E)
                  00007758    00000004                       : rom_sysbios.obj (.text:ti_sysbios_knl_Task_getEnv__E)
                  0000775c    00000004     release_pem4f.oem4f (.text:xdc_runtime_Startup_reset__I)
                  00007760    00000004     rom_sysbios.aem4f : rom_sysbios.obj (.text:xdc_runtime_SysCallback_defaultReady)
                  00007764    00000008     (.tramp.ti_sysbios_knl_Swi_destruct.1)
                  0000776c    00000008     (.tramp.ti_sysbios_family_arm_m3_Hwi_enableInterrupt__E.1)
                  00007774    00000008     (.tramp.ti_sysbios_family_arm_m3_Hwi_destruct.1)
                  0000777c    00000008     (.tramp.ti_sysbios_BIOS_getCpuFreq__E.1)
                  00007784    00000008     (.tramp.ti_sysbios_knl_Clock_destruct.1)
                  0000778c    00000008     (.tramp.ti_sysbios_knl_Task_self__E.1)
                  00007794    00000008     (.tramp.ti_sysbios_knl_Clock_logTick__E.1)
                  0000779c    00000008     (.tramp.ti_sysbios_knl_Swi_post__E.1)
                  000077a4    00000008     (.tramp.ti_sysbios_BIOS_RtsGateProxy_leave__E.1)
                  000077ac    00000008     (.tramp.ti_sysbios_knl_Swi_construct.1)
                  000077b4    00000008     (.tramp.ti_sysbios_BIOS_RtsGateProxy_enter__E.1)
                  000077bc    00000008     (.tramp.ti_sysbios_family_arm_m3_Hwi_disableFxn__E.1)
                  000077c4    00000008     (.tramp.ti_sysbios_knl_Clock_getTicks__E.1)
                  000077cc    00000008     (.tramp.ti_sysbios_knl_Clock_TimerProxy_getCurrentTick__E.1)
                  000077d4    00000008     (.tramp.ti_sysbios_knl_Task_delete.1)
                  000077dc    00000008     (.tramp.ti_sysbios_knl_Semaphore_destruct.1)
                  000077e4    00000008     (.tramp.ti_sysbios_knl_Task_startup__E.1)
                  000077ec    00000008     (.tramp.ti_sysbios_knl_Swi_startup__E.1)
                  000077f4    00000008     (.tramp.ti_sysbios_hal_Hwi_startup__E.1)
                  000077fc    00000008     (.tramp.ti_sysbios_family_arm_cc26xx_Timer_startup__E.1)
                  00007804    00000008     (.tramp.xdc_runtime_System_atexit__E.1)
                  0000780c    00000008     (.tramp.ti_sysbios_BIOS_linkedWithIncorrectBootLibrary__E.1)
                  00007814    00000008     (.tramp.xdc_runtime_Startup_rtsDone__E.1)
                  0000781c    00000008     (.tramp.ti_sysbios_knl_Swi_disable__E.1)
                  00007824    00000008     (.tramp.ti_sysbios_knl_Mailbox_pend__E.1)
                  0000782c    00000008     (.tramp.ti_sysbios_family_arm_m3_Hwi_construct.1)
                  00007834    00000008     (.tramp.ti_sysbios_knl_Swi_Params__init__S.1)
                  0000783c    00000008     (.tramp.ti_sysbios_family_arm_m3_Hwi_Params__init__S.1)
                  00007844    00000008     (.tramp.ti_sysbios_knl_Mailbox_post__E.1)
                  0000784c    00000008     (.tramp.ti_sysbios_knl_Clock_construct.1)
                  00007854    00000008     (.tramp.ti_sysbios_knl_Clock_Params__init__S.1)
                  0000785c    00000008     (.tramp.xdc_runtime_System_exit__E.1)
                  00007864    00000008     (.tramp.ti_sysbios_heaps_HeapMem_restore__E.1)
                  0000786c    00000008     (.tramp.ti_sysbios_heaps_HeapMem_Object__get__S.1)
                  00007874    00000008     (.tramp.xdc_runtime_Error_raiseX__E.1)
                  0000787c    00000008     (.tramp.ti_sysbios_BIOS_setThreadType__E.1)
                  00007884    00000008     (.tramp.ti_sysbios_family_arm_m3_Hwi_excFillContext__I.1)
                  0000788c    00000008     (.tramp.ti_sysbios_knl_Queue_next__E.1)
                  00007894    00000008     (.tramp.ti_sysbios_knl_Queue_head__E.1)
                  0000789c    00000008     (.tramp.ti_sysbios_knl_Task_restore__E.1)
                  000078a4    00000008     (.tramp.ti_sysbios_knl_Queue_enqueue__E.1)
                  000078ac    00000008     (.tramp.ti_sysbios_knl_Queue_empty__E.1)
                  000078b4    00000008     (.tramp.ti_sysbios_knl_Queue_remove__E.1)
                  000078bc    00000008     (.tramp.ti_sysbios_knl_Task_disable__E.1)
                  000078c4    00000008     (.tramp.ti_sysbios_knl_Clock_stop__E.1)
                  000078cc    00000008     (.tramp.ti_sysbios_knl_Clock_start__E.1)
                  000078d4    00000008     (.tramp.ti_sysbios_knl_Clock_setTimeout__E.1)
                  000078dc    00000008     (.tramp.xdc_runtime_System_abort__E.1)
                  000078e4    00000008     (.tramp.ti_sysbios_knl_Task_create.1)
                  000078ec    00000008     (.tramp.ti_sysbios_knl_Semaphore_construct.1)
                  000078f4    00000008     (.tramp.ti_sysbios_knl_Semaphore_Params__init__S.1)
                  000078fc    00000008     (.tramp.ti_sysbios_knl_Queue_construct.1)
                  00007904    00000008     (.tramp.ti_sysbios_knl_Task_Params__init__S.1)
                  0000790c    00000008     (.tramp.ti_sysbios_BIOS_start__E.1)
                  00007914    00000008     (.tramp.xdc_runtime_System_doPrint__I.1)
                  0000791c    00000008     (.tramp.ti_sysbios_gates_GateMutex_leave__E.1)
                  00007924    00000008     (.tramp.xdc_runtime_Memory_free__E.1)
                  0000792c    00000008     (.tramp.ti_sysbios_knl_Mailbox_create.1)
                  00007934    00000008     (.tramp.xdc_runtime_Memory_alloc__E.1)
                  0000793c    00000008     (.tramp.ti_sysbios_gates_GateMutex_enter__E.1)
                  00007944    00000008     (.tramp.strlen.1)
                  0000794c    00000008     (.tramp.ti_sysbios_BIOS_getThreadType__E.1)
                  00007954    00000008     (.tramp.ti_sysbios_knl_Swi_restore__E.1)
                  0000795c    00000008     (.tramp.ti_sysbios_family_arm_m3_Hwi_restoreFxn__E.1)
                  00007964    00000008     (.tramp.ti_sysbios_knl_Semaphore_create.1)
                  0000796c    00000008     (.tramp.ti_sysbios_knl_Semaphore_post__E.1)
                  00007974    00000008     (.tramp.ti_sysbios_knl_Semaphore_pend__E.1)

.const     0    0000797c    00000e3c     
                  0000797c    00000504     rf_multiMode_cc13x2.aem4f : rf_patch_cpe_multi_protocol.c.cc13x2.ccs.o (.const:$O1$$)
                  00007e80    000003b8     release_pem4f.oem4f (.const:ROM_constStruct)
                  00008238    00000214     release_pem4f.oem4f (.const)
                  0000844c    00000090     rfEasyLinkTx.obj (.const:$P$T0$1)
                  000084dc    00000054     drivers_cc13x2.aem4f : PowerCC26X2.oem4f (.const:resourceDB)
                  00008530    00000048     release_pem4f.oem4f (.const:.string)
                  00008578    00000048     release_pem4f.oem4f (.const:ROM_externFuncPtrs)
                  000085c0    00000028     drivers_cc13x2.aem4f : UARTCC26XX.oem4f (.const:UARTCC26XX_fxnTable)
                  000085e8    00000028     ti_drivers_config.obj (.const:uartCC26XXHWAttrs)
                  00008610    00000024     drivers_cc13x2.aem4f : UART.oem4f (.const:UART_defaultParams)
                  00008634    00000024     release_pem4f.oem4f (.const:xdc_runtime_Startup_sfxnTab__A)
                  00008658    00000020     ti_drivers_config.obj (.const:BoardGpioInitTable)
                  00008678    00000020     rf_multiMode_cc13x2.aem4f : RFCC26X2_multiMode.c.cc13x2.ccs.o (.const:RF_defaultParams)
                  00008698    00000016     uartThread.obj (.const:.string:$P$T0$1)
                  000086ae    00000001     ti_drivers_config.obj (.const)
                  000086af    00000001     ti_easylink_config.obj (.const)
                  000086b0    00000014     CC1352P1_LAUNCHXL_fxns.obj (.const:$P$T1$2)
                  000086c4    00000014     ti_drivers_config.obj (.const:PowerCC26X2_config)
                  000086d8    00000014     drivers_cc13x2.aem4f : UARTCC26XX.oem4f (.const:parityType)
                  000086ec    00000012     release_pem4f.oem4f (.const:xdc_runtime_Startup_sfxnRts__A)
                  000086fe    00000001     release_pem4f.oem4f (.const:xdc_runtime_Text_charTab__A)
                  000086ff    00000001     --HOLE-- [fill = 0]
                  00008700    00000010     ti_drivers_config.obj (.const:$P$T0$2)
                  00008710    00000010     EasyLink.obj (.const:EasyLink_defaultParams)
                  00008720    00000010     drivers_cc13x2.aem4f : UARTCC26XX.oem4f (.const:dataLength)
                  00008730    0000000c     ti_drivers_config.obj (.const:RFCC26XX_hwAttrs)
                  0000873c    0000000c     ti_drivers_config.obj (.const:UART_config)
                  00008748    0000000c     release_pem4f.oem4f (.const:xdc_runtime_Startup_firstFxns__A)
                  00008754    00000008     driverlib.lib : aux_sysif.obj (.const:$O1$$)
                  0000875c    00000008     CC1352P1_LAUNCHXL_fxns.obj (.const:$P$T0$1)
                  00008764    00000008     ti_drivers_config.obj (.const:PINCC26XX_hwAttrs)
                  0000876c    00000008     rf_multiMode_cc13x2.aem4f : RFCC26X2_multiMode.c.cc13x2.ccs.o (.const:RFCC26XX_schedulerPolicy)
                  00008774    00000008     drivers_cc13x2.aem4f : UARTCC26XX.oem4f (.const:stopBits)
                  0000877c    00000008     release_pem4f.oem4f (.const:ti_sysbios_family_arm_m3_Hwi_excHookFuncs__A)
                  00008784    00000008     release_pem4f.oem4f (.const:ti_sysbios_knl_Idle_funcList__A)
                  0000878c    00000006     drivers_cc13x2.aem4f : UARTCC26XX.oem4f (.const:.string:rxFifoBytes)
                  00008792    00000006                          : UARTCC26XX.oem4f (.const:.string:rxFifoThreshold)
                  00008798    00000006                          : UARTCC26XX.oem4f (.const:.string:txFifoBytes)
                  0000879e    00000006                          : UARTCC26XX.oem4f (.const:.string:txFifoThreshold)
                  000087a4    00000004     release_pem4f.oem4f (.const:ti_sysbios_family_arm_m3_Hwi_E_exception__C)
                  000087a8    00000004     release_pem4f.oem4f (.const:ti_sysbios_heaps_HeapMem_primaryHeapBaseAddr__C)
                  000087ac    00000004     release_pem4f.oem4f (.const:ti_sysbios_heaps_HeapMem_primaryHeapEndAddr__C)
                  000087b0    00000004     release_pem4f.oem4f (.const:ti_sysbios_knl_Clock_tickPeriod__C)
                  000087b4    00000004     release_pem4f.oem4f (.const:ti_sysbios_knl_Task_Object__heap__C)

MODULE SUMMARY

       Module                                       code    ro data   rw data
       ------                                       ----    -------   -------
    .\
       uartThread.obj                               336     22        4      
       rfEasyLinkTx.obj                             212     144       0      
       CC1352P1_LAUNCHXL_fxns.obj                   280     28        0      
       main_tirtos.obj                              256     0         8      
    +--+--------------------------------------------+-------+---------+---------+
       Total:                                       1084    194       12     
                                                                             
    .\easylink\
       EasyLink.obj                                 2790    16        715    
    +--+--------------------------------------------+-------+---------+---------+
       Total:                                       2790    16        715    
                                                                             
    .\syscfg\
       ti_drivers_config.obj                        524     141       349    
       ti_radio_config.obj                          0       0         354    
       ti_devices_config.obj                        0       88        0      
       ti_easylink_config.obj                       0       1         36     
    +--+--------------------------------------------+-------+---------+---------+
       Total:                                       524     230       739    
                                                                             
    C:\Users\Baker\OneDrive\Uni\Motorsports\Production_Workspace\Telemetry20\tirtos_builds_CC1352P1_LAUNCHXL_release_ccs\Debug\configPkg\package\cfg\
       release_pem4f.oem4f                          802     1791      1830   
    +--+--------------------------------------------+-------+---------+---------+
       Total:                                       802     1791      1830   
                                                                             
    C:/ti/simplelink_cc13x2_26x2_sdk_3_40_00_02/kernel/tirtos/packages/ti/dpl/lib/dpl_cc13x2.aem4f
       PowerCC26X2_tirtos.oem4f                     240     0         8      
       ClockP_tirtos.oem4f                          130     0         4      
       HwiP_tirtos.oem4f                            126     0         0      
       SwiP_tirtos.oem4f                            92      0         0      
       SemaphoreP_tirtos.oem4f                      70      0         0      
    +--+--------------------------------------------+-------+---------+---------+
       Total:                                       658     0         12     
                                                                             
    C:/ti/simplelink_cc13x2_26x2_sdk_3_40_00_02/source/ti/devices/cc13x2_cc26x2/driverlib/bin/ccs/driverlib.lib
       osc.obj                                      436     0         28     
       sys_ctrl.obj                                 408     0         0      
       setup.obj                                    324     0         0      
       chipinfo.obj                                 226     0         0      
       aux_sysif.obj                                52      8         0      
       cpu.obj                                      30      0         0      
       driverlib_release.obj                        0       0         1      
    +--+--------------------------------------------+-------+---------+---------+
       Total:                                       1476    8         29     
                                                                             
    C:/ti/simplelink_cc13x2_26x2_sdk_3_40_00_02/source/ti/drivers/lib/drivers_cc13x2.aem4f
       UARTCC26XX.oem4f                             2742    108       0      
       PowerCC26X2.oem4f                            2218    84        272    
       PINCC26XX.oem4f                              1374    0         276    
       PowerCC26X2_calibrateRCOSC.oem4f             1400    0         0      
       UART.oem4f                                   176     36        1      
       List.oem4f                                   210     0         0      
       RingBuf.oem4f                                152     0         0      
    +--+--------------------------------------------+-------+---------+---------+
       Total:                                       8272    228       549    
                                                                             
    C:/ti/simplelink_cc13x2_26x2_sdk_3_40_00_02/source/ti/drivers/rf/lib/rf_multiMode_cc13x2.aem4f
       RFCC26X2_multiMode.c.cc13x2.ccs.o            9388    40        1157   
       rf_patch_cpe_multi_protocol.c.cc13x2.ccs.o   164     1284      1      
       rfc.c.cc13x2.ccs.o                           302     0         0      
    +--+--------------------------------------------+-------+---------+---------+
       Total:                                       9854    1324      1158   
                                                                             
    C:\Users\Baker\OneDrive\Uni\Motorsports\Production_Workspace\Telemetry20\tirtos_builds_CC1352P1_LAUNCHXL_release_ccs\src\sysbios\rom_sysbios.aem4f
       rom_sysbios.obj                              2597    0         136    
    +--+--------------------------------------------+-------+---------+---------+
       Total:                                       2597    0         136    
                                                                             
    C:\ti\ccs930\ccs\tools\compiler\ti-cgt-arm_18.12.4.LTS\lib\rtsv7M4_T_le_v4SPD16_eabi.lib
       fd_add_t2.asm.obj                            438     0         0      
       fd_cmp_t2.asm.obj                            268     0         0      
       fd_mul_t2.asm.obj                            252     0         0      
       memcpy_t2.asm.obj                            156     0         0      
       ull_div_t2.asm.obj                           150     0         0      
       memset_t2.asm.obj                            122     0         0      
       ll_div_t2.asm.obj                            110     0         0      
       copy_decompress_lzss.c.obj                   104     0         0      
       cpy_tbl.c.obj                                76      0         0      
       fd_toi_t2.asm.obj                            72      0         0      
       fd_tou_t2.asm.obj                            68      0         0      
       u_divt2.asm.obj                              64      0         0      
       fs_tod_t2.asm.obj                            56      0         0      
       rand.c.obj                                   52      0         4      
       i_tofd_t2.asm.obj                            46      0         0      
       _lock.c.obj                                  26      0         8      
       args_main.c.obj                              24      0         0      
       ll_mul_t2.asm.obj                            24      0         0      
       strcmp.c.obj                                 24      0         0      
       strcpy.c.obj                                 20      0         0      
       copy_decompress_none.c.obj                   14      0         0      
       copy_zero_init.c.obj                         12      0         0      
       stkdepth_vars.c.obj                          0       0         4      
       div0.asm.obj                                 2       0         0      
    +--+--------------------------------------------+-------+---------+---------+
       Total:                                       2180    0         16     
                                                                             
    C:\ti\simplelink_cc13x2_26x2_sdk_3_40_00_02\kernel\tirtos\packages\ti\targets\arm\rtsarm\lib\auto_init.aem4f
       auto_init.oem4f                              160     0         0      
    +--+--------------------------------------------+-------+---------+---------+
       Total:                                       160     0         0      
                                                                             
    C:\ti\simplelink_cc13x2_26x2_sdk_3_40_00_02\kernel\tirtos\packages\ti\targets\arm\rtsarm\lib\boot.aem4f
       boot.oem4f                                   88      0         0      
    +--+--------------------------------------------+-------+---------+---------+
       Total:                                       88      0         0      
                                                                             
       Stack:                                       0       0         1024   
       Linker Generated:                            536     773       0      
    +--+--------------------------------------------+-------+---------+---------+
       Grand Total:                                 31021   4564      6220   


LINKER GENERATED COPY TABLES

__TI_cinit_table @ 00008a98 records: 5, size/record: 8, table size: 40
	.data: load addr=000087b8, load size=000002b1 bytes, run addr=20004d80, run size=000006fe bytes, compression=lzss
	.bss: load addr=00008a78, load size=00000008 bytes, run addr=20004110, run size=00000c6a bytes, compression=zero_init
	.data:xdcRomConstPtr: load addr=00008a80, load size=00000008 bytes, run addr=20000100, run size=00000004 bytes, compression=lzss
	.data:xdcRomExternFuncPtr: load addr=00008a88, load size=00000008 bytes, run addr=20000104, run size=00000004 bytes, compression=lzss
	.data:xdcRomStatePtr: load addr=00008a90, load size=00000008 bytes, run addr=20000108, run size=00000004 bytes, compression=lzss


LINKER GENERATED HANDLER TABLE

__TI_handler_table @ 00008a6c records: 3, size/record: 4, table size: 12
	index: 0, handler: __TI_decompress_lzss
	index: 1, handler: __TI_decompress_none
	index: 2, handler: __TI_zero_init


FAR CALL TRAMPOLINES

callee name               trampoline name
   callee addr  tramp addr   call addr  call info
--------------  -----------  ---------  ----------------
ti_sysbios_knl_Swi_destruct  $Tramp$TT$L$PI$$ti_sysbios_knl_Swi_destruct
   1002e8bd     00007764     00007734   dpl_cc13x2.aem4f : SwiP_tirtos.oem4f (.text:SwiP_destruct)
ti_sysbios_family_arm_m3_Hwi_enableInterrupt__E  $Tramp$TT$L$PI$$ti_sysbios_family_arm_m3_Hwi_enableInterrupt__E
   1002d91d     0000776c     0000771c   dpl_cc13x2.aem4f : HwiP_tirtos.oem4f (.text:HwiP_enableInterrupt)
ti_sysbios_family_arm_m3_Hwi_destruct  $Tramp$TT$L$PI$$ti_sysbios_family_arm_m3_Hwi_destruct
   1002e475     00007774     00007714   dpl_cc13x2.aem4f : HwiP_tirtos.oem4f (.text:HwiP_destruct)
ti_sysbios_BIOS_getCpuFreq__E  $Tramp$TT$L$PI$$ti_sysbios_BIOS_getCpuFreq__E
   1002e9fd     0000777c     00007700   dpl_cc13x2.aem4f : ClockP_tirtos.oem4f (.text:ClockP_getCpuFreq)
ti_sysbios_knl_Clock_destruct  $Tramp$TT$L$PI$$ti_sysbios_knl_Clock_destruct
   1002e649     00007784     000076fc   dpl_cc13x2.aem4f : ClockP_tirtos.oem4f (.text:ClockP_destruct)
ti_sysbios_knl_Task_self__E  $Tramp$TT$L$PI$$ti_sysbios_knl_Task_self__E
   1002eaf5     0000778c     00007662   rom_sysbios.aem4f : rom_sysbios.obj (.text:pthread_self)
                             000076a4   release_pem4f.oem4f (.text:ti_sysbios_rts_ti_ReentSupport_getTlsAddr__I)
ti_sysbios_knl_Clock_logTick__E  $Tramp$TT$L$PI$$ti_sysbios_knl_Clock_logTick__E
   1002dbd7     00007794     000074ee   release_pem4f.oem4f (.text:ti_sysbios_knl_Clock_doTick__I)
ti_sysbios_knl_Swi_post__E  $Tramp$TT$L$PI$$ti_sysbios_knl_Swi_post__E
   1002d891     0000779c     00007344   rom_sysbios.aem4f : rom_sysbios.obj (.text:ti_sysbios_knl_Swi_or__E)
                             000074f6   release_pem4f.oem4f (.text:ti_sysbios_knl_Clock_doTick__I)
ti_sysbios_BIOS_RtsGateProxy_leave__E  $Tramp$TT$L$PI$$ti_sysbios_BIOS_RtsGateProxy_leave__E
   1002ec7b     000077a4     00007326   release_pem4f.oem4f (.text:ti_sysbios_BIOS_rtsUnlock__I)
ti_sysbios_knl_Swi_construct  $Tramp$TT$L$PI$$ti_sysbios_knl_Swi_construct
   1002d719     000077ac     000071c2   rom_sysbios.aem4f : rom_sysbios.obj (.text:ti_sysbios_knl_Swi_construct2__E)
ti_sysbios_BIOS_RtsGateProxy_enter__E  $Tramp$TT$L$PI$$ti_sysbios_BIOS_RtsGateProxy_enter__E
   1002ec77     000077b4     0000702a   release_pem4f.oem4f (.text:ti_sysbios_BIOS_rtsLock__I)
ti_sysbios_family_arm_m3_Hwi_disableFxn__E  $Tramp$TT$L$PI$$ti_sysbios_family_arm_m3_Hwi_disableFxn__E
   1002eb55     000077bc     00006f0a   dpl_cc13x2.aem4f : HwiP_tirtos.oem4f (.text:HwiP_setFunc)
                             00007718                    : HwiP_tirtos.oem4f (.text:HwiP_disable)
ti_sysbios_knl_Clock_getTicks__E  $Tramp$TT$L$PI$$ti_sysbios_knl_Clock_getTicks__E
   1002dc11     000077c4     00006bd4   rom_sysbios.aem4f : rom_sysbios.obj (.text:ti_sysbios_knl_Clock_getTimeout__E)
ti_sysbios_knl_Clock_TimerProxy_getCurrentTick__E  $Tramp$TT$L$PI$$ti_sysbios_knl_Clock_TimerProxy_getCurrentTick__E
   1002eac5     000077cc     00006b52   rom_sysbios.aem4f : rom_sysbios.obj (.text:ti_sysbios_knl_Clock_getTicksUntilInterrupt__E)
ti_sysbios_knl_Task_delete  $Tramp$TT$L$PI$$ti_sysbios_knl_Task_delete
   1002ece7     000077d4     00006afc   rom_sysbios.aem4f : rom_sysbios.obj (.text:_pthread_delete$45)
ti_sysbios_knl_Semaphore_destruct  $Tramp$TT$L$PI$$ti_sysbios_knl_Semaphore_destruct
   1002e6fd     000077dc     00006af0   rom_sysbios.aem4f : rom_sysbios.obj (.text:_pthread_delete$45)
                             0000772c   dpl_cc13x2.aem4f : SemaphoreP_tirtos.oem4f (.text:SemaphoreP_destruct)
ti_sysbios_knl_Task_startup__E  $Tramp$TT$L$PI$$ti_sysbios_knl_Task_startup__E
   1002eceb     000077e4     000069c8   release_pem4f.oem4f (.text:ti_sysbios_BIOS_startFunc__I)
ti_sysbios_knl_Swi_startup__E  $Tramp$TT$L$PI$$ti_sysbios_knl_Swi_startup__E
   1002ec6b     000077ec     000069c4   release_pem4f.oem4f (.text:ti_sysbios_BIOS_startFunc__I)
ti_sysbios_hal_Hwi_startup__E  $Tramp$TT$L$PI$$ti_sysbios_hal_Hwi_startup__E
   1002ec31     000077f4     000069c0   release_pem4f.oem4f (.text:ti_sysbios_BIOS_startFunc__I)
ti_sysbios_family_arm_cc26xx_Timer_startup__E  $Tramp$TT$L$PI$$ti_sysbios_family_arm_cc26xx_Timer_startup__E
   1002dcf1     000077fc     000069bc   release_pem4f.oem4f (.text:ti_sysbios_BIOS_startFunc__I)
xdc_runtime_System_atexit__E  $Tramp$TT$L$PI$$xdc_runtime_System_atexit__E
   1002f559     00007804     000069b4   release_pem4f.oem4f (.text:ti_sysbios_BIOS_startFunc__I)
ti_sysbios_BIOS_linkedWithIncorrectBootLibrary__E  $Tramp$TT$L$PI$$ti_sysbios_BIOS_linkedWithIncorrectBootLibrary__E
   1002d01b     0000780c     000069ae   release_pem4f.oem4f (.text:ti_sysbios_BIOS_startFunc__I)
xdc_runtime_Startup_rtsDone__E  $Tramp$TT$L$PI$$xdc_runtime_Startup_rtsDone__E
   1002f8e5     00007814     000069a6   release_pem4f.oem4f (.text:ti_sysbios_BIOS_startFunc__I)
ti_sysbios_knl_Swi_disable__E  $Tramp$TT$L$PI$$ti_sysbios_knl_Swi_disable__E
   1002ea25     0000781c     00006976   release_pem4f.oem4f (.text:ti_sysbios_BIOS_atExitFunc__I)
                             0000711e   dpl_cc13x2.aem4f : PowerCC26X2_tirtos.oem4f (.text:PowerCC26XX_schedulerDisable)
                             00007738                    : SwiP_tirtos.oem4f (.text:SwiP_disable)
ti_sysbios_knl_Mailbox_pend__E  $Tramp$TT$L$PI$$ti_sysbios_knl_Mailbox_pend__E
   1002d581     00007824     00006680   rom_sysbios.aem4f : rom_sysbios.obj (.text:mq_receive)
ti_sysbios_family_arm_m3_Hwi_construct  $Tramp$TT$L$PI$$ti_sysbios_family_arm_m3_Hwi_construct
   1002d421     0000782c     0000655e   rom_sysbios.aem4f : rom_sysbios.obj (.text:ti_sysbios_family_arm_m3_Hwi_construct2__E)
ti_sysbios_knl_Swi_Params__init__S  $Tramp$TT$L$PI$$ti_sysbios_knl_Swi_Params__init__S
   1002ebf1     00007834     000064e6   dpl_cc13x2.aem4f : SwiP_tirtos.oem4f (.text:SwiP_construct)
ti_sysbios_family_arm_m3_Hwi_Params__init__S  $Tramp$TT$L$PI$$ti_sysbios_family_arm_m3_Hwi_Params__init__S
   1002eb49     0000783c     000063f4   dpl_cc13x2.aem4f : HwiP_tirtos.oem4f (.text:HwiP_construct)
ti_sysbios_knl_Mailbox_post__E  $Tramp$TT$L$PI$$ti_sysbios_knl_Mailbox_post__E
   1002cf49     00007844     00005d5a   rom_sysbios.aem4f : rom_sysbios.obj (.text:mq_send)
ti_sysbios_knl_Clock_construct  $Tramp$TT$L$PI$$ti_sysbios_knl_Clock_construct
   1002dd8d     0000784c     00005cce   dpl_cc13x2.aem4f : ClockP_tirtos.oem4f (.text:ClockP_construct)
ti_sysbios_knl_Clock_Params__init__S  $Tramp$TT$L$PI$$ti_sysbios_knl_Clock_Params__init__S
   1002eb9d     00007854     00005cb4   dpl_cc13x2.aem4f : ClockP_tirtos.oem4f (.text:ClockP_construct)
xdc_runtime_System_exit__E  $Tramp$TT$L$PI$$xdc_runtime_System_exit__E
   1002f7b1     0000785c     00005b7c   boot.aem4f : boot.oem4f (.text)
                             000073e0   release_pem4f.oem4f (.text:ti_sysbios_BIOS_exitFunc__I)
ti_sysbios_heaps_HeapMem_restore__E  $Tramp$TT$L$PI$$ti_sysbios_heaps_HeapMem_restore__E
   1002eb13     00007864     00005964   rom_sysbios.aem4f : rom_sysbios.obj (.text:ti_sysbios_heaps_HeapMem_initPrimary__I)
ti_sysbios_heaps_HeapMem_Object__get__S  $Tramp$TT$L$PI$$ti_sysbios_heaps_HeapMem_Object__get__S
   1002e275     0000786c     00005934   rom_sysbios.aem4f : rom_sysbios.obj (.text:ti_sysbios_heaps_HeapMem_initPrimary__I)
xdc_runtime_Error_raiseX__E  $Tramp$TT$L$PI$$xdc_runtime_Error_raiseX__E
   1002f739     00007874     00004ef6   rom_sysbios.aem4f : rom_sysbios.obj (.text:ti_sysbios_family_arm_m3_Hwi_excHandlerMin__I)
ti_sysbios_BIOS_setThreadType__E  $Tramp$TT$L$PI$$ti_sysbios_BIOS_setThreadType__E
   1002ea11     0000787c     00004eb6   rom_sysbios.aem4f : rom_sysbios.obj (.text:ti_sysbios_family_arm_m3_Hwi_excHandlerMin__I)
                             00006980   release_pem4f.oem4f (.text:ti_sysbios_BIOS_atExitFunc__I)
[...]
1002ebb5  ti_sysbios_knl_Event_Params__init__S                                  
1002ebc1  ti_sysbios_knl_Mailbox_Params__init__S                                
1002ebcd  ti_sysbios_knl_Queue_dequeue__E                                       
1002ebd9  ti_sysbios_knl_Queue_enqueue__E                                       
1002ebe5  ti_sysbios_knl_Semaphore_Params__init__S                              
1002ebf1  ti_sysbios_knl_Swi_Params__init__S                                    
1002ebfd  ti_sysbios_knl_Swi_self__E                                            
1002ec09  ti_sysbios_knl_Task_Params__init__S                                   
1002ec15  ti_sysbios_hal_Hwi_Instance_finalize__E                               
1002ec1f  ti_sysbios_knl_Event_Instance_init__E                                 
1002ec29  ti_sysbios_family_arm_m3_Hwi_doSwiRestore__I                          
1002ec31  ti_sysbios_family_arm_m3_Hwi_startup__E                               
1002ec31  ti_sysbios_hal_Hwi_HwiProxy_startup__E                                
1002ec31  ti_sysbios_hal_Hwi_HwiProxy_startup__E                                
1002ec31  ti_sysbios_hal_Hwi_startup__E                                         
1002ec31  ti_sysbios_hal_Hwi_startup__E                                         
1002ec39  ti_sysbios_knl_Idle_loop__E                                           
1002ec41  ti_sysbios_family_arm_m3_Hwi_doTaskRestore__I                         
1002ec47  HwiP_restore                                                          
1002ec47  ti_sysbios_family_arm_m3_Hwi_restoreFxn__E                            
1002ec4d  ti_sysbios_gates_GateHwi_leave__E                                     
1002ec53  ti_sysbios_gates_GateMutex_Instance_finalize__E                       
1002ec59  ti_sysbios_heaps_HeapMem_isBlocking__E                                
1002ec5f  ti_sysbios_knl_Queue_Instance_init__E                                 
1002ec65  ti_sysbios_knl_Queue_elemClear__E                                     
1002ec6b  ti_sysbios_knl_Swi_startup__E                                         
1002ec71  ti_sysbios_knl_Task_enable__E                                         
1002ec77  ti_sysbios_BIOS_RtsGateProxy_enter__E                                 
1002ec7b  ti_sysbios_BIOS_RtsGateProxy_leave__E                                 
1002ec7f  ti_sysbios_family_arm_cc26xx_Timer_getExpiredTicks__E                 
1002ec83  ti_sysbios_family_arm_cc26xx_Timer_getPeriod__E                       
1002ec87  ti_sysbios_family_arm_cc26xx_Timer_setPeriod__E                       
1002ec8b  ti_sysbios_family_arm_m3_Hwi_delete                                   
1002ec8f  ti_sysbios_family_arm_m3_TaskSupport_Module__startupDone__S           
1002ec8f  ti_sysbios_knl_Task_SupportProxy_Module__startupDone__S               
1002ec93  ti_sysbios_gates_GateHwi_query__E                                     
1002ec93  xdc_runtime_Main_Module_GateProxy_query__E                            
1002ec93  xdc_runtime_System_Module_GateProxy_query__E                          
1002ec93  xdc_runtime_System_Module_GateProxy_query__E                          
1002ec97  ti_sysbios_gates_GateMutex_delete                                     
1002ec9b  ti_sysbios_BIOS_RtsGateProxy_query__E                                 
1002ec9b  ti_sysbios_BIOS_RtsGateProxy_query__E                                 
1002ec9b  ti_sysbios_gates_GateMutex_query__E                                   
1002ec9b  ti_sysbios_heaps_HeapMem_Module_GateProxy_query__E                    
1002ec9b  ti_sysbios_heaps_HeapMem_Module_GateProxy_query__E                    
1002ec9f  ti_sysbios_hal_Hwi_HwiProxy_create                                    
1002eca3  ti_sysbios_hal_Hwi_HwiProxy_delete                                    
1002eca7  ti_sysbios_hal_Hwi_delete                                             
1002ecab  ti_sysbios_heaps_HeapMem_Module_GateProxy_enter__E                    
1002ecaf  ti_sysbios_heaps_HeapMem_Module_GateProxy_leave__E                    
1002ecb3  ti_sysbios_knl_Clock_TimerProxy_getExpiredTicks__E                    
1002ecb7  ti_sysbios_knl_Clock_TimerProxy_getPeriod__E                          
1002ecbb  ti_sysbios_knl_Clock_delete                                           
1002ecbf  ti_sysbios_knl_Clock_removeI__E                                       
1002ecc3  ti_sysbios_knl_Clock_setTimeout__E                                    
1002ecc7  ti_sysbios_knl_Event_delete                                           
1002eccb  ti_sysbios_knl_Mailbox_delete                                         
1002eccf  ti_sysbios_knl_Queue_delete                                           
1002ecd3  ti_sysbios_knl_Queue_head__E                                          
1002ecd7  ti_sysbios_knl_Queue_next__E                                          
1002ecdb  ti_sysbios_knl_Semaphore_delete                                       
1002ecdf  ti_sysbios_knl_Swi_delete                                             
1002ece3  ti_sysbios_knl_Swi_postInit__I                                        
1002ece7  ti_sysbios_knl_Task_delete                                            
1002eceb  ti_sysbios_knl_Task_startup__E                                        
1002ecf1  xdc_runtime_System_doPrint__I                                         
1002f055  xdc_runtime_Startup_startMods__I                                      
1002f15d  xdc_runtime_Text_putSite__E                                           
1002f1f7  xdc_runtime_Error_policySpin__E                                       
1002f1f9  xdc_runtime_Text_putMod__E                                            
1002f289  xdc_runtime_Memory_alloc__E                                           
1002f2f9  xdc_runtime_Core_createObject__I                                      
1002f367  xdc_runtime_Core_deleteObject__I                                      
1002f3c5  xdc_runtime_Text_putLab__E                                            
1002f421  xdc_runtime_Assert_raise__I                                           
1002f475  xdc_runtime_Startup_exec__E                                           
1002f4c9  xdc_runtime_Core_assignParams__I                                      
1002f511  xdc_runtime_Core_constructObject__I                                   
1002f559  xdc_runtime_System_atexit__E                                          
1002f5a1  xdc_runtime_Text_xprintf__I                                           
1002f5e5  xdc_runtime_System_processAtExit__E                                   
1002f625  xdc_runtime_System_putchar__I                                         
1002f659  xdc_runtime_Core_assignLabel__I                                       
1002f689  xdc_runtime_Text_printVisFxn__I                                       
1002f6b9  xdc_runtime_System_vprintf__E                                         
1002f6e5  xdc_runtime_Text_cordText__E                                          
1002f711  xdc_runtime_System_abort__E                                           
1002f739  xdc_runtime_Error_raiseX__E                                           
1002f759  xdc_runtime_Registry_findById__E                                      
1002f779  xdc_runtime_Error_check__E                                            
1002f795  xdc_runtime_Memory_valloc__E                                          
1002f7b1  xdc_runtime_System_exit__E                                            
1002f7cd  xdc_runtime_Text_ropeText__E                                          
1002f7e9  xdc_runtime_System_printf__E                                          
1002f803  xdc_runtime_Core_destructObject__I                                    
1002f81b  xdc_runtime_System_abortSpin__E                                       
1002f81d  xdc_runtime_Memory_free__E                                            
1002f831  xdc_runtime_Memory_getStats__E                                        
1002f845  xdc_runtime_SysCallback_abort__E                                      
1002f845  xdc_runtime_System_SupportProxy_abort__E                              
1002f859  xdc_runtime_SysCallback_exit__E                                       
1002f859  xdc_runtime_System_SupportProxy_exit__E                               
1002f86d  xdc_runtime_SysCallback_flush__E                                      
1002f86d  xdc_runtime_System_SupportProxy_flush__E                              
1002f86d  xdc_runtime_System_flush__E                                           
1002f881  xdc_runtime_SysCallback_putch__E                                      
1002f881  xdc_runtime_System_SupportProxy_putch__E                              
1002f895  xdc_runtime_SysCallback_ready__E                                      
1002f895  xdc_runtime_System_SupportProxy_ready__E                              
1002f8a9  xdc_runtime_Memory_getMaxDefaultTypeAlign__E                          
1002f8b9  xdc_runtime_System_vsnprintf__E                                       
1002f8c9  xdc_runtime_Timestamp_SupportProxy_get32__E                           
1002f8c9  xdc_runtime_Timestamp_SupportProxy_get32__E                           
1002f8c9  xdc_runtime_Timestamp_get32__E                                        
1002f8c9  xdc_runtime_Timestamp_get32__E                                        
1002f8d9  xdc_runtime_Memory_calloc__E                                          
1002f8e5  xdc_runtime_Startup_rtsDone__E                                        
1002f8f1  xdc_runtime_Memory_HeapProxy_alloc__E                                 
1002f8fb  xdc_runtime_Memory_HeapProxy_free__E                                  
1002f905  xdc_runtime_Memory_HeapProxy_getStats__E                              
1002f90f  xdc_runtime_Gate_leaveSystem__E                                       
1002f915  xdc_runtime_System_Module_startup__E                                  
1002f91b  xdc_runtime_Gate_enterSystem__E                                       
1002f91f  xdc_runtime_SysCallback_Module__startupDone__S                        
1002f91f  xdc_runtime_System_SupportProxy_Module__startupDone__S                
1002f923  xdc_runtime_System_Module_GateProxy_enter__E                          
1002f927  xdc_runtime_System_Module_GateProxy_leave__E                          
1002f92b  xdc_runtime_System_printf_va__F                                       
1002f92f  xdc_runtime_System_exitSpin__E                                        
1002f931  ti_sysbios_family_arm_m3_Hwi_dispatch__I                              
1002fa11  ti_sysbios_family_arm_m3_Hwi_interruptsAreDisabledButShouldNotBe      
1002fa2d  ti_sysbios_family_arm_m3_TaskSupport_buildTaskStack                   
1002fab9  ti_sysbios_family_arm_m3_Hwi_initStacks__E                            
1002fb11  ti_sysbios_family_arm_m3_Hwi_pendSV__I                                
1002fb35  ti_sysbios_family_arm_m3_Hwi_return                                   
1002fb39  ti_sysbios_family_arm_m3_Hwi_excHandlerAsm__I                         
1002fb59  ti_sysbios_family_xxx_Hwi_switchAndRunFunc                            
1002fb77  ti_sysbios_family_arm_m3_TaskSupport_swap__E                          
1002fb77  ti_sysbios_knl_Task_SupportProxy_swap__E                              
1002fb77  ti_sysbios_knl_Task_SupportProxy_swap__E                              
1002fb83  ti_sysbios_knl_Task_swapReturn                                        
1002fb8f  ti_sysbios_family_arm_m3_TaskSupport_glue                             
1002fba0  ti_sysbios_knl_Task_Object__PARAMS__C                                 
1002fbdc  ti_sysbios_knl_Mailbox_Object__PARAMS__C                              
1002fc10  ti_sysbios_family_arm_m3_Hwi_Object__PARAMS__C                        
1002fc40  ti_sysbios_hal_Hwi_Object__PARAMS__C                                  
1002fc6c  ti_sysbios_knl_Swi_Object__PARAMS__C                                  
1002fc94  ti_sysbios_heaps_HeapMem_Object__PARAMS__C                            
1002fcb8  ti_sysbios_knl_Clock_Object__PARAMS__C                                
1002fcdc  ti_sysbios_knl_Semaphore_Object__PARAMS__C                            
1002fd00  ti_sysbios_gates_GateHwi_Object__PARAMS__C                            
1002fd18  ti_sysbios_gates_GateMutex_Object__PARAMS__C                          
1002fd30  ti_sysbios_knl_Event_Object__PARAMS__C                                
1002fd48  ti_sysbios_knl_Queue_Object__PARAMS__C                                
1002fd80  ti_sysbios_heaps_HeapTrack_Object__PARAMS__C                          
1002fd9c  ti_sysbios_heaps_HeapTrack_Instance_State_trackQueue__O               
1002fda0  ti_sysbios_heaps_HeapTrack_Module__diagsEnabled__C                    
1002fda4  ti_sysbios_heaps_HeapTrack_Module__diagsIncluded__C                   
1002fda8  ti_sysbios_heaps_HeapTrack_Module__diagsMask__C                       
1002fddb  strlen                                                                
20000000  ti_sysbios_family_arm_m3_Hwi_ramVectors                               
20000100  xdcRomConstPtr                                                        
20000104  xdcRomExternFuncPtr                                                   
20000108  xdcRomStatePtr                                                        
20000110  __primary_heap_start__                                                
20004110  __primary_heap_end__                                                  
20004580  ti_sysbios_knl_Task_Instance_State_0_stack__A                         
20004780  uartCC26XXObjects                                                     
200048ac  ti_sysbios_family_arm_m3_Hwi_dispatchTable                            
20004abc  pinHandleTable                                                        
20004d60  ClockP_tickPeriod                                                     
20004d64  MQ_UartOUT_RfIN                                                       
20004d68  MQ_Uart_Sent                                                          
20004d6c  PowerCC26XX_swiKey                                                    
20004d70  PowerCC26XX_taskKey                                                   
20004d74  uart                                                                  
20004d79  driverlib_release_0_55938                                             
20004d80  PowerCC26X2_module                                                    
20004e90  ROM_stateStruct                                                       
20004e90  ti_sysbios_knl_Clock_Module__state__V                                 
20004ebc  ti_sysbios_family_arm_cc26xx_TimestampProvider_Module__state__V       
20004ec0  xdc_runtime_Startup_Module__state__V                                  
20004ec8  xdc_runtime_Registry_Module__state__V                                 
20004ed0  ti_sysbios_BIOS_Module__state__V                                      
20004ef4  ti_sysbios_knl_Swi_Module__state__V                                   
20004f10  ti_sysbios_knl_Task_Module__state__V                                  
20004f54  xdc_runtime_Memory_Module__state__V                                   
20004f58  xdc_runtime_System_Module__state__V                                   
20004f60  ti_sysbios_family_arm_m3_Hwi_Module__state__V                         
20004f94  ti_sysbios_family_arm_cc26xx_Timer_Module__state__V                   
20005024  txPowerTable                                                          
200050a6  ti_sysbios_family_arm_m3_Hwi_Module_State_0_excActive__A              
200050a8  ti_sysbios_gates_GateMutex_Object__table__V                           
200050fc  ti_sysbios_knl_Task_Object__table__V                                  
20005148  ti_sysbios_family_arm_cc26xx_Timer_Object__table__V                   
200051d0  RF_cmdPropRadioDivSetup                                               
20005200  RF_cmdPropRxAdv                                                       
20005230  ti_sysbios_knl_Swi_Module_State_0_readyQ__A                           
20005260  ti_sysbios_knl_Swi_Object__table__V                                   
20005290  ti_sysbios_knl_Task_Module_State_0_readyQ__A                          
200052c0  EasyLink_supportedPhys                                                
200052e4  ti_sysbios_knl_Clock_Object__table__V                                 
20005304  xdc_runtime_Error_IgnoreBlock                                         
20005340  RF_cmdFs                                                              
20005358  RF_cmdPropTx                                                          
20005370  pOverrides                                                            
20005388  ti_sysbios_family_arm_m3_Hwi_Object__table__V                         
200053a0  ti_sysbios_heaps_HeapMem_Object__table__V                             
200053b8  pOverridesTx20                                                        
200053cc  pOverridesTxStd                                                       
200053e0  RF_prop                                                               
200053f0  _lock                                                                 
200053f4  _unlock                                                               
200053f8  pinUpperBound                                                         
200053fc  pinLowerBound                                                         
20005400  ti_sysbios_family_arm_m3_Hwi_Module__root__V                          
20005408  ti_sysbios_gates_GateHwi_Module__root__V                              
20005410  ti_sysbios_gates_GateMutex_Module__root__V                            
20005418  ti_sysbios_hal_Hwi_Module__root__V                                    
20005420  ti_sysbios_heaps_HeapMem_Module__root__V                              
20005428  ti_sysbios_knl_Clock_Module__root__V                                  
20005430  ti_sysbios_knl_Event_Module__root__V                                  
20005438  ti_sysbios_knl_Mailbox_Module__root__V                                
20005440  ti_sysbios_knl_Queue_Module__root__V                                  
20005448  ti_sysbios_knl_Semaphore_Module__root__V                              
20005450  ti_sysbios_knl_Swi_Module__root__V                                    
20005458  ti_sysbios_knl_Task_Module__root__V                                   
20005460  xdc_runtime_System_Module_State_0_atexitHandlers__A                   
2000546c  main_func_sp                                                          
20005470  ti_sysbios_family_arm_m3_Hwi_Module_State_0_excContext__A             
20005474  ti_sysbios_family_arm_m3_Hwi_Module_State_0_excStack__A               
20005478  ti_sysbios_knl_Task_Module_State_0_idleTask__A                        
20013c00  __stack                                                               
20014000  __STACK_END                                                           
e000e000  ti_sysbios_family_arm_m3_Hwi_nvic                                     
ffffffff  __TI_pprof_out_hndl                                                   
ffffffff  __TI_prof_data_size                                                   
ffffffff  __TI_prof_data_start                                                  
ffffffff  __binit__                                                             
ffffffff  __c_args__                                                            
ffffffff  binit                                                                 
UNDEFED   SHT$$INIT_ARRAY$$Base                                                 
UNDEFED   SHT$$INIT_ARRAY$$Limit                                                

[1031 symbols]
