******************************************************************************
                  TI ARM Linker PC v18.12.4                    
******************************************************************************
>> Linked Mon Apr  6 12:07:23 2020

OUTPUT FILE NAME:   <rfEasyLinkTx_copy.out>
ENTRY POINT SYMBOL: "ResetISR"  address: 00005bd5


MEMORY CONFIGURATION

         name            origin    length      used     unused   attr    fill
----------------------  --------  ---------  --------  --------  ----  --------
  FLASH                 00000000   00058000  00008b85  0004f47b  R  X
  GPRAM                 11000000   00002000  00000000  00002000  RW X
  SRAM                  20000000   00014000  00002864  0001179c  RW X


SEGMENT ALLOCATION MAP

run origin  load origin   length   init length attrs members
----------  ----------- ---------- ----------- ----- -------
00000000    00000000    00008b30   00008b30    r-x
  00000000    00000000    0000003c   0000003c    r-- .resetVecs
  0000003c    0000003c    00007990   00007990    r-x .text
  000079cc    000079cc    00000e49   00000e49    r-- .const
  00008818    00008818    00000318   00000318    r-- .cinit
00057fa8    00057fa8    00000058   00000058    r--
  00057fa8    00057fa8    00000058   00000058    r-- .ccfg
20000100    20000100    0000000c   00000000    rw-
  20000100    20000100    00000004   00000000    rw- .data:xdcRomConstPtr
  20000104    20000104    00000004   00000000    rw- .data:xdcRomExternFuncPtr
  20000108    20000108    00000004   00000000    rw- .data:xdcRomStatePtr
20000110    20000110    00001000   00000000    r--
  20000110    20000110    00001000   00000000    r-- .priheap
20001110    20001110    00001382   00000000    rw-
  20001110    20001110    00000c76   00000000    rw- .bss
  20001d88    20001d88    0000070a   00000000    rw- .data
20013c00    20013c00    00000400   00000000    rw-
  20013c00    20013c00    00000400   00000000    rw- .stack


SECTION ALLOCATION MAP

 output                                  attributes/
section   page    origin      length       input sections
--------  ----  ----------  ----------   ----------------
.binit     0    00000000    00000000     

.cinit     0    00008818    00000318     
                  00008818    000002be     (.cinit..data.load) [load image, compression = lzss]
                  00008ad6    00000002     --HOLE-- [fill = 0]
                  00008ad8    0000000c     (__TI_handler_table)
                  00008ae4    00000004     --HOLE-- [fill = 0]
                  00008ae8    00000008     (.cinit..bss.load) [load image, compression = zero_init]
                  00008af0    00000008     (.cinit..data:xdcRomConstPtr.load) [load image, compression = lzss]
                  00008af8    00000008     (.cinit..data:xdcRomExternFuncPtr.load) [load image, compression = lzss]
                  00008b00    00000008     (.cinit..data:xdcRomStatePtr.load) [load image, compression = lzss]
                  00008b08    00000028     (__TI_cinit_table)

.init_array 
*          0    00000000    00000000     UNINITIALIZED

.ccfg      0    00057fa8    00000058     
                  00057fa8    00000058     ti_devices_config.obj (.ccfg:retain)

.bss       0    20001110    00000c76     UNINITIALIZED
                  20001110    00000470     rf_multiMode_cc13x2.aem4f : RFCC26X2_multiMode.c.cc13x2.ccs.o (.bss:$O1$$)
                  20001580    00000200     release_pem4f.oem4f (.bss:taskStackSection)
                  20001780    0000012c     (.common:uartCC26XXObjects)
                  200018ac    000000d8     (.common:ti_sysbios_family_arm_m3_Hwi_dispatchTable)
                  20001984    00000004     drivers_cc13x2.aem4f : PINCC26XX.oem4f (.bss)
                  20001988    000000a8     EasyLink.obj (.bss:rfObject)
                  20001a30    0000008c     EasyLink.obj (.bss:txBuffer)
                  20001abc    0000007c     (.common:pinHandleTable)
                  20001b38    00000034     drivers_cc13x2.aem4f : PINCC26XX.oem4f (.bss:pinSwi)
                  20001b6c    00000030     EasyLink.obj (.bss:EasyLink_cmdPropRadioSetup)
                  20001b9c    00000030     EasyLink.obj (.bss:EasyLink_cmdPropRxAdv)
                  20001bcc    00000020     EasyLink.obj (.bss:EasyLink_cmdPropTxAdv)
                  20001bec    00000020     drivers_cc13x2.aem4f : PINCC26XX.oem4f (.bss:pinGpioConfigTable)
                  20001c0c    00000020     EasyLink.obj (.bss:rfParams)
                  20001c2c    00000020     ti_drivers_config.obj (.bss:uartCC26XXRingBuffer0)
                  20001c4c    0000001c     driverlib.lib : osc.obj (.bss:$O1$$)
                  20001c68    0000001c     EasyLink.obj (.bss:EasyLink_cmdPropCs)
                  20001c84    0000001c     drivers_cc13x2.aem4f : PINCC26XX.oem4f (.bss:pinHwi)
                  20001ca0    0000001c                          : PINCC26XX.oem4f (.bss:pinSemaphore)
                  20001cbc    0000001c     EasyLink.obj (.bss:schParams_prop)
                  20001cd8    00000018     EasyLink.obj (.bss)
                  20001cf0    00000018     EasyLink.obj (.bss:EasyLink_cmdFs)
                  20001d08    00000014     rf_multiMode_cc13x2.aem4f : RFCC26X2_multiMode.c.cc13x2.ccs.o (.bss:RF_ratSyncCmd)
                  20001d1c    00000010     EasyLink.obj (.bss:EasyLink_RF_prop)
                  20001d2c    00000010     EasyLink.obj (.bss:EasyLink_params)
                  20001d3c    0000000c     ti_drivers_config.obj (.bss:frontendState)
                  20001d48    0000000c     rfEasyLinkTx.obj (.bss:pinState)
                  20001d54    0000000c     EasyLink.obj (.bss:rxStatistics)
                  20001d60    00000008     EasyLink.obj (.bss:dataQueue)
                  20001d68    00000004     rfEasyLinkTx.obj (.bss)
                  20001d6c    00000004     ti_drivers_config.obj (.bss)
                  20001d70    00000004     (.common:ClockP_tickPeriod)
                  20001d74    00000004     (.common:MQ_UartOUT_RfIN)
                  20001d78    00000004     (.common:PowerCC26XX_swiKey)
                  20001d7c    00000004     (.common:PowerCC26XX_taskKey)
                  20001d80    00000004     (.common:uart)
                  20001d84    00000001     rf_multiMode_cc13x2.aem4f : RFCC26X2_multiMode.c.cc13x2.ccs.o (.bss)
                  20001d85    00000001     (.common:driverlib_release_0_55938)

.data      0    20001d88    0000070a     UNINITIALIZED
                  20001d88    00000110     drivers_cc13x2.aem4f : PowerCC26X2.oem4f (.data:PowerCC26X2_module)
                  20001e98    0000010c     release_pem4f.oem4f (.data:ROM_stateStruct)
                  20001fa4    00000088     rom_sysbios.aem4f : rom_sysbios.obj (.data:$O1$$)
                  2000202c    00000082     ti_radio_config.obj (.data:txPowerTable)
                  200020ae    00000002     release_pem4f.oem4f (.data:ti_sysbios_family_arm_m3_Hwi_Module_State_0_excActive__A)
                  200020b0    00000054     release_pem4f.oem4f (.data:ti_sysbios_gates_GateMutex_Object__table__V)
                  20002104    0000004c     release_pem4f.oem4f (.data:ti_sysbios_knl_Task_Object__table__V)
                  20002150    00000048     release_pem4f.oem4f (.data:ti_sysbios_family_arm_cc26xx_Timer_Object__table__V)
                  20002198    00000040     EasyLink.obj (.data:addrFilterTable)
                  200021d8    00000030     ti_radio_config.obj (.data:RF_cmdPropRadioDivSetup)
                  20002208    00000030     ti_radio_config.obj (.data:RF_cmdPropRxAdv)
                  20002238    00000030     release_pem4f.oem4f (.data:ti_sysbios_knl_Swi_Module_State_0_readyQ__A)
                  20002268    00000030     release_pem4f.oem4f (.data:ti_sysbios_knl_Swi_Object__table__V)
                  20002298    00000030     release_pem4f.oem4f (.data:ti_sysbios_knl_Task_Module_State_0_readyQ__A)
                  200022c8    00000024     ti_easylink_config.obj (.data:EasyLink_supportedPhys)
                  200022ec    00000020     release_pem4f.oem4f (.data:ti_sysbios_knl_Clock_Object__table__V)
                  2000230c    00000020     release_pem4f.oem4f (.data:xdc_runtime_Error_IgnoreBlock)
                  2000232c    0000001b     EasyLink.obj (.data)
                  20002347    00000001     drivers_cc13x2.aem4f : UART.oem4f (.data)
                  20002348    00000018     ti_radio_config.obj (.data:RF_cmdFs)
                  20002360    00000018     ti_radio_config.obj (.data:RF_cmdPropTx)
                  20002378    00000018     ti_radio_config.obj (.data:pOverrides)
                  20002390    00000018     release_pem4f.oem4f (.data:ti_sysbios_family_arm_m3_Hwi_Object__table__V)
                  200023a8    00000018     release_pem4f.oem4f (.data:ti_sysbios_heaps_HeapMem_Object__table__V)
                  200023c0    00000014     ti_radio_config.obj (.data:pOverridesTx20)
                  200023d4    00000014     ti_radio_config.obj (.data:pOverridesTxStd)
                  200023e8    00000010     ti_radio_config.obj (.data:RF_prop)
                  200023f8    0000000c     rfEasyLinkTx.obj (.data:pinTable)
                  20002404    00000008     rtsv7M4_T_le_v4SPD16_eabi.lib : _lock.c.obj (.data:$O1$$)
                  2000240c    00000008     drivers_cc13x2.aem4f : PINCC26XX.oem4f (.data)
                  20002414    00000008     release_pem4f.oem4f (.data:ti_sysbios_family_arm_m3_Hwi_Module__root__V)
                  2000241c    00000008     release_pem4f.oem4f (.data:ti_sysbios_gates_GateHwi_Module__root__V)
                  20002424    00000008     release_pem4f.oem4f (.data:ti_sysbios_gates_GateMutex_Module__root__V)
                  2000242c    00000008     release_pem4f.oem4f (.data:ti_sysbios_hal_Hwi_Module__root__V)
                  20002434    00000008     release_pem4f.oem4f (.data:ti_sysbios_heaps_HeapMem_Module__root__V)
                  2000243c    00000008     release_pem4f.oem4f (.data:ti_sysbios_knl_Clock_Module__root__V)
                  20002444    00000008     release_pem4f.oem4f (.data:ti_sysbios_knl_Event_Module__root__V)
                  2000244c    00000008     release_pem4f.oem4f (.data:ti_sysbios_knl_Mailbox_Module__root__V)
                  20002454    00000008     release_pem4f.oem4f (.data:ti_sysbios_knl_Queue_Module__root__V)
                  2000245c    00000008     release_pem4f.oem4f (.data:ti_sysbios_knl_Semaphore_Module__root__V)
                  20002464    00000008     release_pem4f.oem4f (.data:ti_sysbios_knl_Swi_Module__root__V)
                  2000246c    00000008     release_pem4f.oem4f (.data:ti_sysbios_knl_Task_Module__root__V)
                  20002474    00000008     release_pem4f.oem4f (.data:xdc_runtime_System_Module_State_0_atexitHandlers__A)
                  2000247c    00000004     rtsv7M4_T_le_v4SPD16_eabi.lib : rand.c.obj (.data)
                  20002480    00000004                                   : stkdepth_vars.c.obj (.data)
                  20002484    00000004     release_pem4f.oem4f (.data:ti_sysbios_family_arm_m3_Hwi_Module_State_0_excContext__A)
                  20002488    00000004     release_pem4f.oem4f (.data:ti_sysbios_family_arm_m3_Hwi_Module_State_0_excStack__A)
                  2000248c    00000004     release_pem4f.oem4f (.data:ti_sysbios_knl_Task_Module_State_0_idleTask__A)
                  20002490    00000001     rf_multiMode_cc13x2.aem4f : rf_patch_cpe_multi_protocol.c.cc13x2.ccs.o (.data)
                  20002491    00000001     ti_drivers_config.obj (.data)

.stack     0    20013c00    00000400     UNINITIALIZED
                  20013c00    00000400     --HOLE--

.priheap   0    20000110    00001000     UNINITIALIZED
                  20000110    00001000     --HOLE--

.data:xdcRomConstPtr 
*          0    20000100    00000004     UNINITIALIZED
                  20000100    00000004     release_pem4f.oem4f (.data:xdcRomConstPtr)

.data:xdcRomExternFuncPtr 
*          0    20000104    00000004     UNINITIALIZED
                  20000104    00000004     release_pem4f.oem4f (.data:xdcRomExternFuncPtr)

.data:xdcRomStatePtr 
*          0    20000108    00000004     UNINITIALIZED
                  20000108    00000004     release_pem4f.oem4f (.data:xdcRomStatePtr)

.bootVecs 
*          0    00000000    00000008     DSECT
                  00000000    00000008     boot.aem4f : boot.oem4f (.bootVecs)

.resetVecs 
*          0    00000000    0000003c     
                  00000000    0000003c     release_pem4f.oem4f (.resetVecs)

.vecs      0    20000000    000000d8     NOLOAD SECTION
                  20000000    000000d8     release_pem4f.oem4f (.vecs)

xdc.meta   0    00000000    00000130     COPY SECTION
                  00000000    00000130     release_pem4f.oem4f (xdc.meta)

xdc.noload 
*          0    00000000    00000000     COPY SECTION

.text      0    0000003c    00007990     
                  0000003c    000006f0     EasyLink.obj (.text:EasyLink_init)
                  0000072c    0000049c     rf_multiMode_cc13x2.aem4f : RFCC26X2_multiMode.c.cc13x2.ccs.o (.text:RF_fsmActiveState)
                  00000bc8    000002b0     EasyLink.obj (.text:EasyLink_transmit)
                  00000e78    0000025c     rf_multiMode_cc13x2.aem4f : RFCC26X2_multiMode.c.cc13x2.ccs.o (.text:RF_open)
                  000010d4    00000204                               : RFCC26X2_multiMode.c.cc13x2.ccs.o (.text:RF_scheduleCmd)
                  000012d8    000001c4     drivers_cc13x2.aem4f : PINCC26XX.oem4f (.text:PIN_init)
                  0000149c    000001b6     rtsv7M4_T_le_v4SPD16_eabi.lib : fd_add_t2.asm.obj (.text)
                  00001652    00000002     rf_multiMode_cc13x2.aem4f : rfc.c.cc13x2.ccs.o (.text:NOROM_RFCCpePatchReset)
                  00001654    000001a8     drivers_cc13x2.aem4f : PowerCC26X2.oem4f (.text:Power_sleep)
                  000017fc    000001a4     rom_sysbios.aem4f : rom_sysbios.obj (.text:mq_open)
                  000019a0    00000190     rf_multiMode_cc13x2.aem4f : RFCC26X2_multiMode.c.cc13x2.ccs.o (.text:RF_dispatchNextCmd)
                  00001b30    00000190     drivers_cc13x2.aem4f : PowerCC26X2_calibrateRCOSC.oem4f (.text:calibrateRcoscHf1)
                  00001cc0    00000190     ti_drivers_config.obj (.text:rfDriverCallback)
                  00001e50    0000018c     drivers_cc13x2.aem4f : PowerCC26X2.oem4f (.text:Power_init)
                  00001fdc    0000018c                          : PowerCC26X2_calibrateRCOSC.oem4f (.text:runCalibrateFsm)
                  00002168    00000188     release_pem4f.oem4f (.text:xdc_runtime_System_printfExtend__I)
                  000022f0    00000164     drivers_cc13x2.aem4f : UARTCC26XX.oem4f (.text:UARTCC26XX_open)
                  00002454    00000154     rf_multiMode_cc13x2.aem4f : RFCC26X2_multiMode.c.cc13x2.ccs.o (.text:RF_initRadioSetup)
                  000025a8    00000154     drivers_cc13x2.aem4f : UARTCC26XX.oem4f (.text:UARTCC26XX_hwiIntFxn)
                  000026fc    00000148     rf_multiMode_cc13x2.aem4f : RFCC26X2_multiMode.c.cc13x2.ccs.o (.text:RF_fsmSetupState)
                  00002844    00000140                               : RFCC26X2_multiMode.c.cc13x2.ccs.o (.text:RF_close)
                  00002984    0000013a     drivers_cc13x2.aem4f : UARTCC26XX.oem4f (.text:UARTCC26XX_read)
                  00002abe    00000002     rf_multiMode_cc13x2.aem4f : RFCC26X2_multiMode.c.cc13x2.ccs.o (.text:RF_defaultCallback)
                  00002ac0    00000134                               : RFCC26X2_multiMode.c.cc13x2.ccs.o (.text:RF_abortCmd)
                  00002bf4    00000124     rfEasyLinkTx.obj (.text:rfEasyLinkTxFnx)
                  00002d18    00000120     rf_multiMode_cc13x2.aem4f : RFCC26X2_multiMode.c.cc13x2.ccs.o (.text:RF_radioOpDoneCb)
                  00002e38    00000112                               : RFCC26X2_multiMode.c.cc13x2.ccs.o (.text:RF_decodeOverridePointers)
                  00002f4a    00000002     rtsv7M4_T_le_v4SPD16_eabi.lib : _lock.c.obj (.text:_nop)
                  00002f4c    00000100     drivers_cc13x2.aem4f : PowerCC26X2.oem4f (.text:configureXOSCHF)
                  0000304c    000000fc     driverlib.lib : sys_ctrl.obj (.text:NOROM_SysCtrlStandby)
                  00003148    000000fc     rf_multiMode_cc13x2.aem4f : RFCC26X2_multiMode.c.cc13x2.ccs.o (.text:RF_hwiCpe0Active)
                  00003244    000000fc     rtsv7M4_T_le_v4SPD16_eabi.lib : fd_mul_t2.asm.obj (.text)
                  00003340    000000f8     drivers_cc13x2.aem4f : PINCC26XX.oem4f (.text:PINCC26XX_setIoCfg)
                  00003438    000000f0     rf_multiMode_cc13x2.aem4f : RFCC26X2_multiMode.c.cc13x2.ccs.o (.text:RF_fsmPowerUpState)
                  00003528    000000ec     rom_sysbios.aem4f : rom_sysbios.obj (.text:pthread_create)
                  00003614    000000e0     drivers_cc13x2.aem4f : UARTCC26XX.oem4f (.text:UARTCC26XX_write)
                  000036f4    000000dc     uartThread.obj (.text:uartThread)
                  000037d0    000000d8     rf_multiMode_cc13x2.aem4f : RFCC26X2_multiMode.c.cc13x2.ccs.o (.text:RF_postCmd)
                  000038a8    000000d4                               : RFCC26X2_multiMode.c.cc13x2.ccs.o (.text:RF_pendCmd)
                  0000397c    000000d2                               : RFCC26X2_multiMode.c.cc13x2.ccs.o (.text:RF_updatePaConfiguration)
                  00003a4e    00000002     drivers_cc13x2.aem4f : PowerCC26X2.oem4f (.text:emptyClockFunc)
                  00003a50    000000d0     rf_multiMode_cc13x2.aem4f : RFCC26X2_multiMode.c.cc13x2.ccs.o (.text:RF_swiHw)
                  00003b20    000000c8     drivers_cc13x2.aem4f : PowerCC26X2.oem4f (.text:Power_releaseDependency)
                  00003be8    000000c8     rf_multiMode_cc13x2.aem4f : RFCC26X2_multiMode.c.cc13x2.ccs.o (.text:RF_hwiTempLimit)
                  00003cb0    000000c4     drivers_cc13x2.aem4f : PowerCC26X2.oem4f (.text:Power_setDependency)
                  00003d74    000000c0                          : UARTCC26XX.oem4f (.text:UARTCC26XX_initIO)
                  00003e34    000000b8                          : UARTCC26XX.oem4f (.text:UARTCC26XX_initHw)
                  00003eec    000000b8     main_tirtos.obj (.text:main)
                  00003fa4    000000b4     dpl_cc13x2.aem4f : PowerCC26X2_tirtos.oem4f (.text:PowerCC26XX_standbyPolicy)
                  00004058    000000ac     drivers_cc13x2.aem4f : PINCC26XX.oem4f (.text:PIN_open)
                  00004104    000000ac     driverlib.lib : setup.obj (.text:TrimAfterColdResetWakeupFromShutDown)
                  000041b0    000000a4     rf_multiMode_cc13x2.aem4f : RFCC26X2_multiMode.c.cc13x2.ccs.o (.text:RF_ratRestartChannels)
                  00004254    000000a0     rfEasyLinkTx.obj (.text:RXSetup)
                  000042f4    000000a0     auto_init.aem4f : auto_init.oem4f (.text)
                  00004394    000000a0     rom_sysbios.aem4f : rom_sysbios.obj (.text:ti_sysbios_knl_Task_setPri__E)
                  00004434    0000009c     rf_multiMode_cc13x2.aem4f : RFCC26X2_multiMode.c.cc13x2.ccs.o (.text:RF_calculateDispatchTime)
                  000044d0    0000009c     rtsv7M4_T_le_v4SPD16_eabi.lib : memcpy_t2.asm.obj (.text)
                  0000456c    00000098     driverlib.lib : setup.obj (.text:NOROM_SetupTrimDevice)
                  00004604    00000098     drivers_cc13x2.aem4f : UARTCC26XX.oem4f (.text:writeTxFifoFlush)
                  0000469c    00000096     rtsv7M4_T_le_v4SPD16_eabi.lib : ull_div_t2.asm.obj (.text)
                  00004732    00000092     drivers_cc13x2.aem4f : UARTCC26XX.oem4f (.text:UARTCC26XX_writeCancel)
                  000047c4    00000090     rf_multiMode_cc13x2.aem4f : RFCC26X2_multiMode.c.cc13x2.ccs.o (.text:RF_discardPendCmd)
                  00004854    0000008c                               : RFCC26X2_multiMode.c.cc13x2.ccs.o (.text:RF_cmdDispatchTime)
                  000048e0    00000088     driverlib.lib : osc.obj (.text:NOROM_OSCHF_AttemptToSwitchToXosc)
                  00004968    00000088     rf_multiMode_cc13x2.aem4f : RFCC26X2_multiMode.c.cc13x2.ccs.o (.text:RF_getTxPower)
                  000049f0    00000088     rom_sysbios.aem4f : rom_sysbios.obj (.text:_pthread_removeThreadKeys)
                  00004a78    00000088     drivers_cc13x2.aem4f : PowerCC26X2_calibrateRCOSC.oem4f (.text:calibrateRcoscHf2)
                  00004b00    00000088                          : PowerCC26X2.oem4f (.text:disableLFClockQualifiers)
                  00004b88    00000088                          : PowerCC26X2_calibrateRCOSC.oem4f (.text:updateSubSecInc)
                  00004c10    00000086     rtsv7M4_T_le_v4SPD16_eabi.lib : fd_cmp_t2.asm.obj (.text:__aeabi_cdcmple)
                  00004c96    00000086                                   : fd_cmp_t2.asm.obj (.text:__aeabi_cdrcmple)
                  00004d1c    00000084     CC1352P1_LAUNCHXL_fxns.obj (.text:CC1352P1_LAUNCHXL_sendExtFlashByte)
                  00004da0    00000084     rf_multiMode_cc13x2.aem4f : RFCC26X2_multiMode.c.cc13x2.ccs.o (.text:RF_issueRadioFreeCb)
                  00004e24    00000084                               : RFCC26X2_multiMode.c.cc13x2.ccs.o (.text:RF_verifyGap)
                  00004ea8    00000084     drivers_cc13x2.aem4f : UARTCC26XX.oem4f (.text:UARTCC26XX_close)
                  00004f2c    00000084     rom_sysbios.aem4f : rom_sysbios.obj (.text:ti_sysbios_family_arm_m3_Hwi_excHandlerMin__I)
                  00004fb0    00000080                       : rom_sysbios.obj (.text:ti_sysbios_family_arm_cc26xx_Timer_start__E)
                  00005030    0000007c     rf_multiMode_cc13x2.aem4f : RFCC26X2_multiMode.c.cc13x2.ccs.o (.text:RF_ratFreeChannel)
                  000050ac    0000007a     rtsv7M4_T_le_v4SPD16_eabi.lib : memset_t2.asm.obj (.text)
                  00005126    00000002                                   : div0.asm.obj (.text)
                  00005128    00000074     drivers_cc13x2.aem4f : PowerCC26X2_calibrateRCOSC.oem4f (.text:PowerCC26X2_auxISR)
                  0000519c    00000072     rf_multiMode_cc13x2.aem4f : RFCC26X2_multiMode.c.cc13x2.ccs.o (.text:RF_detachOverrides)
                  0000520e    00000070                               : rfc.c.cc13x2.ccs.o (.text:NOROM_RFCAnaDivTxOverride)
                  0000527e    00000002     release_pem4f.oem4f (.text:ti_sysbios_BIOS_nullFunc__I)
                  00005280    00000070     rf_multiMode_cc13x2.aem4f : RFCC26X2_multiMode.c.cc13x2.ccs.o (.text:RF_hwiHw)
                  000052f0    0000006e                               : RFCC26X2_multiMode.c.cc13x2.ccs.o (.text:RF_attachOverrides)
                  0000535e    0000006e                               : RFCC26X2_multiMode.c.cc13x2.ccs.o (.text:RF_howToSchedule)
                  000053cc    0000006e     rtsv7M4_T_le_v4SPD16_eabi.lib : ll_div_t2.asm.obj (.text)
                  0000543a    00000002     rom_sysbios.aem4f : rom_sysbios.obj (.text:xdc_runtime_SysCallback_defaultAbort)
                  0000543c    0000006d                       : rom_sysbios.obj (.text:xdc_runtime_System_formatNum__I)
                  000054a9    00000001     --HOLE-- [fill = 0]
                  000054aa    00000002                       : rom_sysbios.obj (.text:xdc_runtime_SysCallback_defaultExit)
                  000054ac    0000006c     rf_multiMode_cc13x2.aem4f : RFCC26X2_multiMode.c.cc13x2.ccs.o (.text:RF_getCurrentTime)
                  00005518    00000068     driverlib.lib : osc.obj (.text:NOROM_OSCHF_SwitchToRcOscTurnOffXosc)
                  00005580    00000068                   : sys_ctrl.obj (.text:NOROM_SysCtrlSetRechargeBeforePowerDown)
                  000055e8    00000068     rtsv7M4_T_le_v4SPD16_eabi.lib : copy_decompress_lzss.c.obj (.text:decompress:lzss:__TI_decompress_lzss)
                  00005650    00000064     driverlib.lib : osc.obj (.text:NOROM_OSC_HPOSCRtcCompensate)
                  000056b4    00000064     rf_multiMode_cc13x2.aem4f : RFCC26X2_multiMode.c.cc13x2.ccs.o (.text:RF_dispatchNextEvent)
                  00005718    00000064     drivers_cc13x2.aem4f : UARTCC26XX.oem4f (.text:UARTCC26XX_control)
                  0000577c    00000062                          : UARTCC26XX.oem4f (.text:UARTCC26XX_swiIntFxn)
                  000057de    00000002     rom_sysbios.aem4f : rom_sysbios.obj (.text:xdc_runtime_SysCallback_defaultFlush)
                  000057e0    00000060     rf_multiMode_cc13x2.aem4f : RFCC26X2_multiMode.c.cc13x2.ccs.o (.text:RF_applyRfCorePatch)
                  00005840    00000060     EasyLink.obj (.text:calculateCmdTime)
                  000058a0    00000060     rf_multiMode_cc13x2.aem4f : rf_patch_cpe_multi_protocol.c.cc13x2.ccs.o (.text:configureMultiProtocolPatch)
                  00005900    0000005c     drivers_cc13x2.aem4f : PINCC26XX.oem4f (.text:PIN_remove)
                  0000595c    0000005c     rf_multiMode_cc13x2.aem4f : RFCC26X2_multiMode.c.cc13x2.ccs.o (.text:RF_syncCb)
                  000059b8    0000005c     rom_sysbios.aem4f : rom_sysbios.obj (.text:ti_sysbios_heaps_HeapMem_initPrimary__I)
                  00005a14    0000005c     release_pem4f.oem4f (.text:xdc_runtime_Startup_getState__I)
                  00005a70    0000005a     EasyLink.obj (.text:createTxAdvFromTx)
                  00005aca    00000002     rom_sysbios.aem4f : rom_sysbios.obj (.text:xdc_runtime_SysCallback_defaultPutch)
                  00005acc    00000058     drivers_cc13x2.aem4f : PowerCC26X2_calibrateRCOSC.oem4f (.text:PowerCC26X2_initiateCalibration)
                  00005b24    00000058     rf_multiMode_cc13x2.aem4f : RFCC26X2_multiMode.c.cc13x2.ccs.o (.text:RF_fsmXOSCState)
                  00005b7c    00000058                               : RFCC26X2_multiMode.c.cc13x2.ccs.o (.text:RF_hwiCpe0PowerFsm)
                  00005bd4    00000058     boot.aem4f : boot.oem4f (.text)
                  00005c2c    00000058     rom_sysbios.aem4f : rom_sysbios.obj (.text:pthread_exit)
                  00005c84    00000056     rf_multiMode_cc13x2.aem4f : RFCC26X2_multiMode.c.cc13x2.ccs.o (.text:RF_defaultSubmitPolicy)
                  00005cda    00000002     --HOLE-- [fill = 0]
                  00005cdc    00000054     driverlib.lib : chipinfo.obj (.text:NOROM_ChipInfo_GetChipType)
                  00005d30    00000050     dpl_cc13x2.aem4f : ClockP_tirtos.oem4f (.text:ClockP_construct)
                  00005d80    00000050     rf_multiMode_cc13x2.aem4f : RFCC26X2_multiMode.c.cc13x2.ccs.o (.text:RF_wakeupNotification)
                  00005dd0    00000050     rom_sysbios.aem4f : rom_sysbios.obj (.text:mq_send)
                  00005e20    0000004c     CC1352P1_LAUNCHXL_fxns.obj (.text:CC1352P1_LAUNCHXL_wakeUpExtFlash)
                  00005e6c    0000004c     drivers_cc13x2.aem4f : UARTCC26XX.oem4f (.text:UARTCC26XX_readCancel)
                  00005eb8    0000004c     rtsv7M4_T_le_v4SPD16_eabi.lib : cpy_tbl.c.obj (.text:copy_in)
                  00005f04    0000004c     drivers_cc13x2.aem4f : UARTCC26XX.oem4f (.text:startTxFifoEmptyClk)
                  00005f50    0000004c                          : PowerCC26X2.oem4f (.text:switchXOSCHF)
                  00005f9c    00000048     rf_multiMode_cc13x2.aem4f : rfc.c.cc13x2.ccs.o (.text:NOROM_RFCSynthPowerDown)
                  00005fe4    00000048     drivers_cc13x2.aem4f : PINCC26XX.oem4f (.text:PIN_setOutputEnable)
                  0000602c    00000048                          : PowerCC26X2_calibrateRCOSC.oem4f (.text:PowerCC26X2_RCOSC_clockFunc)
                  00006074    00000048                          : PowerCC26X2.oem4f (.text:PowerCC26XX_switchXOSC_HF)
                  000060bc    00000048     rtsv7M4_T_le_v4SPD16_eabi.lib : fd_toi_t2.asm.obj (.text)
                  00006104    00000048     drivers_cc13x2.aem4f : UARTCC26XX.oem4f (.text:writeFinishedDoCallback)
                  0000614c    00000046                          : RingBuf.oem4f (.text:RingBuf_put)
                  00006192    00000002     --HOLE-- [fill = 0]
                  00006194    00000044     driverlib.lib : chipinfo.obj (.text:NOROM_ChipInfo_GetHwRevision)
                  000061d8    00000044     drivers_cc13x2.aem4f : PINCC26XX.oem4f (.text:PIN_swi)
                  0000621c    00000044                          : UART.oem4f (.text:UART_init)
                  00006260    00000044     rtsv7M4_T_le_v4SPD16_eabi.lib : fd_tou_t2.asm.obj (.text)
                  000062a4    00000040     CC1352P1_LAUNCHXL_fxns.obj (.text:CC1352P1_LAUNCHXL_shutDownExtFlash)
                  000062e4    00000040     drivers_cc13x2.aem4f : PowerCC26X2.oem4f (.text:PowerCC26XX_isStableXOSC_HF)
                  00006324    00000040                          : RingBuf.oem4f (.text:RingBuf_get)
                  00006364    00000040                          : UART.oem4f (.text:UART_open)
                  000063a4    00000040     rtsv7M4_T_le_v4SPD16_eabi.lib : u_divt2.asm.obj (.text)
                  000063e4    00000040     rom_sysbios.aem4f : rom_sysbios.obj (.text:ti_sysbios_family_arm_cc26xx_Timer_setThreshold__I)
                  00006424    0000003e     dpl_cc13x2.aem4f : HwiP_tirtos.oem4f (.text:HwiP_construct)
                  00006462    00000002     --HOLE-- [fill = 0]
                  00006464    0000003c     drivers_cc13x2.aem4f : PINCC26XX.oem4f (.text:PIN_setOutputValue)
                  000064a0    0000003c     rf_multiMode_cc13x2.aem4f : RFCC26X2_multiMode.c.cc13x2.ccs.o (.text:RF_cmdGet)
                  000064dc    0000003c                               : RFCC26X2_multiMode.c.cc13x2.ccs.o (.text:RF_cmdStoreEvents)
                  00006518    0000003c     dpl_cc13x2.aem4f : SwiP_tirtos.oem4f (.text:SwiP_construct)
                  00006554    0000003c     ti_drivers_config.obj (.text:initRfFrontend)
                  00006590    0000003c     rom_sysbios.aem4f : rom_sysbios.obj (.text:ti_sysbios_family_arm_m3_Hwi_construct2__E)
                  000065cc    00000038     driverlib.lib : osc.obj (.text:NOROM_OSC_HPOSCRelativeFrequencyOffsetGet)
                  00006604    00000038     drivers_cc13x2.aem4f : PINCC26XX.oem4f (.text:PIN_setConfig)
                  0000663c    00000038     rf_multiMode_cc13x2.aem4f : RFCC26X2_multiMode.c.cc13x2.ccs.o (.text:RF_checkCmdFsError)
                  00006674    00000038                               : RFCC26X2_multiMode.c.cc13x2.ccs.o (.text:RF_powerConstraintRelease)
                  000066ac    00000038     rom_sysbios.aem4f : rom_sysbios.obj (.text:mq_receive)
                  000066e4    00000038     drivers_cc13x2.aem4f : PowerCC26X2.oem4f (.text:notify)
                  0000671c    00000038                          : UARTCC26XX.oem4f (.text:readData)
                  00006754    00000038     rtsv7M4_T_le_v4SPD16_eabi.lib : fs_tod_t2.asm.obj (.text)
                  0000678c    00000038     drivers_cc13x2.aem4f : UARTCC26XX.oem4f (.text:writeData)
                  000067c4    00000036     rom_sysbios.aem4f : rom_sysbios.obj (.text:ti_sysbios_family_arm_cc26xx_Timer_setNextTick__E)
                  000067fa    00000002     --HOLE-- [fill = 0]
                  000067fc    00000034     driverlib.lib : aux_sysif.obj (.text:NOROM_AUXSYSIFOpModeChange)
                  00006830    00000034                   : sys_ctrl.obj (.text:NOROM_SysCtrlIdle)
                  00006864    00000034     rf_multiMode_cc13x2.aem4f : RFCC26X2_multiMode.c.cc13x2.ccs.o (.text:RF_runDirectImmediateCmd)
                  00006898    00000034     rtsv7M4_T_le_v4SPD16_eabi.lib : rand.c.obj (.text:rand)
                  000068cc    00000034     drivers_cc13x2.aem4f : UARTCC26XX.oem4f (.text:readData2RingBuf)
                  00006900    00000030                          : PINCC26XX.oem4f (.text:PINCC26XX_setMux)
                  00006930    00000030                          : PowerCC26X2.oem4f (.text:Power_releaseConstraint)
                  00006960    00000030                          : PowerCC26X2.oem4f (.text:Power_setConstraint)
                  00006990    00000030     rf_multiMode_cc13x2.aem4f : rf_patch_cpe_multi_protocol.c.cc13x2.ccs.o (.text:applyMultiProtocolPatch)
                  000069c0    00000030     release_pem4f.oem4f (.text:ti_sysbios_BIOS_atExitFunc__I)
                  000069f0    00000030     release_pem4f.oem4f (.text:ti_sysbios_BIOS_startFunc__I)
                  00006a20    00000030     rom_sysbios.aem4f : rom_sysbios.obj (.text:ti_sysbios_family_arm_cc26xx_Timer_getCurrentTick__E)
                  00006a50    00000030                       : rom_sysbios.obj (.text:ti_sysbios_family_arm_cc26xx_Timer_initDevice__I)
                  00006a80    0000002e     rf_multiMode_cc13x2.aem4f : RFCC26X2_multiMode.c.cc13x2.ccs.o (.text:RF_queueEnd)
                  00006aae    0000002e     rtsv7M4_T_le_v4SPD16_eabi.lib : i_tofd_t2.asm.obj (.text)
                  00006adc    0000002c     rf_multiMode_cc13x2.aem4f : RFCC26X2_multiMode.c.cc13x2.ccs.o (.text:RF_executeDirectImmediateCmd)
                  00006b08    0000002c     dpl_cc13x2.aem4f : SemaphoreP_tirtos.oem4f (.text:SemaphoreP_constructBinary)
                  00006b34    0000002c     rom_sysbios.aem4f : rom_sysbios.obj (.text:_pthread_delete$45)
                  00006b60    0000002c                       : rom_sysbios.obj (.text:pthread_setcancelstate)
                  00006b8c    0000002c                       : rom_sysbios.obj (.text:ti_sysbios_knl_Clock_getTicksUntilInterrupt__E)
                  00006bb8    0000002a     drivers_cc13x2.aem4f : List.oem4f (.text:List_insert)
                  00006be2    0000002a     rf_multiMode_cc13x2.aem4f : RFCC26X2_multiMode.c.cc13x2.ccs.o (.text:RF_searchAndReplacePAOverride)
                  00006c0c    0000002a     rom_sysbios.aem4f : rom_sysbios.obj (.text:ti_sysbios_knl_Clock_getTimeout__E)
                  00006c36    00000002     --HOLE-- [fill = 0]
                  00006c38    00000028     driverlib.lib : osc.obj (.text:NOROM_OSCHF_TurnOnXosc)
                  00006c60    00000028     rf_multiMode_cc13x2.aem4f : rfc.c.cc13x2.ccs.o (.text:NOROM_RFCOverrideSearch)
                  00006c88    00000028     drivers_cc13x2.aem4f : PowerCC26X2.oem4f (.text:Power_registerNotify)
                  00006cb0    00000028     rf_multiMode_cc13x2.aem4f : RFCC26X2_multiMode.c.cc13x2.ccs.o (.text:RF_calculateDeltaTimeUs)
                  00006cd8    00000028                               : RFCC26X2_multiMode.c.cc13x2.ccs.o (.text:RF_runCmd)
                  00006d00    00000028     rom_sysbios.aem4f : rom_sysbios.obj (.text:findInList$44)
                  00006d28    00000028     drivers_cc13x2.aem4f : PowerCC26X2.oem4f (.text:oscillatorISR)
                  00006d50    00000026                          : List.oem4f (.text:List_put)
                  00006d76    00000026                          : List.oem4f (.text:List_putHead)
                  00006d9c    00000026                          : List.oem4f (.text:List_remove)
                  00006dc2    00000002     --HOLE-- [fill = 0]
                  00006dc4    00000024     rf_multiMode_cc13x2.aem4f : rfc.c.cc13x2.ccs.o (.text:NOROM_RFCDoorbellSendTo)
                  00006de8    00000024     ti_drivers_config.obj (.text:PINCC26XX_setOutputValue)
                  00006e0c    00000024     rf_multiMode_cc13x2.aem4f : RFCC26X2_multiMode.c.cc13x2.ccs.o (.text:RF_cmdAlloc)
                  00006e30    00000024                               : RFCC26X2_multiMode.c.cc13x2.ccs.o (.text:RF_invokeGlobalCallback)
                  00006e54    00000024     rom_sysbios.aem4f : rom_sysbios.obj (.text:_pthread_cleanupFxn)
                  00006e78    00000024     drivers_cc13x2.aem4f : PowerCC26X2_calibrateRCOSC.oem4f (.text:getTdcSemaphore)
                  00006e9c    00000024     rom_sysbios.aem4f : rom_sysbios.obj (.text:pthread_attr_init)
                  00006ec0    00000024     release_pem4f.oem4f (.text:ti_sysbios_BIOS_registerRTSLock__I)
                  00006ee4    00000024     release_pem4f.oem4f (.text:ti_sysbios_BIOS_removeRTSLock__I)
                  00006f08    00000024     rom_sysbios.aem4f : rom_sysbios.obj (.text:ti_sysbios_family_arm_cc26xx_Timer_getMaxTicks__E)
                  00006f2c    00000022     drivers_cc13x2.aem4f : List.oem4f (.text:List_get)
                  00006f4e    00000020     dpl_cc13x2.aem4f : HwiP_tirtos.oem4f (.text:HwiP_setFunc)
                  00006f6e    00000002     --HOLE-- [fill = 0]
                  00006f70    00000020     drivers_cc13x2.aem4f : PINCC26XX.oem4f (.text:PINCC26XX_setIoCfgMux)
                  00006f90    00000020                          : PowerCC26X2.oem4f (.text:Power_unregisterNotify)
                  00006fb0    00000020     rf_multiMode_cc13x2.aem4f : RFCC26X2_multiMode.c.cc13x2.ccs.o (.text:RF_clkPowerUp)
                  00006fd0    00000020                               : RFCC26X2_multiMode.c.cc13x2.ccs.o (.text:RF_hwiCpe0ChangePhy)
                  00006ff0    00000020                               : RFCC26X2_multiMode.c.cc13x2.ccs.o (.text:RF_isStateTransitionAllowed)
                  00007010    00000020                               : RFCC26X2_multiMode.c.cc13x2.ccs.o (.text:RF_ratIsRunning)
                  00007030    00000020     drivers_cc13x2.aem4f : UARTCC26XX.oem4f (.text:threadSafeStdbyDisRelease)
                  00007050    00000020                          : UARTCC26XX.oem4f (.text:threadSafeStdbyDisSet)
                  00007070    00000020     release_pem4f.oem4f (.text:ti_sysbios_BIOS_rtsLock__I)
                  00007090    00000020     rom_sysbios.aem4f : rom_sysbios.obj (.text:ti_sysbios_family_arm_cc26xx_Timer_dynamicStub__E)
                  000070b0    00000020                       : rom_sysbios.obj (.text:xdc_runtime_Error_policyMin__E)
                  000070d0    0000001e     drivers_cc13x2.aem4f : PINCC26XX.oem4f (.text:PIN_close)
                  000070ee    0000001e                          : PowerCC26X2.oem4f (.text:Power_getTransitionLatency)
                  0000710c    0000001c     ti_drivers_config.obj (.text:Board_init)
                  00007128    0000001c     driverlib.lib : chipinfo.obj (.text:NOROM_ChipInfo_GetChipFamily)
                  00007144    0000001c     drivers_cc13x2.aem4f : PINCC26XX.oem4f (.text:PIN_hwi)
                  00007160    0000001c     dpl_cc13x2.aem4f : PowerCC26X2_tirtos.oem4f (.text:PowerCC26XX_schedulerDisable)
                  0000717c    0000001c                      : PowerCC26X2_tirtos.oem4f (.text:PowerCC26XX_schedulerRestore)
                  00007198    0000001c     rf_multiMode_cc13x2.aem4f : RFCC26X2_multiMode.c.cc13x2.ccs.o (.text:RF_clkInactivityCallback)
                  000071b4    0000001c                               : RFCC26X2_multiMode.c.cc13x2.ccs.o (.text:RF_getPAOverrideOffsetAndValue)
                  000071d0    0000001c                               : RFCC26X2_multiMode.c.cc13x2.ccs.o (.text:RF_powerConstraintSet)
                  000071ec    0000001c     EasyLink.obj (.text:genActivityTableValue)
                  00007208    0000001c     rom_sysbios.aem4f : rom_sysbios.obj (.text:ti_sysbios_knl_Swi_construct2__E)
                  00007224    0000001c     release_pem4f.oem4f (.text:xdc_runtime_Startup_exec__I)
                  00007240    0000001a     drivers_cc13x2.aem4f : PowerCC26X2.oem4f (.text:PowerCC26XX_calibrate)
                  0000725a    00000018     EasyLink.obj (.text:ChipInfo_ChipFamilyIs_CC13x2_CC26x2)
                  00007272    00000018     EasyLink.obj (.text:ChipInfo_ChipFamilyIs_CC26x0R2)
                  0000728a    00000002     --HOLE-- [fill = 0]
                  0000728c    00000018     driverlib.lib : chipinfo.obj (.text:NOROM_ChipInfo_GetPackageType)
                  000072a4    00000018     drivers_cc13x2.aem4f : PowerCC26X2.oem4f (.text:Power_idleFunc)
                  000072bc    00000018     rf_multiMode_cc13x2.aem4f : RFCC26X2_multiMode.c.cc13x2.ccs.o (.text:RF_ScheduleCmdParams_init)
                  000072d4    00000018                               : RFCC26X2_multiMode.c.cc13x2.ccs.o (.text:RF_swiFsm)
                  000072ec    00000018     drivers_cc13x2.aem4f : UART.oem4f (.text:UART_Params_init)
                  00007304    00000018     rtsv7M4_T_le_v4SPD16_eabi.lib : args_main.c.obj (.text:_args_main)
                  0000731c    00000018                                   : ll_mul_t2.asm.obj (.text)
                  00007334    00000018                                   : strcmp.c.obj (.text:strcmp)
                  0000734c    00000018     release_pem4f.oem4f (.text:ti_sysbios_BIOS_rtsUnlock__I)
                  00007364    00000018     rom_sysbios.aem4f : rom_sysbios.obj (.text:ti_sysbios_knl_Swi_or__E)
                  0000737c    00000018                       : rom_sysbios.obj (.text:ti_sysbios_rts_ti_ReentSupport_getReent__F)
                  00007394    00000018                       : rom_sysbios.obj (.text:xdc_runtime_Error_init__E)
                  000073ac    00000016     EasyLink.obj (.text:ChipInfo_ChipFamilyIs_CC26x0)
                  000073c2    00000016     driverlib.lib : chipinfo.obj (.text:NOROM_ThisLibraryIsFor_CC13x2_CC26x2_HwRev20AndLater_HaltIfViolated)
                  000073d8    00000016     rf_multiMode_cc13x2.aem4f : RFCC26X2_multiMode.c.cc13x2.ccs.o (.text:RF_restartClockTimeout)
                  000073ee    00000016     rom_sysbios.aem4f : rom_sysbios.obj (.text:_pthread_cleanup_pop)
                  00007404    00000016     release_pem4f.oem4f (.text:ti_sysbios_BIOS_exitFunc__I)
                  0000741a    00000016     EasyLink.obj (.text:ti_sysbios_knl_Semaphore_Params_init)
                  00007430    00000014     EasyLink.obj (.text:EasyLink_Params_init)
                  00007444    00000014     drivers_cc13x2.aem4f : List.oem4f (.text:List_clearList)
                  00007458    00000014     rf_multiMode_cc13x2.aem4f : rfc.c.cc13x2.ccs.o (.text:NOROM_RFCCpeIntGetAndClear)
                  0000746c    00000014     drivers_cc13x2.aem4f : PINCC26XX.oem4f (.text:PINCC26XX_getOutputValue)
                  00007480    00000014                          : PowerCC26X2_calibrateRCOSC.oem4f (.text:PowerCC26X2_calibrate)
                  00007494    00000014     rf_multiMode_cc13x2.aem4f : RFCC26X2_multiMode.c.cc13x2.ccs.o (.text:RF_Params_init)
                  000074a8    00000014                               : RFCC26X2_multiMode.c.cc13x2.ccs.o (.text:RF_dbellSyncOnAck)
                  000074bc    00000014                               : RFCC26X2_multiMode.c.cc13x2.ccs.o (.text:RF_ratGetChannel)
                  000074d0    00000014                               : rf_patch_cpe_multi_protocol.c.cc13x2.ccs.o (.text:enterMultiProtocolCpeHdPatch)
                  000074e4    00000014     rom_sysbios.aem4f : rom_sysbios.obj (.text:pthread_attr_setschedparam)
                  000074f8    00000014     rtsv7M4_T_le_v4SPD16_eabi.lib : strcpy.c.obj (.text:strcpy)
                  0000750c    00000014     drivers_cc13x2.aem4f : PowerCC26X2.oem4f (.text:switchToTCXO)
                  00007520    00000014     rom_sysbios.aem4f : rom_sysbios.obj (.text:ti_sysbios_family_arm_cc26xx_Timer_getCount64__E)
                  00007534    00000014     release_pem4f.oem4f (.text:ti_sysbios_knl_Clock_doTick__I)
                  00007548    00000012     drivers_cc13x2.aem4f : RingBuf.oem4f (.text:RingBuf_construct)
                  0000755a    00000012     dpl_cc13x2.aem4f : SemaphoreP_tirtos.oem4f (.text:SemaphoreP_pend)
                  0000756c    00000012     rom_sysbios.aem4f : rom_sysbios.obj (.text:_pthread_runStub$45)
                  0000757e    00000010     dpl_cc13x2.aem4f : ClockP_tirtos.oem4f (.text:ClockP_isActive)
                  0000758e    00000010                      : HwiP_tirtos.oem4f (.text:HwiP_Params_init)
                  0000759e    00000002     --HOLE-- [fill = 0]
                  000075a0    00000010     rf_multiMode_cc13x2.aem4f : rfc.c.cc13x2.ccs.o (.text:NOROM_RFCHwIntGetAndClear)
                  000075b0    00000010     drivers_cc13x2.aem4f : PINCC26XX.oem4f (.text:PINCC26XX_getPinCount)
                  000075c0    00000010     rf_multiMode_cc13x2.aem4f : RFCC26X2_multiMode.c.cc13x2.ccs.o (.text:RF_dbellSubmitCmdAsync)
                  000075d0    00000010                               : RFCC26X2_multiMode.c.cc13x2.ccs.o (.text:RF_isClientOwner)
                  000075e0    00000010     dpl_cc13x2.aem4f : SwiP_tirtos.oem4f (.text:SwiP_Params_init)
                  000075f0    00000010     rom_sysbios.aem4f : rom_sysbios.obj (.text:ti_sysbios_family_arm_m3_Hwi_post__E)
                  00007600    00000010     drivers_cc13x2.aem4f : UARTCC26XX.oem4f (.text:uartPostNotify)
                  00007610    0000000e     rf_multiMode_cc13x2.aem4f : RFCC26X2_multiMode.c.cc13x2.ccs.o (.text:RF_getSwitchingTimeInUs)
                  0000761e    0000000e     rtsv7M4_T_le_v4SPD16_eabi.lib : copy_decompress_none.c.obj (.text:decompress:none:__TI_decompress_none)
                  0000762c    0000000e     rom_sysbios.aem4f : rom_sysbios.obj (.text:pthread_attr_setdetachstate)
                  0000763a    0000000e                       : rom_sysbios.obj (.text:ti_sysbios_family_arm_cc26xx_TimestampProvider_get32__E)
                  00007648    0000000c     driverlib.lib : cpu.obj (.text:NOROM_CPUcpsid)
                  00007654    0000000c                   : cpu.obj (.text:NOROM_CPUcpsie)
                  00007660    0000000c     drivers_cc13x2.aem4f : PowerCC26X2.oem4f (.text:Power_getConstraintMask)
                  0000766c    0000000c                          : PowerCC26X2.oem4f (.text:Power_getDependencyCount)
                  00007678    0000000c     rf_multiMode_cc13x2.aem4f : RFCC26X2_multiMode.c.cc13x2.ccs.o (.text:RF_powerConstraintGet)
                  00007684    0000000c     rtsv7M4_T_le_v4SPD16_eabi.lib : _lock.c.obj (.text:_register_lock)
                  00007690    0000000c                                   : _lock.c.obj (.text:_register_unlock)
                  0000769c    0000000c                                   : copy_zero_init.c.obj (.text:decompress:ZI:__TI_zero_init)
                  000076a8    0000000c     rom_sysbios.aem4f : rom_sysbios.obj (.text:pthread_self)
                  000076b4    0000000c                       : rom_sysbios.obj (.text:ti_sysbios_knl_Queue_insert__E)
                  000076c0    0000000c                       : rom_sysbios.obj (.text:ti_sysbios_knl_Swi_getTrigger__E)
                  000076cc    0000000a     dpl_cc13x2.aem4f : ClockP_tirtos.oem4f (.text:ClockP_Params_init)
                  000076d6    0000000a     drivers_cc13x2.aem4f : UART.oem4f (.text:UART_read)
                  000076e0    0000000a                          : UART.oem4f (.text:UART_write)
                  000076ea    0000000a     release_pem4f.oem4f (.text:ti_sysbios_rts_ti_ReentSupport_getTlsAddr__I)
                  000076f4    00000008     CC1352P1_LAUNCHXL_fxns.obj (.text:Board_initHook)
                  000076fc    00000008     drivers_cc13x2.aem4f : UARTCC26XX.oem4f (.text:UARTCC26XX_init)
                  00007704    00000008                          : UARTCC26XX.oem4f (.text:readSemCallback)
                  0000770c    00000008                          : UARTCC26XX.oem4f (.text:writeSemCallback)
                  00007714    00000008     release_pem4f.oem4f (.text:xdc_runtime_Text_visitRope__I)
                  0000771c    00000006     driverlib.lib : cpu.obj (.text:NOROM_CPUdelay)
                  00007722    00000006     rf_multiMode_cc13x2.aem4f : RFCC26X2_multiMode.c.cc13x2.ccs.o (.text:RF_clkReqAccess)
                  00007728    00000006     drivers_cc13x2.aem4f : UARTCC26XX.oem4f (.text:UARTCC26XX_readPolling)
                  0000772e    00000006                          : UARTCC26XX.oem4f (.text:UARTCC26XX_writePolling)
                  00007734    00000006     rom_sysbios.aem4f : rom_sysbios.obj (.text:pthread_attr_setstacksize)
                  0000773a    00000006                       : rom_sysbios.obj (.text:ti_sysbios_family_arm_m3_Hwi_setFunc__E)
                  00007740    00000004     dpl_cc13x2.aem4f : PowerCC26X2_tirtos.oem4f (.text:CPUwfi)
                  00007744    00000004                      : ClockP_tirtos.oem4f (.text:ClockP_destruct)
                  00007748    00000004                      : ClockP_tirtos.oem4f (.text:ClockP_getCpuFreq)
                  0000774c    00000004                      : ClockP_tirtos.oem4f (.text:ClockP_getTimeout)
                  00007750    00000004                      : ClockP_tirtos.oem4f (.text:ClockP_setTimeout)
                  00007754    00000004                      : ClockP_tirtos.oem4f (.text:ClockP_start)
                  00007758    00000004                      : ClockP_tirtos.oem4f (.text:ClockP_stop)
                  0000775c    00000004                      : HwiP_tirtos.oem4f (.text:HwiP_destruct)
                  00007760    00000004                      : HwiP_tirtos.oem4f (.text:HwiP_disable)
                  00007764    00000004                      : HwiP_tirtos.oem4f (.text:HwiP_enableInterrupt)
                  00007768    00000004                      : HwiP_tirtos.oem4f (.text:HwiP_post)
                  0000776c    00000004     rf_multiMode_cc13x2.aem4f : rfc.c.cc13x2.ccs.o (.text:NOROM_RFCOverrideUpdate)
                  00007770    00000004                               : RFCC26X2_multiMode.c.cc13x2.ccs.o (.text:RF_defaultConflictPolicy)
                  00007774    00000004     dpl_cc13x2.aem4f : SemaphoreP_tirtos.oem4f (.text:SemaphoreP_destruct)
                  00007778    00000004                      : SemaphoreP_tirtos.oem4f (.text:SemaphoreP_post)
                  0000777c    00000004                      : SwiP_tirtos.oem4f (.text:SwiP_destruct)
                  00007780    00000004                      : SwiP_tirtos.oem4f (.text:SwiP_disable)
                  00007784    00000004                      : SwiP_tirtos.oem4f (.text:SwiP_getTrigger)
                  00007788    00000004                      : SwiP_tirtos.oem4f (.text:SwiP_or)
                  0000778c    00000004     rom_sysbios.aem4f : rom_sysbios.obj (.text:__aeabi_errno_addr)
                  00007790    00000004     drivers_cc13x2.aem4f : PowerCC26X2.oem4f (.text:configureRFCoreClocks)
                  00007794    00000004                          : PowerCC26X2.oem4f (.text:nopResourceHandler)
                  00007798    00000004     rom_sysbios.aem4f : rom_sysbios.obj (.text:ti_sysbios_knl_Clock_isActive__E)
                  0000779c    00000004                       : rom_sysbios.obj (.text:ti_sysbios_knl_Task_getArg1__E)
                  000077a0    00000004                       : rom_sysbios.obj (.text:ti_sysbios_knl_Task_getEnv__E)
                  000077a4    00000004     release_pem4f.oem4f (.text:xdc_runtime_Startup_reset__I)
                  000077a8    00000004     rom_sysbios.aem4f : rom_sysbios.obj (.text:xdc_runtime_SysCallback_defaultReady)
                  000077ac    00000008     (.tramp.ti_sysbios_knl_Swi_destruct.1)
                  000077b4    00000008     (.tramp.ti_sysbios_family_arm_m3_Hwi_enableInterrupt__E.1)
                  000077bc    00000008     (.tramp.ti_sysbios_family_arm_m3_Hwi_destruct.1)
                  000077c4    00000008     (.tramp.ti_sysbios_BIOS_getCpuFreq__E.1)
                  000077cc    00000008     (.tramp.ti_sysbios_knl_Clock_destruct.1)
                  000077d4    00000008     (.tramp.ti_sysbios_knl_Task_self__E.1)
                  000077dc    00000008     (.tramp.ti_sysbios_knl_Clock_logTick__E.1)
                  000077e4    00000008     (.tramp.ti_sysbios_knl_Swi_post__E.1)
                  000077ec    00000008     (.tramp.ti_sysbios_BIOS_RtsGateProxy_leave__E.1)
                  000077f4    00000008     (.tramp.ti_sysbios_knl_Swi_construct.1)
                  000077fc    00000008     (.tramp.ti_sysbios_BIOS_RtsGateProxy_enter__E.1)
                  00007804    00000008     (.tramp.ti_sysbios_family_arm_m3_Hwi_disableFxn__E.1)
                  0000780c    00000008     (.tramp.ti_sysbios_knl_Clock_getTicks__E.1)
                  00007814    00000008     (.tramp.ti_sysbios_knl_Clock_TimerProxy_getCurrentTick__E.1)
                  0000781c    00000008     (.tramp.ti_sysbios_knl_Task_delete.1)
                  00007824    00000008     (.tramp.ti_sysbios_knl_Semaphore_destruct.1)
                  0000782c    00000008     (.tramp.ti_sysbios_knl_Task_startup__E.1)
                  00007834    00000008     (.tramp.ti_sysbios_knl_Swi_startup__E.1)
                  0000783c    00000008     (.tramp.ti_sysbios_hal_Hwi_startup__E.1)
                  00007844    00000008     (.tramp.ti_sysbios_family_arm_cc26xx_Timer_startup__E.1)
                  0000784c    00000008     (.tramp.xdc_runtime_System_atexit__E.1)
                  00007854    00000008     (.tramp.ti_sysbios_BIOS_linkedWithIncorrectBootLibrary__E.1)
                  0000785c    00000008     (.tramp.xdc_runtime_Startup_rtsDone__E.1)
                  00007864    00000008     (.tramp.ti_sysbios_knl_Swi_disable__E.1)
                  0000786c    00000008     (.tramp.ti_sysbios_knl_Mailbox_pend__E.1)
                  00007874    00000008     (.tramp.ti_sysbios_family_arm_m3_Hwi_construct.1)
                  0000787c    00000008     (.tramp.ti_sysbios_knl_Swi_Params__init__S.1)
                  00007884    00000008     (.tramp.ti_sysbios_family_arm_m3_Hwi_Params__init__S.1)
                  0000788c    00000008     (.tramp.ti_sysbios_knl_Mailbox_post__E.1)
                  00007894    00000008     (.tramp.ti_sysbios_knl_Clock_construct.1)
                  0000789c    00000008     (.tramp.ti_sysbios_knl_Clock_Params__init__S.1)
                  000078a4    00000008     (.tramp.xdc_runtime_System_exit__E.1)
                  000078ac    00000008     (.tramp.ti_sysbios_heaps_HeapMem_restore__E.1)
                  000078b4    00000008     (.tramp.ti_sysbios_heaps_HeapMem_Object__get__S.1)
                  000078bc    00000008     (.tramp.xdc_runtime_Error_raiseX__E.1)
                  000078c4    00000008     (.tramp.ti_sysbios_BIOS_setThreadType__E.1)
                  000078cc    00000008     (.tramp.ti_sysbios_family_arm_m3_Hwi_excFillContext__I.1)
                  000078d4    00000008     (.tramp.ti_sysbios_knl_Queue_next__E.1)
                  000078dc    00000008     (.tramp.ti_sysbios_knl_Queue_head__E.1)
                  000078e4    00000008     (.tramp.ti_sysbios_knl_Task_restore__E.1)
                  000078ec    00000008     (.tramp.ti_sysbios_knl_Queue_enqueue__E.1)
                  000078f4    00000008     (.tramp.ti_sysbios_knl_Queue_empty__E.1)
                  000078fc    00000008     (.tramp.ti_sysbios_knl_Queue_remove__E.1)
                  00007904    00000008     (.tramp.ti_sysbios_knl_Task_disable__E.1)
                  0000790c    00000008     (.tramp.xdc_runtime_Assert_raise__I.1)
                  00007914    00000008     (.tramp.ti_sysbios_knl_Clock_stop__E.1)
                  0000791c    00000008     (.tramp.ti_sysbios_knl_Clock_start__E.1)
                  00007924    00000008     (.tramp.ti_sysbios_knl_Clock_setTimeout__E.1)
                  0000792c    00000008     (.tramp.ti_sysbios_BIOS_start__E.1)
                  00007934    00000008     (.tramp.ti_sysbios_knl_Task_create.1)
                  0000793c    00000008     (.tramp.ti_sysbios_knl_Semaphore_construct.1)
                  00007944    00000008     (.tramp.ti_sysbios_knl_Semaphore_Params__init__S.1)
                  0000794c    00000008     (.tramp.ti_sysbios_knl_Queue_construct.1)
                  00007954    00000008     (.tramp.ti_sysbios_knl_Task_Params__init__S.1)
                  0000795c    00000008     (.tramp.xdc_runtime_System_abort__E.1)
                  00007964    00000008     (.tramp.xdc_runtime_System_doPrint__I.1)
                  0000796c    00000008     (.tramp.ti_sysbios_gates_GateMutex_leave__E.1)
                  00007974    00000008     (.tramp.xdc_runtime_Memory_free__E.1)
                  0000797c    00000008     (.tramp.ti_sysbios_knl_Mailbox_create.1)
                  00007984    00000008     (.tramp.xdc_runtime_Memory_alloc__E.1)
                  0000798c    00000008     (.tramp.ti_sysbios_gates_GateMutex_enter__E.1)
                  00007994    00000008     (.tramp.strlen.1)
                  0000799c    00000008     (.tramp.ti_sysbios_BIOS_getThreadType__E.1)
                  000079a4    00000008     (.tramp.ti_sysbios_knl_Swi_restore__E.1)
                  000079ac    00000008     (.tramp.ti_sysbios_family_arm_m3_Hwi_restoreFxn__E.1)
                  000079b4    00000008     (.tramp.ti_sysbios_knl_Semaphore_create.1)
                  000079bc    00000008     (.tramp.ti_sysbios_knl_Semaphore_post__E.1)
                  000079c4    00000008     (.tramp.ti_sysbios_knl_Semaphore_pend__E.1)

.const     0    000079cc    00000e49     
                  000079cc    00000504     rf_multiMode_cc13x2.aem4f : rf_patch_cpe_multi_protocol.c.cc13x2.ccs.o (.const:$O1$$)
                  00007ed0    000003b8     release_pem4f.oem4f (.const:ROM_constStruct)
                  00008288    00000214     release_pem4f.oem4f (.const)
                  0000849c    00000090     rfEasyLinkTx.obj (.const:$P$T0$1)
                  0000852c    00000054     drivers_cc13x2.aem4f : PowerCC26X2.oem4f (.const:resourceDB)
                  00008580    00000048     release_pem4f.oem4f (.const:.string)
                  000085c8    00000048     release_pem4f.oem4f (.const:ROM_externFuncPtrs)
                  00008610    00000028     drivers_cc13x2.aem4f : UARTCC26XX.oem4f (.const:UARTCC26XX_fxnTable)
                  00008638    00000028     ti_drivers_config.obj (.const:uartCC26XXHWAttrs)
                  00008660    00000024     drivers_cc13x2.aem4f : UART.oem4f (.const:UART_defaultParams)
                  00008684    00000024     release_pem4f.oem4f (.const:xdc_runtime_Startup_sfxnTab__A)
                  000086a8    00000020     ti_drivers_config.obj (.const:BoardGpioInitTable)
                  000086c8    00000020     rf_multiMode_cc13x2.aem4f : RFCC26X2_multiMode.c.cc13x2.ccs.o (.const:RF_defaultParams)
                  000086e8    00000016     uartThread.obj (.const:.string:$P$T0$1)
                  000086fe    00000002     release_pem4f.oem4f (.const:xdc_runtime_Main_Module__id__C)
                  00008700    00000014     CC1352P1_LAUNCHXL_fxns.obj (.const:$P$T1$2)
                  00008714    00000014     ti_drivers_config.obj (.const:PowerCC26X2_config)
                  00008728    00000014     drivers_cc13x2.aem4f : UARTCC26XX.oem4f (.const:parityType)
                  0000873c    00000012     release_pem4f.oem4f (.const:xdc_runtime_Startup_sfxnRts__A)
                  0000874e    00000001     ti_drivers_config.obj (.const)
                  0000874f    00000001     ti_easylink_config.obj (.const)
                  00008750    00000010     ti_drivers_config.obj (.const:$P$T0$2)
                  00008760    00000010     EasyLink.obj (.const:EasyLink_defaultParams)
                  00008770    00000010     drivers_cc13x2.aem4f : UARTCC26XX.oem4f (.const:dataLength)
                  00008780    0000000c     ti_drivers_config.obj (.const:RFCC26XX_hwAttrs)
                  0000878c    0000000c     ti_drivers_config.obj (.const:UART_config)
                  00008798    0000000c     release_pem4f.oem4f (.const:xdc_runtime_Startup_firstFxns__A)
                  000087a4    00000008     driverlib.lib : aux_sysif.obj (.const:$O1$$)
                  000087ac    00000008     CC1352P1_LAUNCHXL_fxns.obj (.const:$P$T0$1)
                  000087b4    00000008     ti_drivers_config.obj (.const:PINCC26XX_hwAttrs)
                  000087bc    00000008     rf_multiMode_cc13x2.aem4f : RFCC26X2_multiMode.c.cc13x2.ccs.o (.const:RFCC26XX_schedulerPolicy)
                  000087c4    00000008     drivers_cc13x2.aem4f : UARTCC26XX.oem4f (.const:stopBits)
                  000087cc    00000008     release_pem4f.oem4f (.const:ti_sysbios_family_arm_m3_Hwi_excHookFuncs__A)
                  000087d4    00000008     release_pem4f.oem4f (.const:ti_sysbios_knl_Idle_funcList__A)
                  000087dc    00000006     drivers_cc13x2.aem4f : UARTCC26XX.oem4f (.const:.string:rxFifoBytes)
                  000087e2    00000006                          : UARTCC26XX.oem4f (.const:.string:rxFifoThreshold)
                  000087e8    00000006                          : UARTCC26XX.oem4f (.const:.string:txFifoBytes)
                  000087ee    00000006                          : UARTCC26XX.oem4f (.const:.string:txFifoThreshold)
                  000087f4    00000004     release_pem4f.oem4f (.const:ti_sysbios_family_arm_m3_Hwi_E_exception__C)
                  000087f8    00000004     release_pem4f.oem4f (.const:ti_sysbios_heaps_HeapMem_primaryHeapBaseAddr__C)
                  000087fc    00000004     release_pem4f.oem4f (.const:ti_sysbios_heaps_HeapMem_primaryHeapEndAddr__C)
                  00008800    00000004     release_pem4f.oem4f (.const:ti_sysbios_knl_Clock_tickPeriod__C)
                  00008804    00000004     release_pem4f.oem4f (.const:ti_sysbios_knl_Task_Object__heap__C)
                  00008808    00000004     release_pem4f.oem4f (.const:xdc_runtime_Main_Module__diagsEnabled__C)
                  0000880c    00000004     release_pem4f.oem4f (.const:xdc_runtime_Main_Module__diagsIncluded__C)
                  00008810    00000004     release_pem4f.oem4f (.const:xdc_runtime_Main_Module__diagsMask__C)
                  00008814    00000001     release_pem4f.oem4f (.const:xdc_runtime_Text_charTab__A)

MODULE SUMMARY

       Module                                       code    ro data   rw data
       ------                                       ----    -------   -------
    .\
       rfEasyLinkTx.obj                             452     144       28     
       CC1352P1_LAUNCHXL_fxns.obj                   280     28        0      
       uartThread.obj                               220     22        4      
       main_tirtos.obj                              184     0         4      
    +--+--------------------------------------------+-------+---------+---------+
       Total:                                       1136    194       36     
                                                                             
    .\easylink\
       EasyLink.obj                                 2790    16        715    
    +--+--------------------------------------------+-------+---------+---------+
       Total:                                       2790    16        715    
                                                                             
    .\syscfg\
       ti_drivers_config.obj                        524     141       349    
       ti_radio_config.obj                          0       0         354    
       ti_devices_config.obj                        0       88        0      
       ti_easylink_config.obj                       0       1         36     
    +--+--------------------------------------------+-------+---------+---------+
       Total:                                       524     230       739    
                                                                             
    C:\Users\Baker\OneDrive\Uni\Motorsports\Production_Workspace\Telemetry20\tirtos_builds_CC1352P1_LAUNCHXL_release_ccs\Debug\configPkg\package\cfg\
       release_pem4f.oem4f                          802     1805      1830   
    +--+--------------------------------------------+-------+---------+---------+
       Total:                                       802     1805      1830   
                                                                             
    C:/ti/simplelink_cc13x2_26x2_sdk_3_40_00_02/kernel/tirtos/packages/ti/dpl/lib/dpl_cc13x2.aem4f
       PowerCC26X2_tirtos.oem4f                     240     0         8      
       ClockP_tirtos.oem4f                          130     0         4      
       HwiP_tirtos.oem4f                            126     0         0      
       SwiP_tirtos.oem4f                            92      0         0      
       SemaphoreP_tirtos.oem4f                      70      0         0      
    +--+--------------------------------------------+-------+---------+---------+
       Total:                                       658     0         12     
                                                                             
    C:/ti/simplelink_cc13x2_26x2_sdk_3_40_00_02/source/ti/devices/cc13x2_cc26x2/driverlib/bin/ccs/driverlib.lib
       osc.obj                                      436     0         28     
       sys_ctrl.obj                                 408     0         0      
       setup.obj                                    324     0         0      
       chipinfo.obj                                 226     0         0      
       aux_sysif.obj                                52      8         0      
       cpu.obj                                      30      0         0      
       driverlib_release.obj                        0       0         1      
    +--+--------------------------------------------+-------+---------+---------+
       Total:                                       1476    8         29     
                                                                             
    C:/ti/simplelink_cc13x2_26x2_sdk_3_40_00_02/source/ti/drivers/lib/drivers_cc13x2.aem4f
       UARTCC26XX.oem4f                             2742    108       0      
       PowerCC26X2.oem4f                            2218    84        272    
       PINCC26XX.oem4f                              1394    0         276    
       PowerCC26X2_calibrateRCOSC.oem4f             1400    0         0      
       UART.oem4f                                   176     36        1      
       List.oem4f                                   210     0         0      
       RingBuf.oem4f                                152     0         0      
    +--+--------------------------------------------+-------+---------+---------+
       Total:                                       8292    228       549    
                                                                             
    C:/ti/simplelink_cc13x2_26x2_sdk_3_40_00_02/source/ti/drivers/rf/lib/rf_multiMode_cc13x2.aem4f
       RFCC26X2_multiMode.c.cc13x2.ccs.o            9388    40        1157   
       rf_patch_cpe_multi_protocol.c.cc13x2.ccs.o   164     1284      1      
       rfc.c.cc13x2.ccs.o                           302     0         0      
    +--+--------------------------------------------+-------+---------+---------+
       Total:                                       9854    1324      1158   
                                                                             
    C:\Users\Baker\OneDrive\Uni\Motorsports\Production_Workspace\Telemetry20\tirtos_builds_CC1352P1_LAUNCHXL_release_ccs\src\sysbios\rom_sysbios.aem4f
       rom_sysbios.obj                              2597    0         136    
    +--+--------------------------------------------+-------+---------+---------+
       Total:                                       2597    0         136    
                                                                             
    C:\ti\ccs930\ccs\tools\compiler\ti-cgt-arm_18.12.4.LTS\lib\rtsv7M4_T_le_v4SPD16_eabi.lib
       fd_add_t2.asm.obj                            438     0         0      
       fd_cmp_t2.asm.obj                            268     0         0      
       fd_mul_t2.asm.obj                            252     0         0      
       memcpy_t2.asm.obj                            156     0         0      
       ull_div_t2.asm.obj                           150     0         0      
       memset_t2.asm.obj                            122     0         0      
       ll_div_t2.asm.obj                            110     0         0      
       copy_decompress_lzss.c.obj                   104     0         0      
       cpy_tbl.c.obj                                76      0         0      
       fd_toi_t2.asm.obj                            72      0         0      
       fd_tou_t2.asm.obj                            68      0         0      
       u_divt2.asm.obj                              64      0         0      
       fs_tod_t2.asm.obj                            56      0         0      
       rand.c.obj                                   52      0         4      
       i_tofd_t2.asm.obj                            46      0         0      
       _lock.c.obj                                  26      0         8      
       args_main.c.obj                              24      0         0      
       ll_mul_t2.asm.obj                            24      0         0      
       strcmp.c.obj                                 24      0         0      
       strcpy.c.obj                                 20      0         0      
       copy_decompress_none.c.obj                   14      0         0      
       copy_zero_init.c.obj                         12      0         0      
       stkdepth_vars.c.obj                          0       0         4      
       div0.asm.obj                                 2       0         0      
    +--+--------------------------------------------+-------+---------+---------+
       Total:                                       2180    0         16     
                                                                             
    C:\ti\simplelink_cc13x2_26x2_sdk_3_40_00_02\kernel\tirtos\packages\ti\targets\arm\rtsarm\lib\auto_init.aem4f
       auto_init.oem4f                              160     0         0      
    +--+--------------------------------------------+-------+---------+---------+
       Total:                                       160     0         0      
                                                                             
    C:\ti\simplelink_cc13x2_26x2_sdk_3_40_00_02\kernel\tirtos\packages\ti\targets\arm\rtsarm\lib\boot.aem4f
       boot.oem4f                                   88      0         0      
    +--+--------------------------------------------+-------+---------+---------+
       Total:                                       88      0         0      
                                                                             
       Stack:                                       0       0         1024   
       Linker Generated:                            544     786       0      
    +--+--------------------------------------------+-------+---------+---------+
       Grand Total:                                 31101   4591      6244   


LINKER GENERATED COPY TABLES

__TI_cinit_table @ 00008b08 records: 5, size/record: 8, table size: 40
	.data: load addr=00008818, load size=000002be bytes, run addr=20001d88, run size=0000070a bytes, compression=lzss
	.bss: load addr=00008ae8, load size=00000008 bytes, run addr=20001110, run size=00000c76 bytes, compression=zero_init
	.data:xdcRomConstPtr: load addr=00008af0, load size=00000008 bytes, run addr=20000100, run size=00000004 bytes, compression=lzss
	.data:xdcRomExternFuncPtr: load addr=00008af8, load size=00000008 bytes, run addr=20000104, run size=00000004 bytes, compression=lzss
	.data:xdcRomStatePtr: load addr=00008b00, load size=00000008 bytes, run addr=20000108, run size=00000004 bytes, compression=lzss


LINKER GENERATED HANDLER TABLE

__TI_handler_table @ 00008ad8 records: 3, size/record: 4, table size: 12
	index: 0, handler: __TI_decompress_lzss
	index: 1, handler: __TI_decompress_none
	index: 2, handler: __TI_zero_init


FAR CALL TRAMPOLINES

callee name               trampoline name
   callee addr  tramp addr   call addr  call info
--------------  -----------  ---------  ----------------
ti_sysbios_knl_Swi_destruct  $Tramp$TT$L$PI$$ti_sysbios_knl_Swi_destruct
   1002e8bd     000077ac     0000777c   dpl_cc13x2.aem4f : SwiP_tirtos.oem4f (.text:SwiP_destruct)
ti_sysbios_family_arm_m3_Hwi_enableInterrupt__E  $Tramp$TT$L$PI$$ti_sysbios_family_arm_m3_Hwi_enableInterrupt__E
   1002d91d     000077b4     00007764   dpl_cc13x2.aem4f : HwiP_tirtos.oem4f (.text:HwiP_enableInterrupt)
ti_sysbios_family_arm_m3_Hwi_destruct  $Tramp$TT$L$PI$$ti_sysbios_family_arm_m3_Hwi_destruct
   1002e475     000077bc     0000775c   dpl_cc13x2.aem4f : HwiP_tirtos.oem4f (.text:HwiP_destruct)
ti_sysbios_BIOS_getCpuFreq__E  $Tramp$TT$L$PI$$ti_sysbios_BIOS_getCpuFreq__E
   1002e9fd     000077c4     00007748   dpl_cc13x2.aem4f : ClockP_tirtos.oem4f (.text:ClockP_getCpuFreq)
ti_sysbios_knl_Clock_destruct  $Tramp$TT$L$PI$$ti_sysbios_knl_Clock_destruct
   1002e649     000077cc     00007744   dpl_cc13x2.aem4f : ClockP_tirtos.oem4f (.text:ClockP_destruct)
ti_sysbios_knl_Task_self__E  $Tramp$TT$L$PI$$ti_sysbios_knl_Task_self__E
   1002eaf5     000077d4     000076aa   rom_sysbios.aem4f : rom_sysbios.obj (.text:pthread_self)
                             000076ec   release_pem4f.oem4f (.text:ti_sysbios_rts_ti_ReentSupport_getTlsAddr__I)
ti_sysbios_knl_Clock_logTick__E  $Tramp$TT$L$PI$$ti_sysbios_knl_Clock_logTick__E
   1002dbd7     000077dc     00007536   release_pem4f.oem4f (.text:ti_sysbios_knl_Clock_doTick__I)
ti_sysbios_knl_Swi_post__E  $Tramp$TT$L$PI$$ti_sysbios_knl_Swi_post__E
   1002d891     000077e4     00007378   rom_sysbios.aem4f : rom_sysbios.obj (.text:ti_sysbios_knl_Swi_or__E)
                             0000753e   release_pem4f.oem4f (.text:ti_sysbios_knl_Clock_doTick__I)
ti_sysbios_BIOS_RtsGateProxy_leave__E  $Tramp$TT$L$PI$$ti_sysbios_BIOS_RtsGateProxy_leave__E
   1002ec7b     000077ec     0000735a   release_pem4f.oem4f (.text:ti_sysbios_BIOS_rtsUnlock__I)
ti_sysbios_knl_Swi_construct  $Tramp$TT$L$PI$$ti_sysbios_knl_Swi_construct
   1002d719     000077f4     0000720e   rom_sysbios.aem4f : rom_sysbios.obj (.text:ti_sysbios_knl_Swi_construct2__E)
ti_sysbios_BIOS_RtsGateProxy_enter__E  $Tramp$TT$L$PI$$ti_sysbios_BIOS_RtsGateProxy_enter__E
   1002ec77     000077fc     00007076   release_pem4f.oem4f (.text:ti_sysbios_BIOS_rtsLock__I)
ti_sysbios_family_arm_m3_Hwi_disableFxn__E  $Tramp$TT$L$PI$$ti_sysbios_family_arm_m3_Hwi_disableFxn__E
   1002eb55     00007804     00006f56   dpl_cc13x2.aem4f : HwiP_tirtos.oem4f (.text:HwiP_setFunc)
                             00007760                    : HwiP_tirtos.oem4f (.text:HwiP_disable)
ti_sysbios_knl_Clock_getTicks__E  $Tramp$TT$L$PI$$ti_sysbios_knl_Clock_getTicks__E
   1002dc11     0000780c     00006c20   rom_sysbios.aem4f : rom_sysbios.obj (.text:ti_sysbios_knl_Clock_getTimeout__E)
ti_sysbios_knl_Clock_TimerProxy_getCurrentTick__E  $Tramp$TT$L$PI$$ti_sysbios_knl_Clock_TimerProxy_getCurrentTick__E
   1002eac5     00007814     00006b9e   rom_sysbios.aem4f : rom_sysbios.obj (.text:ti_sysbios_knl_Clock_getTicksUntilInterrupt__E)
ti_sysbios_knl_Task_delete  $Tramp$TT$L$PI$$ti_sysbios_knl_Task_delete
   1002ece7     0000781c     00006b48   rom_sysbios.aem4f : rom_sysbios.obj (.text:_pthread_delete$45)
ti_sysbios_knl_Semaphore_destruct  $Tramp$TT$L$PI$$ti_sysbios_knl_Semaphore_destruct
   1002e6fd     00007824     00006b3c   rom_sysbios.aem4f : rom_sysbios.obj (.text:_pthread_delete$45)
                             00007774   dpl_cc13x2.aem4f : SemaphoreP_tirtos.oem4f (.text:SemaphoreP_destruct)
ti_sysbios_knl_Task_startup__E  $Tramp$TT$L$PI$$ti_sysbios_knl_Task_startup__E
   1002eceb     0000782c     00006a14   release_pem4f.oem4f (.text:ti_sysbios_BIOS_startFunc__I)
ti_sysbios_knl_Swi_startup__E  $Tramp$TT$L$PI$$ti_sysbios_knl_Swi_startup__E
   1002ec6b     00007834     00006a10   release_pem4f.oem4f (.text:ti_sysbios_BIOS_startFunc__I)
ti_sysbios_hal_Hwi_startup__E  $Tramp$TT$L$PI$$ti_sysbios_hal_Hwi_startup__E
   1002ec31     0000783c     00006a0c   release_pem4f.oem4f (.text:ti_sysbios_BIOS_startFunc__I)
ti_sysbios_family_arm_cc26xx_Timer_startup__E  $Tramp$TT$L$PI$$ti_sysbios_family_arm_cc26xx_Timer_startup__E
   1002dcf1     00007844     00006a08   release_pem4f.oem4f (.text:ti_sysbios_BIOS_startFunc__I)
xdc_runtime_System_atexit__E  $Tramp$TT$L$PI$$xdc_runtime_System_atexit__E
   1002f559     0000784c     00006a00   release_pem4f.oem4f (.text:ti_sysbios_BIOS_startFunc__I)
ti_sysbios_BIOS_linkedWithIncorrectBootLibrary__E  $Tramp$TT$L$PI$$ti_sysbios_BIOS_linkedWithIncorrectBootLibrary__E
   1002d01b     00007854     000069fa   release_pem4f.oem4f (.text:ti_sysbios_BIOS_startFunc__I)
xdc_runtime_Startup_rtsDone__E  $Tramp$TT$L$PI$$xdc_runtime_Startup_rtsDone__E
   1002f8e5     0000785c     000069f2   release_pem4f.oem4f (.text:ti_sysbios_BIOS_startFunc__I)
ti_sysbios_knl_Swi_disable__E  $Tramp$TT$L$PI$$ti_sysbios_knl_Swi_disable__E
   1002ea25     00007864     000069c2   release_pem4f.oem4f (.text:ti_sysbios_BIOS_atExitFunc__I)
                             0000716a   dpl_cc13x2.aem4f : PowerCC26X2_tirtos.oem4f (.text:PowerCC26XX_schedulerDisable)
                             00007780                    : SwiP_tirtos.oem4f (.text:SwiP_disable)
ti_sysbios_knl_Mailbox_pend__E  $Tramp$TT$L$PI$$ti_sysbios_knl_Mailbox_pend__E
   1002d581     0000786c     000066cc   rom_sysbios.aem4f : rom_sysbios.obj (.text:mq_receive)
ti_sysbios_family_arm_m3_Hwi_construct  $Tramp$TT$L$PI$$ti_sysbios_family_arm_m3_Hwi_construct
   1002d421     00007874     000065aa   rom_sysbios.aem4f : rom_sysbios.obj (.text:ti_sysbios_family_arm_m3_Hwi_construct2__E)
ti_sysbios_knl_Swi_Params__init__S  $Tramp$TT$L$PI$$ti_sysbios_knl_Swi_Params__init__S
   1002ebf1     0000787c     00006532   dpl_cc13x2.aem4f : SwiP_tirtos.oem4f (.text:SwiP_construct)
ti_sysbios_family_arm_m3_Hwi_Params__init__S  $Tramp$TT$L$PI$$ti_sysbios_family_arm_m3_Hwi_Params__init__S
   1002eb49     00007884     00006440   dpl_cc13x2.aem4f : HwiP_tirtos.oem4f (.text:HwiP_construct)
ti_sysbios_knl_Mailbox_post__E  $Tramp$TT$L$PI$$ti_sysbios_knl_Mailbox_post__E
   1002cf49     0000788c     00005df2   rom_sysbios.aem4f : rom_sysbios.obj (.text:mq_send)
ti_sysbios_knl_Clock_construct  $Tramp$TT$L$PI$$ti_sysbios_knl_Clock_construct
   1002dd8d     00007894     00005d66   dpl_cc13x2.aem4f : ClockP_tirtos.oem4f (.text:ClockP_construct)
ti_sysbios_knl_Clock_Params__init__S  $Tramp$TT$L$PI$$ti_sysbios_knl_Clock_Params__init__S
   1002eb9d     0000789c     00005d4c   dpl_cc13x2.aem4f : ClockP_tirtos.oem4f (.text:ClockP_construct)
xdc_runtime_System_exit__E  $Tramp$TT$L$PI$$xdc_runtime_System_exit__E
   1002f7b1     000078a4     00005c14   boot.aem4f : boot.oem4f (.text)
                             00007414   release_pem4f.oem4f (.text:ti_sysbios_BIOS_exitFunc__I)
ti_sysbios_heaps_HeapMem_restore__E  $Tramp$TT$L$PI$$ti_sysbios_heaps_HeapMem_restore__E
   1002eb13     000078ac     000059fc   rom_sysbios.aem4f : rom_sysbios.obj (.text:ti_sysbios_heaps_HeapMem_initPrimary__I)
[...]
1002ebb5  ti_sysbios_knl_Event_Params__init__S                                  
1002ebc1  ti_sysbios_knl_Mailbox_Params__init__S                                
1002ebcd  ti_sysbios_knl_Queue_dequeue__E                                       
1002ebd9  ti_sysbios_knl_Queue_enqueue__E                                       
1002ebe5  ti_sysbios_knl_Semaphore_Params__init__S                              
1002ebf1  ti_sysbios_knl_Swi_Params__init__S                                    
1002ebfd  ti_sysbios_knl_Swi_self__E                                            
1002ec09  ti_sysbios_knl_Task_Params__init__S                                   
1002ec15  ti_sysbios_hal_Hwi_Instance_finalize__E                               
1002ec1f  ti_sysbios_knl_Event_Instance_init__E                                 
1002ec29  ti_sysbios_family_arm_m3_Hwi_doSwiRestore__I                          
1002ec31  ti_sysbios_family_arm_m3_Hwi_startup__E                               
1002ec31  ti_sysbios_hal_Hwi_HwiProxy_startup__E                                
1002ec31  ti_sysbios_hal_Hwi_HwiProxy_startup__E                                
1002ec31  ti_sysbios_hal_Hwi_startup__E                                         
1002ec31  ti_sysbios_hal_Hwi_startup__E                                         
1002ec39  ti_sysbios_knl_Idle_loop__E                                           
1002ec41  ti_sysbios_family_arm_m3_Hwi_doTaskRestore__I                         
1002ec47  HwiP_restore                                                          
1002ec47  ti_sysbios_family_arm_m3_Hwi_restoreFxn__E                            
1002ec4d  ti_sysbios_gates_GateHwi_leave__E                                     
1002ec53  ti_sysbios_gates_GateMutex_Instance_finalize__E                       
1002ec59  ti_sysbios_heaps_HeapMem_isBlocking__E                                
1002ec5f  ti_sysbios_knl_Queue_Instance_init__E                                 
1002ec65  ti_sysbios_knl_Queue_elemClear__E                                     
1002ec6b  ti_sysbios_knl_Swi_startup__E                                         
1002ec71  ti_sysbios_knl_Task_enable__E                                         
1002ec77  ti_sysbios_BIOS_RtsGateProxy_enter__E                                 
1002ec7b  ti_sysbios_BIOS_RtsGateProxy_leave__E                                 
1002ec7f  ti_sysbios_family_arm_cc26xx_Timer_getExpiredTicks__E                 
1002ec83  ti_sysbios_family_arm_cc26xx_Timer_getPeriod__E                       
1002ec87  ti_sysbios_family_arm_cc26xx_Timer_setPeriod__E                       
1002ec8b  ti_sysbios_family_arm_m3_Hwi_delete                                   
1002ec8f  ti_sysbios_family_arm_m3_TaskSupport_Module__startupDone__S           
1002ec8f  ti_sysbios_knl_Task_SupportProxy_Module__startupDone__S               
1002ec93  ti_sysbios_gates_GateHwi_query__E                                     
1002ec93  xdc_runtime_Main_Module_GateProxy_query__E                            
1002ec93  xdc_runtime_System_Module_GateProxy_query__E                          
1002ec93  xdc_runtime_System_Module_GateProxy_query__E                          
1002ec97  ti_sysbios_gates_GateMutex_delete                                     
1002ec9b  ti_sysbios_BIOS_RtsGateProxy_query__E                                 
1002ec9b  ti_sysbios_BIOS_RtsGateProxy_query__E                                 
1002ec9b  ti_sysbios_gates_GateMutex_query__E                                   
1002ec9b  ti_sysbios_heaps_HeapMem_Module_GateProxy_query__E                    
1002ec9b  ti_sysbios_heaps_HeapMem_Module_GateProxy_query__E                    
1002ec9f  ti_sysbios_hal_Hwi_HwiProxy_create                                    
1002eca3  ti_sysbios_hal_Hwi_HwiProxy_delete                                    
1002eca7  ti_sysbios_hal_Hwi_delete                                             
1002ecab  ti_sysbios_heaps_HeapMem_Module_GateProxy_enter__E                    
1002ecaf  ti_sysbios_heaps_HeapMem_Module_GateProxy_leave__E                    
1002ecb3  ti_sysbios_knl_Clock_TimerProxy_getExpiredTicks__E                    
1002ecb7  ti_sysbios_knl_Clock_TimerProxy_getPeriod__E                          
1002ecbb  ti_sysbios_knl_Clock_delete                                           
1002ecbf  ti_sysbios_knl_Clock_removeI__E                                       
1002ecc3  ti_sysbios_knl_Clock_setTimeout__E                                    
1002ecc7  ti_sysbios_knl_Event_delete                                           
1002eccb  ti_sysbios_knl_Mailbox_delete                                         
1002eccf  ti_sysbios_knl_Queue_delete                                           
1002ecd3  ti_sysbios_knl_Queue_head__E                                          
1002ecd7  ti_sysbios_knl_Queue_next__E                                          
1002ecdb  ti_sysbios_knl_Semaphore_delete                                       
1002ecdf  ti_sysbios_knl_Swi_delete                                             
1002ece3  ti_sysbios_knl_Swi_postInit__I                                        
1002ece7  ti_sysbios_knl_Task_delete                                            
1002eceb  ti_sysbios_knl_Task_startup__E                                        
1002ecf1  xdc_runtime_System_doPrint__I                                         
1002f055  xdc_runtime_Startup_startMods__I                                      
1002f15d  xdc_runtime_Text_putSite__E                                           
1002f1f7  xdc_runtime_Error_policySpin__E                                       
1002f1f9  xdc_runtime_Text_putMod__E                                            
1002f289  xdc_runtime_Memory_alloc__E                                           
1002f2f9  xdc_runtime_Core_createObject__I                                      
1002f367  xdc_runtime_Core_deleteObject__I                                      
1002f3c5  xdc_runtime_Text_putLab__E                                            
1002f421  xdc_runtime_Assert_raise__I                                           
1002f475  xdc_runtime_Startup_exec__E                                           
1002f4c9  xdc_runtime_Core_assignParams__I                                      
1002f511  xdc_runtime_Core_constructObject__I                                   
1002f559  xdc_runtime_System_atexit__E                                          
1002f5a1  xdc_runtime_Text_xprintf__I                                           
1002f5e5  xdc_runtime_System_processAtExit__E                                   
1002f625  xdc_runtime_System_putchar__I                                         
1002f659  xdc_runtime_Core_assignLabel__I                                       
1002f689  xdc_runtime_Text_printVisFxn__I                                       
1002f6b9  xdc_runtime_System_vprintf__E                                         
1002f6e5  xdc_runtime_Text_cordText__E                                          
1002f711  xdc_runtime_System_abort__E                                           
1002f739  xdc_runtime_Error_raiseX__E                                           
1002f759  xdc_runtime_Registry_findById__E                                      
1002f779  xdc_runtime_Error_check__E                                            
1002f795  xdc_runtime_Memory_valloc__E                                          
1002f7b1  xdc_runtime_System_exit__E                                            
1002f7cd  xdc_runtime_Text_ropeText__E                                          
1002f7e9  xdc_runtime_System_printf__E                                          
1002f803  xdc_runtime_Core_destructObject__I                                    
1002f81b  xdc_runtime_System_abortSpin__E                                       
1002f81d  xdc_runtime_Memory_free__E                                            
1002f831  xdc_runtime_Memory_getStats__E                                        
1002f845  xdc_runtime_SysCallback_abort__E                                      
1002f845  xdc_runtime_System_SupportProxy_abort__E                              
1002f859  xdc_runtime_SysCallback_exit__E                                       
1002f859  xdc_runtime_System_SupportProxy_exit__E                               
1002f86d  xdc_runtime_SysCallback_flush__E                                      
1002f86d  xdc_runtime_System_SupportProxy_flush__E                              
1002f86d  xdc_runtime_System_flush__E                                           
1002f881  xdc_runtime_SysCallback_putch__E                                      
1002f881  xdc_runtime_System_SupportProxy_putch__E                              
1002f895  xdc_runtime_SysCallback_ready__E                                      
1002f895  xdc_runtime_System_SupportProxy_ready__E                              
1002f8a9  xdc_runtime_Memory_getMaxDefaultTypeAlign__E                          
1002f8b9  xdc_runtime_System_vsnprintf__E                                       
1002f8c9  xdc_runtime_Timestamp_SupportProxy_get32__E                           
1002f8c9  xdc_runtime_Timestamp_SupportProxy_get32__E                           
1002f8c9  xdc_runtime_Timestamp_get32__E                                        
1002f8c9  xdc_runtime_Timestamp_get32__E                                        
1002f8d9  xdc_runtime_Memory_calloc__E                                          
1002f8e5  xdc_runtime_Startup_rtsDone__E                                        
1002f8f1  xdc_runtime_Memory_HeapProxy_alloc__E                                 
1002f8fb  xdc_runtime_Memory_HeapProxy_free__E                                  
1002f905  xdc_runtime_Memory_HeapProxy_getStats__E                              
1002f90f  xdc_runtime_Gate_leaveSystem__E                                       
1002f915  xdc_runtime_System_Module_startup__E                                  
1002f91b  xdc_runtime_Gate_enterSystem__E                                       
1002f91f  xdc_runtime_SysCallback_Module__startupDone__S                        
1002f91f  xdc_runtime_System_SupportProxy_Module__startupDone__S                
1002f923  xdc_runtime_System_Module_GateProxy_enter__E                          
1002f927  xdc_runtime_System_Module_GateProxy_leave__E                          
1002f92b  xdc_runtime_System_printf_va__F                                       
1002f92f  xdc_runtime_System_exitSpin__E                                        
1002f931  ti_sysbios_family_arm_m3_Hwi_dispatch__I                              
1002fa11  ti_sysbios_family_arm_m3_Hwi_interruptsAreDisabledButShouldNotBe      
1002fa2d  ti_sysbios_family_arm_m3_TaskSupport_buildTaskStack                   
1002fab9  ti_sysbios_family_arm_m3_Hwi_initStacks__E                            
1002fb11  ti_sysbios_family_arm_m3_Hwi_pendSV__I                                
1002fb35  ti_sysbios_family_arm_m3_Hwi_return                                   
1002fb39  ti_sysbios_family_arm_m3_Hwi_excHandlerAsm__I                         
1002fb59  ti_sysbios_family_xxx_Hwi_switchAndRunFunc                            
1002fb77  ti_sysbios_family_arm_m3_TaskSupport_swap__E                          
1002fb77  ti_sysbios_knl_Task_SupportProxy_swap__E                              
1002fb77  ti_sysbios_knl_Task_SupportProxy_swap__E                              
1002fb83  ti_sysbios_knl_Task_swapReturn                                        
1002fb8f  ti_sysbios_family_arm_m3_TaskSupport_glue                             
1002fba0  ti_sysbios_knl_Task_Object__PARAMS__C                                 
1002fbdc  ti_sysbios_knl_Mailbox_Object__PARAMS__C                              
1002fc10  ti_sysbios_family_arm_m3_Hwi_Object__PARAMS__C                        
1002fc40  ti_sysbios_hal_Hwi_Object__PARAMS__C                                  
1002fc6c  ti_sysbios_knl_Swi_Object__PARAMS__C                                  
1002fc94  ti_sysbios_heaps_HeapMem_Object__PARAMS__C                            
1002fcb8  ti_sysbios_knl_Clock_Object__PARAMS__C                                
1002fcdc  ti_sysbios_knl_Semaphore_Object__PARAMS__C                            
1002fd00  ti_sysbios_gates_GateHwi_Object__PARAMS__C                            
1002fd18  ti_sysbios_gates_GateMutex_Object__PARAMS__C                          
1002fd30  ti_sysbios_knl_Event_Object__PARAMS__C                                
1002fd48  ti_sysbios_knl_Queue_Object__PARAMS__C                                
1002fd80  ti_sysbios_heaps_HeapTrack_Object__PARAMS__C                          
1002fd9c  ti_sysbios_heaps_HeapTrack_Instance_State_trackQueue__O               
1002fda0  ti_sysbios_heaps_HeapTrack_Module__diagsEnabled__C                    
1002fda4  ti_sysbios_heaps_HeapTrack_Module__diagsIncluded__C                   
1002fda8  ti_sysbios_heaps_HeapTrack_Module__diagsMask__C                       
1002fddb  strlen                                                                
20000000  ti_sysbios_family_arm_m3_Hwi_ramVectors                               
20000100  xdcRomConstPtr                                                        
20000104  xdcRomExternFuncPtr                                                   
20000108  xdcRomStatePtr                                                        
20000110  __primary_heap_start__                                                
20001110  __primary_heap_end__                                                  
20001580  ti_sysbios_knl_Task_Instance_State_0_stack__A                         
20001780  uartCC26XXObjects                                                     
200018ac  ti_sysbios_family_arm_m3_Hwi_dispatchTable                            
20001abc  pinHandleTable                                                        
20001d70  ClockP_tickPeriod                                                     
20001d74  MQ_UartOUT_RfIN                                                       
20001d78  PowerCC26XX_swiKey                                                    
20001d7c  PowerCC26XX_taskKey                                                   
20001d80  uart                                                                  
20001d85  driverlib_release_0_55938                                             
20001d88  PowerCC26X2_module                                                    
20001e98  ROM_stateStruct                                                       
20001e98  ti_sysbios_knl_Clock_Module__state__V                                 
20001ec4  ti_sysbios_family_arm_cc26xx_TimestampProvider_Module__state__V       
20001ec8  xdc_runtime_Startup_Module__state__V                                  
20001ed0  xdc_runtime_Registry_Module__state__V                                 
20001ed8  ti_sysbios_BIOS_Module__state__V                                      
20001efc  ti_sysbios_knl_Swi_Module__state__V                                   
20001f18  ti_sysbios_knl_Task_Module__state__V                                  
20001f5c  xdc_runtime_Memory_Module__state__V                                   
20001f60  xdc_runtime_System_Module__state__V                                   
20001f68  ti_sysbios_family_arm_m3_Hwi_Module__state__V                         
20001f9c  ti_sysbios_family_arm_cc26xx_Timer_Module__state__V                   
2000202c  txPowerTable                                                          
200020ae  ti_sysbios_family_arm_m3_Hwi_Module_State_0_excActive__A              
200020b0  ti_sysbios_gates_GateMutex_Object__table__V                           
20002104  ti_sysbios_knl_Task_Object__table__V                                  
20002150  ti_sysbios_family_arm_cc26xx_Timer_Object__table__V                   
200021d8  RF_cmdPropRadioDivSetup                                               
20002208  RF_cmdPropRxAdv                                                       
20002238  ti_sysbios_knl_Swi_Module_State_0_readyQ__A                           
20002268  ti_sysbios_knl_Swi_Object__table__V                                   
20002298  ti_sysbios_knl_Task_Module_State_0_readyQ__A                          
200022c8  EasyLink_supportedPhys                                                
200022ec  ti_sysbios_knl_Clock_Object__table__V                                 
2000230c  xdc_runtime_Error_IgnoreBlock                                         
20002348  RF_cmdFs                                                              
20002360  RF_cmdPropTx                                                          
20002378  pOverrides                                                            
20002390  ti_sysbios_family_arm_m3_Hwi_Object__table__V                         
200023a8  ti_sysbios_heaps_HeapMem_Object__table__V                             
200023c0  pOverridesTx20                                                        
200023d4  pOverridesTxStd                                                       
200023e8  RF_prop                                                               
200023f8  pinTable                                                              
20002404  _lock                                                                 
20002408  _unlock                                                               
2000240c  pinUpperBound                                                         
20002410  pinLowerBound                                                         
20002414  ti_sysbios_family_arm_m3_Hwi_Module__root__V                          
2000241c  ti_sysbios_gates_GateHwi_Module__root__V                              
20002424  ti_sysbios_gates_GateMutex_Module__root__V                            
2000242c  ti_sysbios_hal_Hwi_Module__root__V                                    
20002434  ti_sysbios_heaps_HeapMem_Module__root__V                              
2000243c  ti_sysbios_knl_Clock_Module__root__V                                  
20002444  ti_sysbios_knl_Event_Module__root__V                                  
2000244c  ti_sysbios_knl_Mailbox_Module__root__V                                
20002454  ti_sysbios_knl_Queue_Module__root__V                                  
2000245c  ti_sysbios_knl_Semaphore_Module__root__V                              
20002464  ti_sysbios_knl_Swi_Module__root__V                                    
2000246c  ti_sysbios_knl_Task_Module__root__V                                   
20002474  xdc_runtime_System_Module_State_0_atexitHandlers__A                   
20002480  main_func_sp                                                          
20002484  ti_sysbios_family_arm_m3_Hwi_Module_State_0_excContext__A             
20002488  ti_sysbios_family_arm_m3_Hwi_Module_State_0_excStack__A               
2000248c  ti_sysbios_knl_Task_Module_State_0_idleTask__A                        
20013c00  __stack                                                               
20014000  __STACK_END                                                           
e000e000  ti_sysbios_family_arm_m3_Hwi_nvic                                     
ffffffff  __TI_pprof_out_hndl                                                   
ffffffff  __TI_prof_data_size                                                   
ffffffff  __TI_prof_data_start                                                  
ffffffff  __binit__                                                             
ffffffff  __c_args__                                                            
ffffffff  binit                                                                 
UNDEFED   SHT$$INIT_ARRAY$$Base                                                 
UNDEFED   SHT$$INIT_ARRAY$$Limit                                                

[1035 symbols]
